[2025-10-02 14:23:50,150][anemoi.training.train.train][INFO] - Skipping config validation.
[2025-10-02 14:23:50,150][anemoi.training.train.train][INFO] - Skipping config validation.
[2025-10-02 14:23:50,150][anemoi.training.train.train][INFO] - Skipping config validation.
[2025-10-02 14:23:50,150][anemoi.training.train.train][INFO] - Skipping config validation.
[2025-10-02 14:23:50,152][anemoi.training.train.train][INFO] - Starting from checkpoint: False
[2025-10-02 14:23:50,152][anemoi.training.train.train][INFO] - Starting from checkpoint: False
[2025-10-02 14:23:50,152][anemoi.training.train.train][INFO] - Starting from checkpoint: False
[2025-10-02 14:23:50,152][anemoi.training.train.train][INFO] - Starting from checkpoint: False
[2025-10-02 14:23:50,152][anemoi.training.train.train][INFO] - Run id: None
[2025-10-02 14:23:50,152][anemoi.training.train.train][INFO] - Run id: None
[2025-10-02 14:23:50,152][anemoi.training.train.train][INFO] - Run id: None
[2025-10-02 14:23:52,130][anemoi.training.diagnostics.logger][INFO] - Maximum number of params allowed to be logged is: 2000
[2025-10-02 14:23:52,130][anemoi.training.diagnostics.logger][INFO] - Maximum number of params allowed to be logged is: 2000
[2025-10-02 14:23:52,130][anemoi.training.diagnostics.logger][INFO] - Maximum number of params allowed to be logged is: 2000
[2025-10-02 14:23:52,130][anemoi.training.diagnostics.logger][INFO] - Maximum number of params allowed to be logged is: 2000
[2025-10-02 14:23:52,134][anemoi.training.diagnostics.mlflow.logger][INFO] - MLflow is logging offline.
[2025-10-02 14:23:52,175][anemoi.training.train.train][INFO] - Parent run server2server: None
[2025-10-02 14:23:52,175][anemoi.training.train.train][INFO] - Fork run server2server: None
[2025-10-02 14:23:52,175][anemoi.training.train.train][INFO] - Checkpoints path: /scratch/momc/checkpoint
[2025-10-02 14:23:52,175][anemoi.training.train.train][INFO] - Parent run server2server: None
[2025-10-02 14:23:52,175][anemoi.training.train.train][INFO] - Plots path: /scratch/momc/plots
[2025-10-02 14:23:52,175][anemoi.training.train.train][INFO] - Fork run server2server: None
[2025-10-02 14:23:52,176][anemoi.training.train.train][INFO] - Checkpoints path: /scratch/momc/checkpoint
[2025-10-02 14:23:52,176][anemoi.training.train.train][INFO] - Plots path: /scratch/momc/plots
[2025-10-02 14:23:52,183][anemoi.training.train.train][INFO] - Parent run server2server: None
[2025-10-02 14:23:52,183][anemoi.training.train.train][INFO] - Fork run server2server: None
[2025-10-02 14:23:52,183][anemoi.training.train.train][INFO] - Checkpoints path: /scratch/momc/checkpoint
[2025-10-02 14:23:52,183][anemoi.training.train.train][INFO] - Plots path: /scratch/momc/plots
[2025-10-02 14:23:52,378][anemoi.training.diagnostics.mlflow.logger][INFO] - Logging 1 parameters
[2025-10-02 14:23:52,388][anemoi.training.diagnostics.mlflow.logger][INFO] - Terminal Log Path: /scratch/momc/plots/bee64e12bcf34722a14ec9c3510b4399/plots/terminal_log.txt
[2025-10-02 14:23:52,388][anemoi.training.diagnostics.mlflow.logger][INFO] - SLURM job id: 35269656
[2025-10-02 14:23:52,388][anemoi.training.train.train][INFO] - Mlflow Run id: bee64e12bcf34722a14ec9c3510b4399
[2025-10-02 14:23:52,388][anemoi.training.train.train][INFO] - Run id: bee64e12bcf34722a14ec9c3510b4399
[2025-10-02 14:23:52,388][anemoi.training.train.train][INFO] - Parent run server2server: None
[2025-10-02 14:23:52,388][anemoi.training.train.train][INFO] - Fork run server2server: None
[2025-10-02 14:23:52,389][anemoi.training.train.train][INFO] - Checkpoints path: /scratch/momc/checkpoint/bee64e12bcf34722a14ec9c3510b4399
[2025-10-02 14:23:52,389][anemoi.training.train.train][INFO] - Plots path: /scratch/momc/plots/bee64e12bcf34722a14ec9c3510b4399
[2025-10-02 14:23:52,389][anemoi.training.train.train][INFO] - Dry run: False
[2025-10-02 14:23:53,229][anemoi.graphs.nodes.builders.from_file][INFO] - Reading the dataset from /home/mlx/ai-ml/datasets//aifs-ea-an-oper-0001-mars-o48-1979-2022-6h-v6.zarr.
[2025-10-02 14:23:53,229][anemoi.graphs.nodes.builders.from_file][INFO] - Reading the dataset from /home/mlx/ai-ml/datasets//aifs-ea-an-oper-0001-mars-o48-1979-2022-6h-v6.zarr.
[2025-10-02 14:23:53,229][anemoi.graphs.nodes.builders.from_file][INFO] - Reading the dataset from /home/mlx/ai-ml/datasets//aifs-ea-an-oper-0001-mars-o48-1979-2022-6h-v6.zarr.
[2025-10-02 14:23:53,229][anemoi.graphs.nodes.builders.from_file][INFO] - Reading the dataset from /home/mlx/ai-ml/datasets//aifs-ea-an-oper-0001-mars-o48-1979-2022-6h-v6.zarr.
[2025-10-02 14:23:54,029][anemoi.graphs.edges.builders.cutoff][INFO] - Using CutOff-Edges (with radius = 208.3 km) between data and hidden.
[2025-10-02 14:23:54,029][anemoi.graphs.edges.builders.cutoff][INFO] - Using CutOff-Edges (with radius = 208.3 km) between data and hidden.
[2025-10-02 14:23:54,029][anemoi.graphs.edges.builders.cutoff][INFO] - Using CutOff-Edges (with radius = 208.3 km) between data and hidden.
[2025-10-02 14:23:54,029][anemoi.graphs.edges.builders.cutoff][INFO] - Using CutOff-Edges (with radius = 208.3 km) between data and hidden.
[2025-10-02 14:23:54,061][anemoi.graphs.edges.builders.base][WARNING] - The 'torch-cluster' library is not installed. Installing 'torch-cluster' can significantly improve performance for graph creation. You can install it using 'pip install torch-cluster'.
[2025-10-02 14:23:54,061][anemoi.graphs.edges.builders.base][WARNING] - The 'torch-cluster' library is not installed. Installing 'torch-cluster' can significantly improve performance for graph creation. You can install it using 'pip install torch-cluster'.
[2025-10-02 14:23:54,062][anemoi.graphs.edges.builders.base][WARNING] - The 'torch-cluster' library is not installed. Installing 'torch-cluster' can significantly improve performance for graph creation. You can install it using 'pip install torch-cluster'.
[2025-10-02 14:23:54,062][anemoi.graphs.edges.builders.base][WARNING] - The 'torch-cluster' library is not installed. Installing 'torch-cluster' can significantly improve performance for graph creation. You can install it using 'pip install torch-cluster'.
[2025-10-02 14:23:54,400][anemoi.graphs.edges.builders.knn][INFO] - Using KNN-Edges (with 3 nearest neighbours) between hidden and data.
[2025-10-02 14:23:54,400][anemoi.graphs.edges.builders.knn][INFO] - Using KNN-Edges (with 3 nearest neighbours) between hidden and data.
[2025-10-02 14:23:54,400][anemoi.graphs.edges.builders.base][WARNING] - The 'torch-cluster' library is not installed. Installing 'torch-cluster' can significantly improve performance for graph creation. You can install it using 'pip install torch-cluster'.
[2025-10-02 14:23:54,401][anemoi.graphs.edges.builders.base][WARNING] - The 'torch-cluster' library is not installed. Installing 'torch-cluster' can significantly improve performance for graph creation. You can install it using 'pip install torch-cluster'.
[2025-10-02 14:23:54,409][anemoi.graphs.edges.builders.knn][INFO] - Using KNN-Edges (with 3 nearest neighbours) between hidden and data.
[2025-10-02 14:23:54,410][anemoi.graphs.edges.builders.base][WARNING] - The 'torch-cluster' library is not installed. Installing 'torch-cluster' can significantly improve performance for graph creation. You can install it using 'pip install torch-cluster'.
[2025-10-02 14:23:54,421][anemoi.graphs.create][INFO] - Cleaning graph.
[2025-10-02 14:23:54,421][anemoi.graphs.create][INFO] - _grid_reference_distance deleted from graph.
[2025-10-02 14:23:54,421][anemoi.graphs.create][INFO] - _dataset deleted from graph.
[2025-10-02 14:23:54,421][anemoi.graphs.create][INFO] - _grid_reference_distance deleted from graph.
[2025-10-02 14:23:54,430][anemoi.graphs.create][INFO] - Cleaning graph.
[2025-10-02 14:23:54,430][anemoi.graphs.create][INFO] - _grid_reference_distance deleted from graph.
[2025-10-02 14:23:54,430][anemoi.graphs.create][INFO] - Graph saved at /scratch/momc/graphs/graph_o32.pt.
[2025-10-02 14:23:54,430][anemoi.graphs.create][INFO] - _dataset deleted from graph.
[2025-10-02 14:23:54,430][anemoi.graphs.create][INFO] - _grid_reference_distance deleted from graph.
[2025-10-02 14:23:54,436][anemoi.graphs.create][INFO] - Graph saved at /scratch/momc/graphs/graph_o32.pt.
[2025-10-02 14:23:54,440][anemoi.graphs.create][INFO] - Cleaning graph.
[2025-10-02 14:23:54,440][anemoi.graphs.create][INFO] - _grid_reference_distance deleted from graph.
[2025-10-02 14:23:54,440][anemoi.graphs.create][INFO] - _dataset deleted from graph.
[2025-10-02 14:23:54,440][anemoi.graphs.create][INFO] - _grid_reference_distance deleted from graph.
[2025-10-02 14:23:54,447][anemoi.graphs.create][INFO] - Graph saved at /scratch/momc/graphs/graph_o32.pt.
[2025-10-02 14:23:54,562][anemoi.graphs.edges.builders.knn][INFO] - Using KNN-Edges (with 3 nearest neighbours) between hidden and data.
[2025-10-02 14:23:54,563][anemoi.graphs.edges.builders.base][WARNING] - The 'torch-cluster' library is not installed. Installing 'torch-cluster' can significantly improve performance for graph creation. You can install it using 'pip install torch-cluster'.
[2025-10-02 14:23:54,583][anemoi.graphs.create][INFO] - Cleaning graph.
[2025-10-02 14:23:54,583][anemoi.graphs.create][INFO] - _grid_reference_distance deleted from graph.
[2025-10-02 14:23:54,583][anemoi.graphs.create][INFO] - _dataset deleted from graph.
[2025-10-02 14:23:54,583][anemoi.graphs.create][INFO] - _grid_reference_distance deleted from graph.
[2025-10-02 14:23:54,590][anemoi.graphs.create][INFO] - Graph saved at /scratch/momc/graphs/graph_o32.pt.
[2025-10-02 14:23:54,951][anemoi.training.data.datamodule.singledatamodule][WARNING] - Falling back rollout to: 1
[2025-10-02 14:23:54,952][anemoi.training.data.datamodule.singledatamodule][INFO] - Timeincrement set to 1 for data with frequency, 21600, and timestep, 21600
[2025-10-02 14:23:54,952][anemoi.training.data.datamodule.singledatamodule][WARNING] - Falling back rollout to: 1
[2025-10-02 14:23:54,953][anemoi.training.data.datamodule.singledatamodule][INFO] - Timeincrement set to 1 for data with frequency, 21600, and timestep, 21600
[2025-10-02 14:23:54,954][anemoi.training.train.train][INFO] - Number of data variables: 101
[2025-10-02 14:23:54,954][anemoi.training.train.train][INFO] - Variables: ['q_50', 'q_100', 'q_150', 'q_200', 'q_250', 'q_300', 'q_400', 'q_500', 'q_600', 'q_700', 'q_850', 'q_925', 'q_1000', 't_50', 't_100', 't_150', 't_200', 't_250', 't_300', 't_400', 't_500', 't_600', 't_700', 't_850', 't_925', 't_1000', 'u_50', 'u_100', 'u_150', 'u_200', 'u_250', 'u_300', 'u_400', 'u_500', 'u_600', 'u_700', 'u_850', 'u_925', 'u_1000', 'v_50', 'v_100', 'v_150', 'v_200', 'v_250', 'v_300', 'v_400', 'v_500', 'v_600', 'v_700', 'v_850', 'v_925', 'v_1000', 'w_50', 'w_100', 'w_150', 'w_200', 'w_250', 'w_300', 'w_400', 'w_500', 'w_600', 'w_700', 'w_850', 'w_925', 'w_1000', 'z_50', 'z_100', 'z_150', 'z_200', 'z_250', 'z_300', 'z_400', 'z_500', 'z_600', 'z_700', 'z_850', 'z_925', 'z_1000', '10u', '10v', '2d', '2t', 'lsm', 'msl', 'sdor', 'skt', 'slor', 'sp', 'tcw', 'z', 'cp', 'tp', 'cos_latitude', 'cos_longitude', 'sin_latitude', 'sin_longitude', 'cos_julian_day', 'cos_local_time', 'sin_julian_day', 'sin_local_time', 'insolation']
[2025-10-02 14:23:54,954][anemoi.training.train.train][INFO] - Total number of prognostic variables: 88
[2025-10-02 14:23:54,954][anemoi.training.train.train][INFO] - Total number of auxiliary variables: 13
[2025-10-02 14:23:54,954][anemoi.training.train.train][INFO] - Total GPU count / model group size: 4 - NB: the learning rate will be scaled by this factor!
[2025-10-02 14:23:54,954][anemoi.training.train.train][INFO] - Effective learning rate: 4.000e-03
[2025-10-02 14:23:54,955][anemoi.training.train.train][INFO] - Number of data variables: 101
[2025-10-02 14:23:54,955][anemoi.training.train.train][INFO] - Variables: ['q_50', 'q_100', 'q_150', 'q_200', 'q_250', 'q_300', 'q_400', 'q_500', 'q_600', 'q_700', 'q_850', 'q_925', 'q_1000', 't_50', 't_100', 't_150', 't_200', 't_250', 't_300', 't_400', 't_500', 't_600', 't_700', 't_850', 't_925', 't_1000', 'u_50', 'u_100', 'u_150', 'u_200', 'u_250', 'u_300', 'u_400', 'u_500', 'u_600', 'u_700', 'u_850', 'u_925', 'u_1000', 'v_50', 'v_100', 'v_150', 'v_200', 'v_250', 'v_300', 'v_400', 'v_500', 'v_600', 'v_700', 'v_850', 'v_925', 'v_1000', 'w_50', 'w_100', 'w_150', 'w_200', 'w_250', 'w_300', 'w_400', 'w_500', 'w_600', 'w_700', 'w_850', 'w_925', 'w_1000', 'z_50', 'z_100', 'z_150', 'z_200', 'z_250', 'z_300', 'z_400', 'z_500', 'z_600', 'z_700', 'z_850', 'z_925', 'z_1000', '10u', '10v', '2d', '2t', 'lsm', 'msl', 'sdor', 'skt', 'slor', 'sp', 'tcw', 'z', 'cp', 'tp', 'cos_latitude', 'cos_longitude', 'sin_latitude', 'sin_longitude', 'cos_julian_day', 'cos_local_time', 'sin_julian_day', 'sin_local_time', 'insolation']
[2025-10-02 14:23:54,955][anemoi.training.train.train][INFO] - Total number of prognostic variables: 88
[2025-10-02 14:23:54,955][anemoi.training.train.train][INFO] - Total number of auxiliary variables: 13
[2025-10-02 14:23:54,955][anemoi.training.train.train][INFO] - Total GPU count / model group size: 4 - NB: the learning rate will be scaled by this factor!
[2025-10-02 14:23:54,955][anemoi.training.train.train][INFO] - Effective learning rate: 4.000e-03
[2025-10-02 14:23:54,965][anemoi.training.data.datamodule.singledatamodule][WARNING] - Falling back rollout to: 1
[2025-10-02 14:23:54,965][anemoi.training.data.datamodule.singledatamodule][INFO] - Timeincrement set to 1 for data with frequency, 21600, and timestep, 21600
[2025-10-02 14:23:54,968][anemoi.training.train.train][INFO] - Number of data variables: 101
[2025-10-02 14:23:54,968][anemoi.training.train.train][INFO] - Variables: ['q_50', 'q_100', 'q_150', 'q_200', 'q_250', 'q_300', 'q_400', 'q_500', 'q_600', 'q_700', 'q_850', 'q_925', 'q_1000', 't_50', 't_100', 't_150', 't_200', 't_250', 't_300', 't_400', 't_500', 't_600', 't_700', 't_850', 't_925', 't_1000', 'u_50', 'u_100', 'u_150', 'u_200', 'u_250', 'u_300', 'u_400', 'u_500', 'u_600', 'u_700', 'u_850', 'u_925', 'u_1000', 'v_50', 'v_100', 'v_150', 'v_200', 'v_250', 'v_300', 'v_400', 'v_500', 'v_600', 'v_700', 'v_850', 'v_925', 'v_1000', 'w_50', 'w_100', 'w_150', 'w_200', 'w_250', 'w_300', 'w_400', 'w_500', 'w_600', 'w_700', 'w_850', 'w_925', 'w_1000', 'z_50', 'z_100', 'z_150', 'z_200', 'z_250', 'z_300', 'z_400', 'z_500', 'z_600', 'z_700', 'z_850', 'z_925', 'z_1000', '10u', '10v', '2d', '2t', 'lsm', 'msl', 'sdor', 'skt', 'slor', 'sp', 'tcw', 'z', 'cp', 'tp', 'cos_latitude', 'cos_longitude', 'sin_latitude', 'sin_longitude', 'cos_julian_day', 'cos_local_time', 'sin_julian_day', 'sin_local_time', 'insolation']
[2025-10-02 14:23:54,968][anemoi.training.train.train][INFO] - Total number of prognostic variables: 88
[2025-10-02 14:23:54,968][anemoi.training.train.train][INFO] - Total number of auxiliary variables: 13
[2025-10-02 14:23:54,968][anemoi.training.train.train][INFO] - Total GPU count / model group size: 4 - NB: the learning rate will be scaled by this factor!
[2025-10-02 14:23:54,968][anemoi.training.train.train][INFO] - Effective learning rate: 4.000e-03
[2025-10-02 14:23:55,063][anemoi.training.data.datamodule.singledatamodule][WARNING] - Falling back rollout to: 1
[2025-10-02 14:23:55,063][anemoi.training.data.datamodule.singledatamodule][INFO] - Timeincrement set to 1 for data with frequency, 21600, and timestep, 21600
[2025-10-02 14:23:55,066][anemoi.training.train.train][INFO] - Number of data variables: 101
[2025-10-02 14:23:55,066][anemoi.training.train.train][INFO] - Variables: ['q_50', 'q_100', 'q_150', 'q_200', 'q_250', 'q_300', 'q_400', 'q_500', 'q_600', 'q_700', 'q_850', 'q_925', 'q_1000', 't_50', 't_100', 't_150', 't_200', 't_250', 't_300', 't_400', 't_500', 't_600', 't_700', 't_850', 't_925', 't_1000', 'u_50', 'u_100', 'u_150', 'u_200', 'u_250', 'u_300', 'u_400', 'u_500', 'u_600', 'u_700', 'u_850', 'u_925', 'u_1000', 'v_50', 'v_100', 'v_150', 'v_200', 'v_250', 'v_300', 'v_400', 'v_500', 'v_600', 'v_700', 'v_850', 'v_925', 'v_1000', 'w_50', 'w_100', 'w_150', 'w_200', 'w_250', 'w_300', 'w_400', 'w_500', 'w_600', 'w_700', 'w_850', 'w_925', 'w_1000', 'z_50', 'z_100', 'z_150', 'z_200', 'z_250', 'z_300', 'z_400', 'z_500', 'z_600', 'z_700', 'z_850', 'z_925', 'z_1000', '10u', '10v', '2d', '2t', 'lsm', 'msl', 'sdor', 'skt', 'slor', 'sp', 'tcw', 'z', 'cp', 'tp', 'cos_latitude', 'cos_longitude', 'sin_latitude', 'sin_longitude', 'cos_julian_day', 'cos_local_time', 'sin_julian_day', 'sin_local_time', 'insolation']
[2025-10-02 14:23:55,066][anemoi.training.train.train][INFO] - Total number of prognostic variables: 88
[2025-10-02 14:23:55,066][anemoi.training.train.train][INFO] - Total number of auxiliary variables: 13
[2025-10-02 14:23:55,066][anemoi.training.train.train][INFO] - Total GPU count / model group size: 4 - NB: the learning rate will be scaled by this factor!
[2025-10-02 14:23:55,066][anemoi.training.train.train][INFO] - Effective learning rate: 4.000e-03
[2025-10-02 14:23:57,483][anemoi.training.diagnostics.callbacks.plot][INFO] - Setting up asynchronous plotting ...
[2025-10-02 14:23:57,483][anemoi.training.diagnostics.callbacks.plot][INFO] - Setting up asynchronous plotting ...
[2025-10-02 14:23:57,483][anemoi.training.diagnostics.callbacks.plot][INFO] - Setting up asynchronous plotting ...
[2025-10-02 14:23:57,483][anemoi.training.diagnostics.callbacks.plot][INFO] - Setting up asynchronous plotting ...
[2025-10-02 14:23:57,491][anemoi.training.diagnostics.callbacks.plot][INFO] - Setting up asynchronous plotting ...
[2025-10-02 14:23:57,491][anemoi.training.diagnostics.callbacks.plot][INFO] - Setting up asynchronous plotting ...
[2025-10-02 14:23:57,491][anemoi.training.diagnostics.callbacks.plot][INFO] - Setting up asynchronous plotting ...
[2025-10-02 14:23:57,491][anemoi.training.diagnostics.callbacks.plot][INFO] - Setting up asynchronous plotting ...
[2025-10-02 14:23:57,491][anemoi.training.diagnostics.callbacks.plot][INFO] - Using defined accumulation colormap for fields: ['tp', 'cp']
[2025-10-02 14:23:57,491][anemoi.training.diagnostics.callbacks.plot][INFO] - Using defined accumulation colormap for fields: ['tp', 'cp']
[2025-10-02 14:23:57,491][anemoi.training.diagnostics.callbacks.plot][INFO] - Using defined accumulation colormap for fields: ['tp', 'cp']
[2025-10-02 14:23:57,492][anemoi.training.diagnostics.callbacks.plot][INFO] - Using defined accumulation colormap for fields: ['tp', 'cp']
[2025-10-02 14:23:57,499][anemoi.models.migrations.migrator][INFO] - Loading migration 1755530253_initial
[2025-10-02 14:23:57,499][anemoi.models.migrations.migrator][INFO] - Loading migration 1755530253_initial
[2025-10-02 14:23:57,499][anemoi.models.migrations.migrator][INFO] - Loading migration 1755530253_initial
[2025-10-02 14:23:57,500][anemoi.models.migrations.migrator][INFO] - Loading migration 1755530253_initial
[2025-10-02 14:23:57,538][anemoi.training.train.train][INFO] - MLFlow logger enabled
[2025-10-02 14:23:57,538][anemoi.training.train.train][INFO] - MLFlow logger enabled
[2025-10-02 14:23:57,538][anemoi.training.train.train][INFO] - MLFlow logger enabled
[2025-10-02 14:23:57,539][anemoi.training.train.train][INFO] - MLFlow logger enabled
[2025-10-02 14:23:57,540][pytorch_lightning.utilities.rank_zero][INFO] - Using 16bit Automatic Mixed Precision (AMP)
[2025-10-02 14:23:57,557][pytorch_lightning.utilities.rank_zero][INFO] - GPU available: True (cuda), used: True
[2025-10-02 14:23:57,557][pytorch_lightning.utilities.rank_zero][INFO] - TPU available: False, using: 0 TPU cores
[2025-10-02 14:23:57,557][pytorch_lightning.utilities.rank_zero][INFO] - HPU available: False, using: 0 HPUs
[2025-10-02 14:23:57,595][lightning_fabric.utilities.seed][INFO] - [rank: 0] Seed set to 35269656
[2025-10-02 14:23:57,595][lightning_fabric.utilities.seed][INFO] - [rank: 3] Seed set to 35269656
[2025-10-02 14:23:57,595][lightning_fabric.utilities.seed][INFO] - [rank: 1] Seed set to 35269656
[2025-10-02 14:23:57,596][lightning_fabric.utilities.seed][INFO] - [rank: 2] Seed set to 35269656
[2025-10-02 14:23:57,598][anemoi.training.train.train][INFO] - Initial seed: Rank 3, initial seed 35269656, running with random seed: 35269656
[2025-10-02 14:23:57,598][anemoi.training.train.train][INFO] - Initial seed: Rank 2, initial seed 35269656, running with random seed: 35269656
[2025-10-02 14:23:57,598][anemoi.training.train.train][INFO] - Initial seed: Rank 1, initial seed 35269656, running with random seed: 35269656
[2025-10-02 14:23:57,598][anemoi.training.train.train][INFO] - Initial seed: Rank 0, initial seed 35269656, running with random seed: 35269656
[2025-10-02 14:24:04,846][anemoi.models.preprocessing.normalizer][INFO] - Normalizing: lsm is not normalized.
[2025-10-02 14:24:04,846][anemoi.models.preprocessing.normalizer][INFO] - Normalizing: lsm is not normalized.
[2025-10-02 14:24:04,846][anemoi.models.preprocessing.normalizer][INFO] - Normalizing: lsm is not normalized.
[2025-10-02 14:24:04,846][anemoi.models.preprocessing.normalizer][INFO] - Normalizing: cos_latitude is not normalized.
[2025-10-02 14:24:04,846][anemoi.models.preprocessing.normalizer][INFO] - Normalizing: lsm is not normalized.
[2025-10-02 14:24:04,846][anemoi.models.preprocessing.normalizer][INFO] - Normalizing: cos_latitude is not normalized.
[2025-10-02 14:24:04,846][anemoi.models.preprocessing.normalizer][INFO] - Normalizing: cos_longitude is not normalized.
[2025-10-02 14:24:04,846][anemoi.models.preprocessing.normalizer][INFO] - Normalizing: cos_latitude is not normalized.
[2025-10-02 14:24:04,846][anemoi.models.preprocessing.normalizer][INFO] - Normalizing: cos_longitude is not normalized.
[2025-10-02 14:24:04,846][anemoi.models.preprocessing.normalizer][INFO] - Normalizing: cos_latitude is not normalized.
[2025-10-02 14:24:04,846][anemoi.models.preprocessing.normalizer][INFO] - Normalizing: sin_latitude is not normalized.
[2025-10-02 14:24:04,846][anemoi.models.preprocessing.normalizer][INFO] - Normalizing: cos_longitude is not normalized.
[2025-10-02 14:24:04,846][anemoi.models.preprocessing.normalizer][INFO] - Normalizing: sin_latitude is not normalized.
[2025-10-02 14:24:04,846][anemoi.models.preprocessing.normalizer][INFO] - Normalizing: cos_longitude is not normalized.
[2025-10-02 14:24:04,846][anemoi.models.preprocessing.normalizer][INFO] - Normalizing: sin_longitude is not normalized.
[2025-10-02 14:24:04,846][anemoi.models.preprocessing.normalizer][INFO] - Normalizing: sin_latitude is not normalized.
[2025-10-02 14:24:04,846][anemoi.models.preprocessing.normalizer][INFO] - Normalizing: sin_longitude is not normalized.
[2025-10-02 14:24:04,846][anemoi.models.preprocessing.normalizer][INFO] - Normalizing: sin_latitude is not normalized.
[2025-10-02 14:24:04,846][anemoi.models.preprocessing.normalizer][INFO] - Normalizing: cos_julian_day is not normalized.
[2025-10-02 14:24:04,846][anemoi.models.preprocessing.normalizer][INFO] - Normalizing: sin_longitude is not normalized.
[2025-10-02 14:24:04,846][anemoi.models.preprocessing.normalizer][INFO] - Normalizing: cos_julian_day is not normalized.
[2025-10-02 14:24:04,846][anemoi.models.preprocessing.normalizer][INFO] - Normalizing: sin_longitude is not normalized.
[2025-10-02 14:24:04,846][anemoi.models.preprocessing.normalizer][INFO] - Normalizing: cos_local_time is not normalized.
[2025-10-02 14:24:04,846][anemoi.models.preprocessing.normalizer][INFO] - Normalizing: cos_julian_day is not normalized.
[2025-10-02 14:24:04,846][anemoi.models.preprocessing.normalizer][INFO] - Normalizing: cos_local_time is not normalized.
[2025-10-02 14:24:04,846][anemoi.models.preprocessing.normalizer][INFO] - Normalizing: cos_julian_day is not normalized.
[2025-10-02 14:24:04,846][anemoi.models.preprocessing.normalizer][INFO] - Normalizing: sin_julian_day is not normalized.
[2025-10-02 14:24:04,846][anemoi.models.preprocessing.normalizer][INFO] - Normalizing: cos_local_time is not normalized.
[2025-10-02 14:24:04,846][anemoi.models.preprocessing.normalizer][INFO] - Normalizing: sin_julian_day is not normalized.
[2025-10-02 14:24:04,846][anemoi.models.preprocessing.normalizer][INFO] - Normalizing: cos_local_time is not normalized.
[2025-10-02 14:24:04,846][anemoi.models.preprocessing.normalizer][INFO] - Normalizing: sin_local_time is not normalized.
[2025-10-02 14:24:04,846][anemoi.models.preprocessing.normalizer][INFO] - Normalizing: sin_julian_day is not normalized.
[2025-10-02 14:24:04,846][anemoi.models.preprocessing.normalizer][INFO] - Normalizing: sin_local_time is not normalized.
[2025-10-02 14:24:04,846][anemoi.models.preprocessing.normalizer][INFO] - Normalizing: sin_julian_day is not normalized.
[2025-10-02 14:24:04,846][anemoi.models.preprocessing.normalizer][INFO] - Normalizing: insolation is not normalized.
[2025-10-02 14:24:04,846][anemoi.models.preprocessing.normalizer][INFO] - Normalizing: sin_local_time is not normalized.
[2025-10-02 14:24:04,846][anemoi.models.preprocessing.normalizer][INFO] - Normalizing: insolation is not normalized.
[2025-10-02 14:24:04,847][anemoi.models.preprocessing.normalizer][INFO] - Normalizing: sin_local_time is not normalized.
[2025-10-02 14:24:04,847][anemoi.models.preprocessing.normalizer][INFO] - Normalizing: insolation is not normalized.
[2025-10-02 14:24:04,847][anemoi.models.preprocessing.normalizer][INFO] - Normalizing: insolation is not normalized.
[2025-10-02 14:24:04,911][anemoi.models.layers.utils][INFO] - Linear kernel: torch.nn.Linear.
[2025-10-02 14:24:04,911][anemoi.models.layers.utils][INFO] - Linear kernel: torch.nn.Linear.
[2025-10-02 14:24:04,911][anemoi.models.layers.utils][INFO] - Linear kernel: torch.nn.Linear.
[2025-10-02 14:24:04,911][anemoi.models.layers.utils][INFO] - Linear kernel: torch.nn.Linear.
[2025-10-02 14:24:04,911][anemoi.models.layers.utils][INFO] - LayerNorm kernel: torch.nn.LayerNorm.
[2025-10-02 14:24:04,911][anemoi.models.layers.utils][INFO] - LayerNorm kernel: torch.nn.LayerNorm.
[2025-10-02 14:24:04,912][anemoi.models.layers.utils][INFO] - LayerNorm kernel: torch.nn.LayerNorm.
[2025-10-02 14:24:04,912][anemoi.models.layers.utils][INFO] - LayerNorm kernel: torch.nn.LayerNorm.
[2025-10-02 14:24:04,912][anemoi.models.layers.utils][INFO] - Activation kernel: torch.nn.GELU.
[2025-10-02 14:24:04,912][anemoi.models.layers.utils][INFO] - Activation kernel: torch.nn.GELU.
[2025-10-02 14:24:04,912][anemoi.models.layers.utils][INFO] - Activation kernel: torch.nn.GELU.
[2025-10-02 14:24:04,912][anemoi.models.layers.utils][INFO] - Activation kernel: torch.nn.GELU.
[2025-10-02 14:24:04,914][anemoi.models.layers.utils][INFO] - QueryNorm kernel: anemoi.models.layers.normalization.AutocastLayerNorm.
[2025-10-02 14:24:04,914][anemoi.models.layers.utils][INFO] - QueryNorm kernel: anemoi.models.layers.normalization.AutocastLayerNorm.
[2025-10-02 14:24:04,914][anemoi.models.layers.utils][INFO] - QueryNorm kernel: anemoi.models.layers.normalization.AutocastLayerNorm.
[2025-10-02 14:24:04,914][anemoi.models.layers.utils][INFO] - QueryNorm kernel: anemoi.models.layers.normalization.AutocastLayerNorm.
[2025-10-02 14:24:04,915][anemoi.models.layers.utils][INFO] - KeyNorm kernel: anemoi.models.layers.normalization.AutocastLayerNorm.
[2025-10-02 14:24:04,915][anemoi.models.layers.utils][INFO] - KeyNorm kernel: anemoi.models.layers.normalization.AutocastLayerNorm.
[2025-10-02 14:24:04,915][anemoi.models.layers.utils][INFO] - KeyNorm kernel: anemoi.models.layers.normalization.AutocastLayerNorm.
[2025-10-02 14:24:04,915][anemoi.models.layers.utils][INFO] - KeyNorm kernel: anemoi.models.layers.normalization.AutocastLayerNorm.
[2025-10-02 14:24:04,959][anemoi.models.layers.utils][INFO] - Linear kernel: torch.nn.Linear.
[2025-10-02 14:24:04,960][anemoi.models.layers.utils][INFO] - Linear kernel: torch.nn.Linear.
[2025-10-02 14:24:04,960][anemoi.models.layers.utils][INFO] - Linear kernel: torch.nn.Linear.
[2025-10-02 14:24:04,960][anemoi.models.layers.utils][INFO] - Linear kernel: torch.nn.Linear.
[2025-10-02 14:24:04,960][anemoi.models.layers.utils][INFO] - LayerNorm kernel: torch.nn.LayerNorm.
[2025-10-02 14:24:04,960][anemoi.models.layers.utils][INFO] - LayerNorm kernel: torch.nn.LayerNorm.
[2025-10-02 14:24:04,960][anemoi.models.layers.utils][INFO] - LayerNorm kernel: torch.nn.LayerNorm.
[2025-10-02 14:24:04,960][anemoi.models.layers.utils][INFO] - LayerNorm kernel: torch.nn.LayerNorm.
[2025-10-02 14:24:04,961][anemoi.models.layers.utils][INFO] - Activation kernel: torch.nn.GELU.
[2025-10-02 14:24:04,961][anemoi.models.layers.utils][INFO] - Activation kernel: torch.nn.GELU.
[2025-10-02 14:24:04,961][anemoi.models.layers.utils][INFO] - Activation kernel: torch.nn.GELU.
[2025-10-02 14:24:04,961][anemoi.models.layers.utils][INFO] - Activation kernel: torch.nn.GELU.
[2025-10-02 14:24:04,961][anemoi.models.layers.utils][INFO] - QueryNorm kernel: anemoi.models.layers.normalization.AutocastLayerNorm.
[2025-10-02 14:24:04,961][anemoi.models.layers.utils][INFO] - QueryNorm kernel: anemoi.models.layers.normalization.AutocastLayerNorm.
[2025-10-02 14:24:04,961][anemoi.models.layers.utils][INFO] - QueryNorm kernel: anemoi.models.layers.normalization.AutocastLayerNorm.
[2025-10-02 14:24:04,962][anemoi.models.layers.utils][INFO] - QueryNorm kernel: anemoi.models.layers.normalization.AutocastLayerNorm.
[2025-10-02 14:24:04,962][anemoi.models.layers.utils][INFO] - KeyNorm kernel: anemoi.models.layers.normalization.AutocastLayerNorm.
[2025-10-02 14:24:04,962][anemoi.models.layers.utils][INFO] - KeyNorm kernel: anemoi.models.layers.normalization.AutocastLayerNorm.
[2025-10-02 14:24:04,962][anemoi.models.layers.utils][INFO] - KeyNorm kernel: anemoi.models.layers.normalization.AutocastLayerNorm.
[2025-10-02 14:24:04,962][anemoi.models.layers.utils][INFO] - KeyNorm kernel: anemoi.models.layers.normalization.AutocastLayerNorm.
[2025-10-02 14:24:05,014][anemoi.models.layers.attention][INFO] - Using flash attention v2
[2025-10-02 14:24:05,019][anemoi.models.layers.attention][INFO] - Using flash attention v2
[2025-10-02 14:24:05,025][anemoi.models.layers.attention][INFO] - Using flash attention v2
[2025-10-02 14:24:05,028][anemoi.models.layers.attention][INFO] - Using flash attention v2
[2025-10-02 14:24:05,028][anemoi.models.layers.attention][INFO] - Using flash attention v2
[2025-10-02 14:24:05,028][anemoi.models.layers.attention][INFO] - Using flash attention v2
[2025-10-02 14:24:05,030][anemoi.models.layers.attention][INFO] - Using flash attention v2
[2025-10-02 14:24:05,033][anemoi.models.layers.attention][INFO] - Using flash attention v2
[2025-10-02 14:24:05,033][anemoi.models.layers.attention][INFO] - Using flash attention v2
[2025-10-02 14:24:05,034][anemoi.models.layers.attention][INFO] - Using flash attention v2
[2025-10-02 14:24:05,036][anemoi.models.layers.attention][INFO] - Using flash attention v2
[2025-10-02 14:24:05,039][anemoi.models.layers.attention][INFO] - Using flash attention v2
[2025-10-02 14:24:05,039][anemoi.models.layers.attention][INFO] - Using flash attention v2
[2025-10-02 14:24:05,039][anemoi.models.layers.attention][INFO] - Using flash attention v2
[2025-10-02 14:24:05,041][anemoi.models.layers.attention][INFO] - Using flash attention v2
[2025-10-02 14:24:05,044][anemoi.models.layers.attention][INFO] - Using flash attention v2
[2025-10-02 14:24:05,044][anemoi.models.layers.attention][INFO] - Using flash attention v2
[2025-10-02 14:24:05,045][anemoi.models.layers.attention][INFO] - Using flash attention v2
[2025-10-02 14:24:05,047][anemoi.models.layers.attention][INFO] - Using flash attention v2
[2025-10-02 14:24:05,050][anemoi.models.layers.attention][INFO] - Using flash attention v2
[2025-10-02 14:24:05,050][anemoi.models.layers.attention][INFO] - Using flash attention v2
[2025-10-02 14:24:05,050][anemoi.models.layers.attention][INFO] - Using flash attention v2
[2025-10-02 14:24:05,052][anemoi.models.layers.attention][INFO] - Using flash attention v2
[2025-10-02 14:24:05,055][anemoi.models.layers.attention][INFO] - Using flash attention v2
[2025-10-02 14:24:05,055][anemoi.models.layers.attention][INFO] - Using flash attention v2
[2025-10-02 14:24:05,055][anemoi.models.layers.attention][INFO] - Using flash attention v2
[2025-10-02 14:24:05,057][anemoi.models.layers.attention][INFO] - Using flash attention v2
[2025-10-02 14:24:05,060][anemoi.models.layers.attention][INFO] - Using flash attention v2
[2025-10-02 14:24:05,060][anemoi.models.layers.attention][INFO] - Using flash attention v2
[2025-10-02 14:24:05,061][anemoi.models.layers.attention][INFO] - Using flash attention v2
[2025-10-02 14:24:05,063][anemoi.models.layers.attention][INFO] - Using flash attention v2
[2025-10-02 14:24:05,066][anemoi.models.layers.attention][INFO] - Using flash attention v2
[2025-10-02 14:24:05,066][anemoi.models.layers.attention][INFO] - Using flash attention v2
[2025-10-02 14:24:05,066][anemoi.models.layers.attention][INFO] - Using flash attention v2
[2025-10-02 14:24:05,068][anemoi.models.layers.attention][INFO] - Using flash attention v2
[2025-10-02 14:24:05,071][anemoi.models.layers.attention][INFO] - Using flash attention v2
[2025-10-02 14:24:05,072][anemoi.models.layers.attention][INFO] - Using flash attention v2
[2025-10-02 14:24:05,072][anemoi.models.layers.attention][INFO] - Using flash attention v2
[2025-10-02 14:24:05,073][anemoi.models.layers.attention][INFO] - Using flash attention v2
[2025-10-02 14:24:05,077][anemoi.models.layers.attention][INFO] - Using flash attention v2
[2025-10-02 14:24:05,077][anemoi.models.layers.attention][INFO] - Using flash attention v2
[2025-10-02 14:24:05,077][anemoi.models.layers.attention][INFO] - Using flash attention v2
[2025-10-02 14:24:05,080][anemoi.models.layers.attention][INFO] - Using flash attention v2
[2025-10-02 14:24:05,082][anemoi.models.layers.attention][INFO] - Using flash attention v2
[2025-10-02 14:24:05,083][anemoi.models.layers.attention][INFO] - Using flash attention v2
[2025-10-02 14:24:05,083][anemoi.models.layers.attention][INFO] - Using flash attention v2
[2025-10-02 14:24:05,085][anemoi.models.layers.attention][INFO] - Using flash attention v2
[2025-10-02 14:24:05,088][anemoi.models.layers.attention][INFO] - Using flash attention v2
[2025-10-02 14:24:05,088][anemoi.models.layers.attention][INFO] - Using flash attention v2
[2025-10-02 14:24:05,088][anemoi.models.layers.attention][INFO] - Using flash attention v2
[2025-10-02 14:24:05,091][anemoi.models.layers.attention][INFO] - Using flash attention v2
[2025-10-02 14:24:05,093][anemoi.models.layers.attention][INFO] - Using flash attention v2
[2025-10-02 14:24:05,093][anemoi.models.layers.attention][INFO] - Using flash attention v2
[2025-10-02 14:24:05,093][anemoi.models.layers.attention][INFO] - Using flash attention v2
[2025-10-02 14:24:05,096][anemoi.models.layers.attention][INFO] - Using flash attention v2
[2025-10-02 14:24:05,098][anemoi.models.layers.attention][INFO] - Using flash attention v2
[2025-10-02 14:24:05,099][anemoi.models.layers.attention][INFO] - Using flash attention v2
[2025-10-02 14:24:05,099][anemoi.models.layers.attention][INFO] - Using flash attention v2
[2025-10-02 14:24:05,104][anemoi.models.layers.attention][INFO] - Using flash attention v2
[2025-10-02 14:24:05,104][anemoi.models.layers.attention][INFO] - Using flash attention v2
[2025-10-02 14:24:05,104][anemoi.models.layers.attention][INFO] - Using flash attention v2
[2025-10-02 14:24:05,107][anemoi.models.layers.utils][INFO] - Linear kernel: torch.nn.Linear.
[2025-10-02 14:24:05,108][anemoi.models.layers.utils][INFO] - LayerNorm kernel: torch.nn.LayerNorm.
[2025-10-02 14:24:05,108][anemoi.models.layers.utils][INFO] - Activation kernel: torch.nn.GELU.
[2025-10-02 14:24:05,109][anemoi.models.layers.utils][INFO] - QueryNorm kernel: anemoi.models.layers.normalization.AutocastLayerNorm.
[2025-10-02 14:24:05,109][anemoi.models.layers.attention][INFO] - Using flash attention v2
[2025-10-02 14:24:05,109][anemoi.models.layers.attention][INFO] - Using flash attention v2
[2025-10-02 14:24:05,110][anemoi.models.layers.utils][INFO] - KeyNorm kernel: anemoi.models.layers.normalization.AutocastLayerNorm.
[2025-10-02 14:24:05,110][anemoi.models.layers.attention][INFO] - Using flash attention v2
[2025-10-02 14:24:05,120][anemoi.models.layers.utils][INFO] - Linear kernel: torch.nn.Linear.
[2025-10-02 14:24:05,121][anemoi.models.layers.utils][INFO] - Linear kernel: torch.nn.Linear.
[2025-10-02 14:24:05,121][anemoi.models.layers.utils][INFO] - Linear kernel: torch.nn.Linear.
[2025-10-02 14:24:05,121][anemoi.models.layers.utils][INFO] - LayerNorm kernel: torch.nn.LayerNorm.
[2025-10-02 14:24:05,121][anemoi.models.layers.utils][INFO] - LayerNorm kernel: torch.nn.LayerNorm.
[2025-10-02 14:24:05,121][anemoi.models.layers.utils][INFO] - LayerNorm kernel: torch.nn.LayerNorm.
[2025-10-02 14:24:05,122][anemoi.models.layers.utils][INFO] - Activation kernel: torch.nn.GELU.
[2025-10-02 14:24:05,122][anemoi.models.layers.utils][INFO] - Activation kernel: torch.nn.GELU.
[2025-10-02 14:24:05,122][anemoi.models.layers.utils][INFO] - Activation kernel: torch.nn.GELU.
[2025-10-02 14:24:05,122][anemoi.models.layers.utils][INFO] - QueryNorm kernel: anemoi.models.layers.normalization.AutocastLayerNorm.
[2025-10-02 14:24:05,122][anemoi.models.layers.utils][INFO] - QueryNorm kernel: anemoi.models.layers.normalization.AutocastLayerNorm.
[2025-10-02 14:24:05,122][anemoi.models.layers.utils][INFO] - QueryNorm kernel: anemoi.models.layers.normalization.AutocastLayerNorm.
[2025-10-02 14:24:05,123][anemoi.models.layers.utils][INFO] - KeyNorm kernel: anemoi.models.layers.normalization.AutocastLayerNorm.
[2025-10-02 14:24:05,123][anemoi.models.layers.utils][INFO] - KeyNorm kernel: anemoi.models.layers.normalization.AutocastLayerNorm.
[2025-10-02 14:24:05,123][anemoi.models.layers.utils][INFO] - KeyNorm kernel: anemoi.models.layers.normalization.AutocastLayerNorm.
[2025-10-02 14:24:05,208][anemoi.training.losses.scalers.variable_level][INFO] - Variable Level Scaling: Applying ReluVariableLevelScaler scaling to pl variables ({'param': ['q', 't', 'u', 'v', 'w', 'z']})
[2025-10-02 14:24:05,208][anemoi.training.losses.scalers.variable_level][INFO] - with slope = 0.001 and y-intercept/minimum = 0.2.
[2025-10-02 14:24:05,221][anemoi.training.losses.scalers.variable_level][INFO] - Variable Level Scaling: Applying ReluVariableLevelScaler scaling to pl variables ({'param': ['q', 't', 'u', 'v', 'w', 'z']})
[2025-10-02 14:24:05,221][anemoi.training.losses.scalers.variable_level][INFO] - with slope = 0.001 and y-intercept/minimum = 0.2.
[2025-10-02 14:24:05,221][anemoi.training.losses.scalers.variable_level][INFO] - Variable Level Scaling: Applying ReluVariableLevelScaler scaling to pl variables ({'param': ['q', 't', 'u', 'v', 'w', 'z']})
[2025-10-02 14:24:05,222][anemoi.training.losses.scalers.variable_level][INFO] - with slope = 0.001 and y-intercept/minimum = 0.2.
[2025-10-02 14:24:05,222][anemoi.training.losses.scalers.variable_level][INFO] - Variable Level Scaling: Applying ReluVariableLevelScaler scaling to pl variables ({'param': ['q', 't', 'u', 'v', 'w', 'z']})
[2025-10-02 14:24:05,222][anemoi.training.losses.scalers.variable_level][INFO] - with slope = 0.001 and y-intercept/minimum = 0.2.
[2025-10-02 14:24:05,280][anemoi.training.train.train][INFO] - The following submodules will NOT be trained: []
[2025-10-02 14:24:05,289][anemoi.training.train.train][INFO] - The following submodules will NOT be trained: []
[2025-10-02 14:24:05,289][anemoi.training.train.train][INFO] - The following submodules will NOT be trained: []
[2025-10-02 14:24:05,289][anemoi.training.train.train][INFO] - The following submodules will NOT be trained: []
[2025-10-02 14:24:08,576][anemoi.training.utils.compile][INFO] - The following modules will be compiled: ['anemoi.models.layers.conv.GraphTransformerConv']
[2025-10-02 14:24:08,576][anemoi.training.utils.compile][INFO] - The following modules will be compiled: ['anemoi.models.layers.conv.GraphTransformerConv']
[2025-10-02 14:24:08,576][anemoi.training.utils.compile][INFO] - The following modules will be compiled: ['anemoi.models.layers.conv.GraphTransformerConv']
[2025-10-02 14:24:08,604][lightning_fabric.utilities.distributed][INFO] - Initializing distributed: GLOBAL_RANK: 1, MEMBER: 2/4
[2025-10-02 14:24:08,604][lightning_fabric.utilities.distributed][INFO] - Initializing distributed: GLOBAL_RANK: 3, MEMBER: 4/4
[2025-10-02 14:24:08,604][lightning_fabric.utilities.distributed][INFO] - Initializing distributed: GLOBAL_RANK: 2, MEMBER: 3/4
[2025-10-02 14:24:08,786][anemoi.training.utils.compile][INFO] - The following modules will be compiled: ['anemoi.models.layers.conv.GraphTransformerConv']
[2025-10-02 14:24:08,800][lightning_fabric.utilities.distributed][INFO] - Initializing distributed: GLOBAL_RANK: 0, MEMBER: 1/4
[2025-10-02 14:24:09,750][pytorch_lightning.utilities.rank_zero][INFO] - ----------------------------------------------------------------------------------------------------
distributed_backend=nccl
All distributed processes registered. Starting with 4 processes
----------------------------------------------------------------------------------------------------

[2025-10-02 14:24:09,888][pytorch_lightning.accelerators.cuda][INFO] - LOCAL_RANK: 3 - CUDA_VISIBLE_DEVICES: [0,1,2,3]
[2025-10-02 14:24:09,888][pytorch_lightning.accelerators.cuda][INFO] - LOCAL_RANK: 2 - CUDA_VISIBLE_DEVICES: [0,1,2,3]
[2025-10-02 14:24:09,888][pytorch_lightning.accelerators.cuda][INFO] - LOCAL_RANK: 1 - CUDA_VISIBLE_DEVICES: [0,1,2,3]
[2025-10-02 14:24:09,888][pytorch_lightning.accelerators.cuda][INFO] - LOCAL_RANK: 0 - CUDA_VISIBLE_DEVICES: [0,1,2,3]
[2025-10-02 14:24:10,413][lightning_fabric.utilities.seed][INFO] - [rank: 3] Seed set to 141078624
[2025-10-02 14:24:10,413][lightning_fabric.utilities.seed][INFO] - [rank: 2] Seed set to 105808968
[2025-10-02 14:24:10,413][lightning_fabric.utilities.seed][INFO] - [rank: 1] Seed set to 70539312
[2025-10-02 14:24:10,413][lightning_fabric.utilities.seed][INFO] - [rank: 0] Seed set to 35269656
[2025-10-02 14:24:10,421][pytorch_lightning.callbacks.model_summary][INFO] - 
  | Name    | Type                 | Params | Mode 
---------------------------------------------------------
0 | model   | AnemoiModelInterface | 15.0 M | train
1 | loss    | MSELoss              | 0      | train
2 | metrics | ModuleDict           | 0      | train
---------------------------------------------------------
15.0 M    Trainable params
0         Non-trainable params
15.0 M    Total params
59.997    Total estimated model params size (MB)
286       Modules in train mode
0         Modules in eval mode
[2025-10-02 14:24:10,474][anemoi.training.diagnostics.mlflow.logger][INFO] - Logging 492 parameters
[2025-10-02 14:24:13,005][pytorch_lightning.trainer.connectors.signal_connector][INFO] - SLURM auto-requeueing enabled. Setting signal handlers.
[2025-10-02 14:24:13,005][pytorch_lightning.trainer.connectors.signal_connector][INFO] - SLURM auto-requeueing enabled. Setting signal handlers.
[2025-10-02 14:24:13,005][pytorch_lightning.trainer.connectors.signal_connector][INFO] - SLURM auto-requeueing enabled. Setting signal handlers.
[2025-10-02 14:24:13,005][pytorch_lightning.trainer.connectors.signal_connector][INFO] - SLURM auto-requeueing enabled. Setting signal handlers.
[2025-10-02 14:24:13,579][anemoi.training.data.datamodule.singledatamodule][WARNING] - Falling back rollout to: 1
[2025-10-02 14:24:13,588][anemoi.training.data.datamodule.singledatamodule][WARNING] - Falling back rollout to: 1
[2025-10-02 14:24:13,588][anemoi.training.data.datamodule.singledatamodule][WARNING] - Falling back rollout to: 1
[2025-10-02 14:24:13,604][anemoi.training.data.datamodule.singledatamodule][WARNING] - Falling back rollout to: 1
[2025-10-02 14:24:13,644][anemoi.training.data.dataset.singledataset][INFO] - Worker 0 (pid 392501, global_rank 3, model comm group 3)  has low/high range 1092 / 1137
[2025-10-02 14:24:13,644][anemoi.training.data.dataset.singledataset][INFO] - Worker 0 (pid 392497, global_rank 1, model comm group 1)  has low/high range 364 / 409
[2025-10-02 14:24:13,644][anemoi.training.data.dataset.singledataset][INFO] - Worker 0 (pid 392498, global_rank 0, model comm group 0)  has low/high range 0 / 45
[2025-10-02 14:24:13,645][anemoi.training.data.dataset.singledataset][INFO] - Worker 0 (pid 392503, global_rank 2, model comm group 2)  has low/high range 728 / 773
[2025-10-02 14:24:13,647][anemoi.training.data.dataset.singledataset][INFO] - Worker 0 (validation, pid 392501, glob. rank 3, model comm group 3, group_rank 0, seed group id 3, base_seed 35269656, sanity rnd 0.682128)
[2025-10-02 14:24:13,647][anemoi.training.data.dataset.singledataset][INFO] - Worker 0 (validation, pid 392498, glob. rank 0, model comm group 0, group_rank 0, seed group id 0, base_seed 35269656, sanity rnd 0.682128)
[2025-10-02 14:24:13,648][anemoi.training.data.dataset.singledataset][INFO] - Worker 0 (validation, pid 392497, glob. rank 1, model comm group 1, group_rank 0, seed group id 1, base_seed 35269656, sanity rnd 0.682128)
[2025-10-02 14:24:13,648][anemoi.training.data.dataset.singledataset][INFO] - Worker 0 (validation, pid 392503, glob. rank 2, model comm group 2, group_rank 0, seed group id 2, base_seed 35269656, sanity rnd 0.682128)
[2025-10-02 14:24:13,665][anemoi.training.data.dataset.singledataset][INFO] - Worker 1 (pid 392505, global_rank 1, model comm group 1)  has low/high range 409 / 454
[2025-10-02 14:24:13,667][anemoi.training.data.dataset.singledataset][INFO] - Worker 1 (pid 392506, global_rank 0, model comm group 0)  has low/high range 45 / 90
[2025-10-02 14:24:13,668][anemoi.training.data.dataset.singledataset][INFO] - Worker 1 (validation, pid 392505, glob. rank 1, model comm group 1, group_rank 0, seed group id 1, base_seed 35269656, sanity rnd 0.682128)
[2025-10-02 14:24:13,670][anemoi.training.data.dataset.singledataset][INFO] - Worker 1 (validation, pid 392506, glob. rank 0, model comm group 0, group_rank 0, seed group id 0, base_seed 35269656, sanity rnd 0.682128)
[2025-10-02 14:24:13,674][anemoi.training.data.dataset.singledataset][INFO] - Worker 1 (pid 392509, global_rank 3, model comm group 3)  has low/high range 1137 / 1182
[2025-10-02 14:24:13,676][anemoi.training.data.dataset.singledataset][INFO] - Worker 1 (validation, pid 392509, glob. rank 3, model comm group 3, group_rank 0, seed group id 3, base_seed 35269656, sanity rnd 0.682128)
[2025-10-02 14:24:13,676][anemoi.training.data.dataset.singledataset][INFO] - Worker 1 (pid 392511, global_rank 2, model comm group 2)  has low/high range 773 / 818
[2025-10-02 14:24:13,679][anemoi.training.data.dataset.singledataset][INFO] - Worker 1 (validation, pid 392511, glob. rank 2, model comm group 2, group_rank 0, seed group id 2, base_seed 35269656, sanity rnd 0.682128)
[2025-10-02 14:24:13,693][anemoi.training.data.dataset.singledataset][INFO] - Worker 2 (pid 392513, global_rank 0, model comm group 0)  has low/high range 90 / 135
[2025-10-02 14:24:13,696][anemoi.training.data.dataset.singledataset][INFO] - Worker 2 (validation, pid 392513, glob. rank 0, model comm group 0, group_rank 0, seed group id 0, base_seed 35269656, sanity rnd 0.682128)
[2025-10-02 14:24:13,720][anemoi.training.data.dataset.singledataset][INFO] - Worker 3 (pid 392515, global_rank 0, model comm group 0)  has low/high range 135 / 180
[2025-10-02 14:24:13,722][anemoi.training.data.dataset.singledataset][INFO] - Worker 3 (validation, pid 392515, glob. rank 0, model comm group 0, group_rank 0, seed group id 0, base_seed 35269656, sanity rnd 0.682128)
[2025-10-02 14:24:13,747][anemoi.training.data.dataset.singledataset][INFO] - Worker 4 (pid 392517, global_rank 0, model comm group 0)  has low/high range 180 / 225
[2025-10-02 14:24:13,750][anemoi.training.data.dataset.singledataset][INFO] - Worker 4 (validation, pid 392517, glob. rank 0, model comm group 0, group_rank 0, seed group id 0, base_seed 35269656, sanity rnd 0.682128)
[2025-10-02 14:24:13,774][anemoi.training.data.dataset.singledataset][INFO] - Worker 5 (pid 392519, global_rank 0, model comm group 0)  has low/high range 225 / 270
[2025-10-02 14:24:13,777][anemoi.training.data.dataset.singledataset][INFO] - Worker 5 (validation, pid 392519, glob. rank 0, model comm group 0, group_rank 0, seed group id 0, base_seed 35269656, sanity rnd 0.682128)
[2025-10-02 14:24:13,778][anemoi.training.data.dataset.singledataset][INFO] - Worker 2 (pid 392521, global_rank 1, model comm group 1)  has low/high range 454 / 499
[2025-10-02 14:24:13,780][anemoi.training.data.dataset.singledataset][INFO] - Worker 2 (validation, pid 392521, glob. rank 1, model comm group 1, group_rank 0, seed group id 1, base_seed 35269656, sanity rnd 0.682128)
[2025-10-02 14:24:13,784][anemoi.training.data.dataset.singledataset][INFO] - Worker 2 (pid 392524, global_rank 2, model comm group 2)  has low/high range 818 / 863
[2025-10-02 14:24:13,784][anemoi.training.data.dataset.singledataset][INFO] - Worker 2 (pid 392523, global_rank 3, model comm group 3)  has low/high range 1182 / 1227
[2025-10-02 14:24:13,786][anemoi.training.data.dataset.singledataset][INFO] - Worker 2 (validation, pid 392524, glob. rank 2, model comm group 2, group_rank 0, seed group id 2, base_seed 35269656, sanity rnd 0.682128)
[2025-10-02 14:24:13,787][anemoi.training.data.dataset.singledataset][INFO] - Worker 2 (validation, pid 392523, glob. rank 3, model comm group 3, group_rank 0, seed group id 3, base_seed 35269656, sanity rnd 0.682128)
[2025-10-02 14:24:13,801][anemoi.training.data.dataset.singledataset][INFO] - Worker 6 (pid 392527, global_rank 0, model comm group 0)  has low/high range 270 / 315
[2025-10-02 14:24:13,803][anemoi.training.data.dataset.singledataset][INFO] - Worker 6 (validation, pid 392527, glob. rank 0, model comm group 0, group_rank 0, seed group id 0, base_seed 35269656, sanity rnd 0.682128)
[2025-10-02 14:24:13,804][anemoi.training.data.dataset.singledataset][INFO] - Worker 3 (pid 392529, global_rank 1, model comm group 1)  has low/high range 499 / 544
[2025-10-02 14:24:13,807][anemoi.training.data.dataset.singledataset][INFO] - Worker 3 (validation, pid 392529, glob. rank 1, model comm group 1, group_rank 0, seed group id 1, base_seed 35269656, sanity rnd 0.682128)
[2025-10-02 14:24:13,816][anemoi.training.data.dataset.singledataset][INFO] - Worker 3 (pid 392531, global_rank 2, model comm group 2)  has low/high range 863 / 908
[2025-10-02 14:24:13,818][anemoi.training.data.dataset.singledataset][INFO] - Worker 3 (pid 392532, global_rank 3, model comm group 3)  has low/high range 1227 / 1272
[2025-10-02 14:24:13,819][anemoi.training.data.dataset.singledataset][INFO] - Worker 3 (validation, pid 392531, glob. rank 2, model comm group 2, group_rank 0, seed group id 2, base_seed 35269656, sanity rnd 0.682128)
[2025-10-02 14:24:13,820][anemoi.training.data.dataset.singledataset][INFO] - Worker 3 (validation, pid 392532, glob. rank 3, model comm group 3, group_rank 0, seed group id 3, base_seed 35269656, sanity rnd 0.682128)
[2025-10-02 14:24:13,830][anemoi.training.data.dataset.singledataset][INFO] - Worker 4 (pid 392537, global_rank 1, model comm group 1)  has low/high range 544 / 589
[2025-10-02 14:24:13,831][anemoi.training.data.dataset.singledataset][INFO] - Worker 7 (pid 392535, global_rank 0, model comm group 0)  has low/high range 315 / 360
[2025-10-02 14:24:13,833][anemoi.training.data.dataset.singledataset][INFO] - Worker 4 (validation, pid 392537, glob. rank 1, model comm group 1, group_rank 0, seed group id 1, base_seed 35269656, sanity rnd 0.682128)
[2025-10-02 14:24:13,833][anemoi.training.data.dataset.singledataset][INFO] - Worker 7 (validation, pid 392535, glob. rank 0, model comm group 0, group_rank 0, seed group id 0, base_seed 35269656, sanity rnd 0.682128)
[2025-10-02 14:24:13,834][anemoi.models.data_indices.collection][INFO] - The order of the variables in the model matches the order in the data.
[2025-10-02 14:24:13,849][anemoi.training.data.dataset.singledataset][INFO] - Worker 4 (pid 392548, global_rank 2, model comm group 2)  has low/high range 908 / 953
[2025-10-02 14:24:13,849][anemoi.training.data.dataset.singledataset][INFO] - Worker 4 (pid 392549, global_rank 3, model comm group 3)  has low/high range 1272 / 1317
[2025-10-02 14:24:13,851][anemoi.training.data.dataset.singledataset][INFO] - Worker 4 (validation, pid 392548, glob. rank 2, model comm group 2, group_rank 0, seed group id 2, base_seed 35269656, sanity rnd 0.682128)
[2025-10-02 14:24:13,852][anemoi.training.data.dataset.singledataset][INFO] - Worker 4 (validation, pid 392549, glob. rank 3, model comm group 3, group_rank 0, seed group id 3, base_seed 35269656, sanity rnd 0.682128)
[2025-10-02 14:24:13,858][anemoi.training.data.dataset.singledataset][INFO] - Worker 5 (pid 392552, global_rank 1, model comm group 1)  has low/high range 589 / 634
[2025-10-02 14:24:13,861][anemoi.training.data.dataset.singledataset][INFO] - Worker 5 (validation, pid 392552, glob. rank 1, model comm group 1, group_rank 0, seed group id 1, base_seed 35269656, sanity rnd 0.682128)
[2025-10-02 14:24:13,880][anemoi.training.data.dataset.singledataset][INFO] - Worker 5 (pid 392554, global_rank 3, model comm group 3)  has low/high range 1317 / 1362
[2025-10-02 14:24:13,880][anemoi.training.data.dataset.singledataset][INFO] - Worker 5 (pid 392555, global_rank 2, model comm group 2)  has low/high range 953 / 998
[2025-10-02 14:24:13,883][anemoi.training.data.dataset.singledataset][INFO] - Worker 5 (validation, pid 392554, glob. rank 3, model comm group 3, group_rank 0, seed group id 3, base_seed 35269656, sanity rnd 0.682128)
[2025-10-02 14:24:13,883][anemoi.training.data.dataset.singledataset][INFO] - Worker 5 (validation, pid 392555, glob. rank 2, model comm group 2, group_rank 0, seed group id 2, base_seed 35269656, sanity rnd 0.682128)
[2025-10-02 14:24:13,885][anemoi.training.data.dataset.singledataset][INFO] - Worker 6 (pid 392558, global_rank 1, model comm group 1)  has low/high range 634 / 679
[2025-10-02 14:24:13,887][anemoi.training.data.dataset.singledataset][INFO] - Worker 6 (validation, pid 392558, glob. rank 1, model comm group 1, group_rank 0, seed group id 1, base_seed 35269656, sanity rnd 0.682128)
[2025-10-02 14:24:13,913][anemoi.training.data.dataset.singledataset][INFO] - Worker 6 (pid 392561, global_rank 2, model comm group 2)  has low/high range 998 / 1043
[2025-10-02 14:24:13,913][anemoi.training.data.dataset.singledataset][INFO] - Worker 6 (pid 392560, global_rank 3, model comm group 3)  has low/high range 1362 / 1407
[2025-10-02 14:24:13,914][anemoi.training.data.dataset.singledataset][INFO] - Worker 7 (pid 392562, global_rank 1, model comm group 1)  has low/high range 679 / 724
[2025-10-02 14:24:13,915][anemoi.training.data.dataset.singledataset][INFO] - Worker 6 (validation, pid 392561, glob. rank 2, model comm group 2, group_rank 0, seed group id 2, base_seed 35269656, sanity rnd 0.682128)
[2025-10-02 14:24:13,915][anemoi.training.data.dataset.singledataset][INFO] - Worker 6 (validation, pid 392560, glob. rank 3, model comm group 3, group_rank 0, seed group id 3, base_seed 35269656, sanity rnd 0.682128)
[2025-10-02 14:24:13,916][anemoi.models.data_indices.collection][INFO] - The order of the variables in the model matches the order in the data.
[2025-10-02 14:24:13,917][anemoi.training.data.dataset.singledataset][INFO] - Worker 7 (validation, pid 392562, glob. rank 1, model comm group 1, group_rank 0, seed group id 1, base_seed 35269656, sanity rnd 0.682128)
[2025-10-02 14:24:13,944][anemoi.training.data.dataset.singledataset][INFO] - Worker 7 (pid 392575, global_rank 2, model comm group 2)  has low/high range 1043 / 1088
[2025-10-02 14:24:13,945][anemoi.training.data.dataset.singledataset][INFO] - Worker 7 (pid 392576, global_rank 3, model comm group 3)  has low/high range 1407 / 1452
[2025-10-02 14:24:13,946][anemoi.models.data_indices.collection][INFO] - The order of the variables in the model matches the order in the data.
[2025-10-02 14:24:13,947][anemoi.models.data_indices.collection][INFO] - The order of the variables in the model matches the order in the data.
[2025-10-02 14:24:13,947][anemoi.training.data.dataset.singledataset][INFO] - Worker 7 (validation, pid 392575, glob. rank 2, model comm group 2, group_rank 0, seed group id 2, base_seed 35269656, sanity rnd 0.682128)
[2025-10-02 14:24:13,951][anemoi.training.data.dataset.singledataset][INFO] - Worker 7 (validation, pid 392576, glob. rank 3, model comm group 3, group_rank 0, seed group id 3, base_seed 35269656, sanity rnd 0.682128)
[2025-10-02 14:24:19,646][anemoi.training.data.dataset.singledataset][INFO] - Worker 0 (pid 393345, global_rank 1, model comm group 1)  has low/high range 15340 / 17257
[2025-10-02 14:24:19,647][anemoi.training.data.dataset.singledataset][INFO] - Worker 0 (pid 393346, global_rank 0, model comm group 0)  has low/high range 0 / 1917
[2025-10-02 14:24:19,648][anemoi.training.data.dataset.singledataset][INFO] - Worker 0 (pid 393349, global_rank 3, model comm group 3)  has low/high range 46020 / 47937
[2025-10-02 14:24:19,648][anemoi.training.data.dataset.singledataset][INFO] - Worker 0 (pid 393350, global_rank 2, model comm group 2)  has low/high range 30680 / 32597
[2025-10-02 14:24:19,650][anemoi.training.data.dataset.singledataset][INFO] - Worker 0 (train, pid 393349, glob. rank 3, model comm group 3, group_rank 0, seed group id 3, base_seed 35269656, sanity rnd 0.682128)
[2025-10-02 14:24:19,650][anemoi.training.data.dataset.singledataset][INFO] - Worker 0 (train, pid 393346, glob. rank 0, model comm group 0, group_rank 0, seed group id 0, base_seed 35269656, sanity rnd 0.682128)
[2025-10-02 14:24:19,650][anemoi.training.data.dataset.singledataset][INFO] - Worker 0 (train, pid 393345, glob. rank 1, model comm group 1, group_rank 0, seed group id 1, base_seed 35269656, sanity rnd 0.682128)
[2025-10-02 14:24:19,651][anemoi.training.data.dataset.singledataset][INFO] - Worker 0 (train, pid 393350, glob. rank 2, model comm group 2, group_rank 0, seed group id 2, base_seed 35269656, sanity rnd 0.682128)
[2025-10-02 14:24:19,676][anemoi.training.data.dataset.singledataset][INFO] - Worker 1 (pid 393353, global_rank 1, model comm group 1)  has low/high range 17257 / 19174
[2025-10-02 14:24:19,678][anemoi.training.data.dataset.singledataset][INFO] - Worker 1 (train, pid 393353, glob. rank 1, model comm group 1, group_rank 0, seed group id 1, base_seed 35269656, sanity rnd 0.682128)
[2025-10-02 14:24:19,679][anemoi.training.data.dataset.singledataset][INFO] - Worker 1 (pid 393355, global_rank 0, model comm group 0)  has low/high range 1917 / 3834
[2025-10-02 14:24:19,682][anemoi.training.data.dataset.singledataset][INFO] - Worker 1 (train, pid 393355, glob. rank 0, model comm group 0, group_rank 0, seed group id 0, base_seed 35269656, sanity rnd 0.682128)
[2025-10-02 14:24:19,686][anemoi.training.data.dataset.singledataset][INFO] - Worker 1 (pid 393358, global_rank 2, model comm group 2)  has low/high range 32597 / 34514
[2025-10-02 14:24:19,687][anemoi.training.data.dataset.singledataset][INFO] - Worker 1 (pid 393357, global_rank 3, model comm group 3)  has low/high range 47937 / 49854
[2025-10-02 14:24:19,688][anemoi.training.data.dataset.singledataset][INFO] - Worker 1 (train, pid 393358, glob. rank 2, model comm group 2, group_rank 0, seed group id 2, base_seed 35269656, sanity rnd 0.682128)
[2025-10-02 14:24:19,690][anemoi.training.data.dataset.singledataset][INFO] - Worker 1 (train, pid 393357, glob. rank 3, model comm group 3, group_rank 0, seed group id 3, base_seed 35269656, sanity rnd 0.682128)
[2025-10-02 14:24:19,708][anemoi.training.data.dataset.singledataset][INFO] - Worker 2 (pid 393361, global_rank 1, model comm group 1)  has low/high range 19174 / 21091
[2025-10-02 14:24:19,711][anemoi.training.data.dataset.singledataset][INFO] - Worker 2 (train, pid 393361, glob. rank 1, model comm group 1, group_rank 0, seed group id 1, base_seed 35269656, sanity rnd 0.682128)
[2025-10-02 14:24:19,713][anemoi.training.data.dataset.singledataset][INFO] - Worker 2 (pid 393363, global_rank 0, model comm group 0)  has low/high range 3834 / 5751
[2025-10-02 14:24:19,716][anemoi.training.data.dataset.singledataset][INFO] - Worker 2 (train, pid 393363, glob. rank 0, model comm group 0, group_rank 0, seed group id 0, base_seed 35269656, sanity rnd 0.682128)
[2025-10-02 14:24:19,723][anemoi.training.data.dataset.singledataset][INFO] - Worker 2 (pid 393365, global_rank 2, model comm group 2)  has low/high range 34514 / 36431
[2025-10-02 14:24:19,725][anemoi.training.data.dataset.singledataset][INFO] - Worker 2 (train, pid 393365, glob. rank 2, model comm group 2, group_rank 0, seed group id 2, base_seed 35269656, sanity rnd 0.682128)
[2025-10-02 14:24:19,728][anemoi.training.data.dataset.singledataset][INFO] - Worker 2 (pid 393367, global_rank 3, model comm group 3)  has low/high range 49854 / 51771
[2025-10-02 14:24:19,731][anemoi.training.data.dataset.singledataset][INFO] - Worker 2 (train, pid 393367, glob. rank 3, model comm group 3, group_rank 0, seed group id 3, base_seed 35269656, sanity rnd 0.682128)
[2025-10-02 14:24:19,741][anemoi.training.data.dataset.singledataset][INFO] - Worker 3 (pid 393369, global_rank 1, model comm group 1)  has low/high range 21091 / 23008
[2025-10-02 14:24:19,744][anemoi.training.data.dataset.singledataset][INFO] - Worker 3 (train, pid 393369, glob. rank 1, model comm group 1, group_rank 0, seed group id 1, base_seed 35269656, sanity rnd 0.682128)
[2025-10-02 14:24:19,747][anemoi.training.data.dataset.singledataset][INFO] - Worker 3 (pid 393371, global_rank 0, model comm group 0)  has low/high range 5751 / 7668
[2025-10-02 14:24:19,750][anemoi.training.data.dataset.singledataset][INFO] - Worker 3 (train, pid 393371, glob. rank 0, model comm group 0, group_rank 0, seed group id 0, base_seed 35269656, sanity rnd 0.682128)
[2025-10-02 14:24:19,760][anemoi.training.data.dataset.singledataset][INFO] - Worker 3 (pid 393373, global_rank 2, model comm group 2)  has low/high range 36431 / 38348
[2025-10-02 14:24:19,762][anemoi.training.data.dataset.singledataset][INFO] - Worker 3 (train, pid 393373, glob. rank 2, model comm group 2, group_rank 0, seed group id 2, base_seed 35269656, sanity rnd 0.682128)
[2025-10-02 14:24:19,764][anemoi.training.data.dataset.singledataset][INFO] - Worker 3 (pid 393375, global_rank 3, model comm group 3)  has low/high range 51771 / 53688
[2025-10-02 14:24:19,766][anemoi.training.data.dataset.singledataset][INFO] - Worker 3 (train, pid 393375, glob. rank 3, model comm group 3, group_rank 0, seed group id 3, base_seed 35269656, sanity rnd 0.682128)
[2025-10-02 14:24:19,774][anemoi.training.data.dataset.singledataset][INFO] - Worker 4 (pid 393377, global_rank 1, model comm group 1)  has low/high range 23008 / 24925
[2025-10-02 14:24:19,777][anemoi.training.data.dataset.singledataset][INFO] - Worker 4 (train, pid 393377, glob. rank 1, model comm group 1, group_rank 0, seed group id 1, base_seed 35269656, sanity rnd 0.682128)
[2025-10-02 14:24:19,781][anemoi.training.data.dataset.singledataset][INFO] - Worker 4 (pid 393379, global_rank 0, model comm group 0)  has low/high range 7668 / 9585
[2025-10-02 14:24:19,784][anemoi.training.data.dataset.singledataset][INFO] - Worker 4 (train, pid 393379, glob. rank 0, model comm group 0, group_rank 0, seed group id 0, base_seed 35269656, sanity rnd 0.682128)
[2025-10-02 14:24:19,796][anemoi.training.data.dataset.singledataset][INFO] - Worker 4 (pid 393381, global_rank 2, model comm group 2)  has low/high range 38348 / 40265
[2025-10-02 14:24:19,799][anemoi.training.data.dataset.singledataset][INFO] - Worker 4 (train, pid 393381, glob. rank 2, model comm group 2, group_rank 0, seed group id 2, base_seed 35269656, sanity rnd 0.682128)
[2025-10-02 14:24:19,803][anemoi.training.data.dataset.singledataset][INFO] - Worker 4 (pid 393383, global_rank 3, model comm group 3)  has low/high range 53688 / 55605
[2025-10-02 14:24:19,806][anemoi.training.data.dataset.singledataset][INFO] - Worker 4 (train, pid 393383, glob. rank 3, model comm group 3, group_rank 0, seed group id 3, base_seed 35269656, sanity rnd 0.682128)
[2025-10-02 14:24:19,807][anemoi.training.data.dataset.singledataset][INFO] - Worker 5 (pid 393385, global_rank 1, model comm group 1)  has low/high range 24925 / 26842
[2025-10-02 14:24:19,810][anemoi.training.data.dataset.singledataset][INFO] - Worker 5 (train, pid 393385, glob. rank 1, model comm group 1, group_rank 0, seed group id 1, base_seed 35269656, sanity rnd 0.682128)
[2025-10-02 14:24:19,815][anemoi.training.data.dataset.singledataset][INFO] - Worker 5 (pid 393387, global_rank 0, model comm group 0)  has low/high range 9585 / 11502
[2025-10-02 14:24:19,818][anemoi.training.data.dataset.singledataset][INFO] - Worker 5 (train, pid 393387, glob. rank 0, model comm group 0, group_rank 0, seed group id 0, base_seed 35269656, sanity rnd 0.682128)
[2025-10-02 14:24:19,833][anemoi.training.data.dataset.singledataset][INFO] - Worker 5 (pid 393389, global_rank 2, model comm group 2)  has low/high range 40265 / 42182
[2025-10-02 14:24:19,836][anemoi.training.data.dataset.singledataset][INFO] - Worker 5 (train, pid 393389, glob. rank 2, model comm group 2, group_rank 0, seed group id 2, base_seed 35269656, sanity rnd 0.682128)
[2025-10-02 14:24:19,840][anemoi.training.data.dataset.singledataset][INFO] - Worker 6 (pid 393391, global_rank 1, model comm group 1)  has low/high range 26842 / 28759
[2025-10-02 14:24:19,843][anemoi.training.data.dataset.singledataset][INFO] - Worker 6 (train, pid 393391, glob. rank 1, model comm group 1, group_rank 0, seed group id 1, base_seed 35269656, sanity rnd 0.682128)
[2025-10-02 14:24:19,843][anemoi.training.data.dataset.singledataset][INFO] - Worker 5 (pid 393393, global_rank 3, model comm group 3)  has low/high range 55605 / 57522
[2025-10-02 14:24:19,846][anemoi.training.data.dataset.singledataset][INFO] - Worker 5 (train, pid 393393, glob. rank 3, model comm group 3, group_rank 0, seed group id 3, base_seed 35269656, sanity rnd 0.682128)
[2025-10-02 14:24:19,850][anemoi.training.data.dataset.singledataset][INFO] - Worker 6 (pid 393395, global_rank 0, model comm group 0)  has low/high range 11502 / 13419
[2025-10-02 14:24:19,853][anemoi.training.data.dataset.singledataset][INFO] - Worker 6 (train, pid 393395, glob. rank 0, model comm group 0, group_rank 0, seed group id 0, base_seed 35269656, sanity rnd 0.682128)
[2025-10-02 14:24:19,870][anemoi.training.data.dataset.singledataset][INFO] - Worker 6 (pid 393397, global_rank 2, model comm group 2)  has low/high range 42182 / 44099
[2025-10-02 14:24:19,873][anemoi.training.data.dataset.singledataset][INFO] - Worker 6 (train, pid 393397, glob. rank 2, model comm group 2, group_rank 0, seed group id 2, base_seed 35269656, sanity rnd 0.682128)
[2025-10-02 14:24:19,875][anemoi.training.data.dataset.singledataset][INFO] - Worker 7 (pid 393399, global_rank 1, model comm group 1)  has low/high range 28759 / 30676
[2025-10-02 14:24:19,878][anemoi.training.data.dataset.singledataset][INFO] - Worker 7 (train, pid 393399, glob. rank 1, model comm group 1, group_rank 0, seed group id 1, base_seed 35269656, sanity rnd 0.682128)
[2025-10-02 14:24:19,881][anemoi.training.data.dataset.singledataset][INFO] - Worker 6 (pid 393410, global_rank 3, model comm group 3)  has low/high range 57522 / 59439
[2025-10-02 14:24:19,883][anemoi.training.data.dataset.singledataset][INFO] - Worker 6 (train, pid 393410, glob. rank 3, model comm group 3, group_rank 0, seed group id 3, base_seed 35269656, sanity rnd 0.682128)
[2025-10-02 14:24:19,887][anemoi.training.data.dataset.singledataset][INFO] - Worker 7 (pid 393412, global_rank 0, model comm group 0)  has low/high range 13419 / 15336
[2025-10-02 14:24:19,890][anemoi.training.data.dataset.singledataset][INFO] - Worker 7 (train, pid 393412, glob. rank 0, model comm group 0, group_rank 0, seed group id 0, base_seed 35269656, sanity rnd 0.682128)
[2025-10-02 14:24:19,908][anemoi.training.data.dataset.singledataset][INFO] - Worker 7 (pid 393423, global_rank 2, model comm group 2)  has low/high range 44099 / 46016
[2025-10-02 14:24:19,910][anemoi.training.data.dataset.singledataset][INFO] - Worker 7 (train, pid 393423, glob. rank 2, model comm group 2, group_rank 0, seed group id 2, base_seed 35269656, sanity rnd 0.682128)
[2025-10-02 14:24:19,919][anemoi.training.data.dataset.singledataset][INFO] - Worker 7 (pid 393434, global_rank 3, model comm group 3)  has low/high range 59439 / 61356
[2025-10-02 14:24:19,921][anemoi.training.data.dataset.singledataset][INFO] - Worker 7 (train, pid 393434, glob. rank 3, model comm group 3, group_rank 0, seed group id 3, base_seed 35269656, sanity rnd 0.682128)
[2025-10-02 14:24:20,423][anemoi.models.data_indices.collection][INFO] - The order of the variables in the model matches the order in the data.
[2025-10-02 14:24:20,467][anemoi.models.data_indices.collection][INFO] - The order of the variables in the model matches the order in the data.
[2025-10-02 14:24:20,510][anemoi.models.data_indices.collection][INFO] - The order of the variables in the model matches the order in the data.
[2025-10-02 14:24:20,657][anemoi.models.data_indices.collection][INFO] - The order of the variables in the model matches the order in the data.
[2025-10-02 14:46:57,526][anemoi.models.data_indices.collection][INFO] - The order of the variables in the model matches the order in the data.
[2025-10-02 14:46:57,528][anemoi.models.data_indices.collection][INFO] - The order of the variables in the model matches the order in the data.
[2025-10-02 14:46:57,530][anemoi.models.data_indices.collection][INFO] - The order of the variables in the model matches the order in the data.
[2025-10-02 14:46:57,531][anemoi.models.data_indices.collection][INFO] - The order of the variables in the model matches the order in the data.
[2025-10-02 14:47:19,517][anemoi.utils.checkpoints][INFO] - Adding extra information to checkpoint /lus/h2resw01/scratch/momc/checkpoint/bee64e12bcf34722a14ec9c3510b4399/inference-last.ckpt
[2025-10-02 14:47:19,518][anemoi.utils.checkpoints][INFO] - Saving metadata to inference-last/anemoi-metadata/ai-models.json
[2025-10-02 14:47:19,519][anemoi.utils.checkpoints][INFO] - Saving supporting array `latitudes` to inference-last/anemoi-metadata/latitudes.numpy (shape=(10944,), dtype=float64)
[2025-10-02 14:47:19,519][anemoi.utils.checkpoints][INFO] - Saving supporting array `longitudes` to inference-last/anemoi-metadata/longitudes.numpy (shape=(10944,), dtype=float64)
[2025-10-02 14:47:20,204][anemoi.utils.checkpoints][INFO] - Adding extra information to checkpoint /lus/h2resw01/scratch/momc/checkpoint/bee64e12bcf34722a14ec9c3510b4399/last.ckpt
[2025-10-02 14:47:20,204][anemoi.utils.checkpoints][INFO] - Saving metadata to archive/anemoi-metadata/ai-models.json
[2025-10-02 14:47:20,206][anemoi.utils.checkpoints][INFO] - Saving supporting array `latitudes` to archive/anemoi-metadata/latitudes.numpy (shape=(10944,), dtype=float64)
[2025-10-02 14:47:20,206][anemoi.utils.checkpoints][INFO] - Saving supporting array `longitudes` to archive/anemoi-metadata/longitudes.numpy (shape=(10944,), dtype=float64)
[2025-10-02 14:47:20,596][anemoi.utils.checkpoints][INFO] - Adding extra information to checkpoint /lus/h2resw01/scratch/momc/checkpoint/bee64e12bcf34722a14ec9c3510b4399/inference-anemoi-by_epoch-epoch_000-step_003840.ckpt
[2025-10-02 14:47:20,596][anemoi.utils.checkpoints][INFO] - Saving metadata to inference-anemoi-by_epoch-epoch_000-step_003840/anemoi-metadata/ai-models.json
[2025-10-02 14:47:20,597][anemoi.utils.checkpoints][INFO] - Saving supporting array `latitudes` to inference-anemoi-by_epoch-epoch_000-step_003840/anemoi-metadata/latitudes.numpy (shape=(10944,), dtype=float64)
[2025-10-02 14:47:20,598][anemoi.utils.checkpoints][INFO] - Saving supporting array `longitudes` to inference-anemoi-by_epoch-epoch_000-step_003840/anemoi-metadata/longitudes.numpy (shape=(10944,), dtype=float64)
[2025-10-02 14:47:21,283][anemoi.utils.checkpoints][INFO] - Adding extra information to checkpoint /lus/h2resw01/scratch/momc/checkpoint/bee64e12bcf34722a14ec9c3510b4399/anemoi-by_epoch-epoch_000-step_003840.ckpt
[2025-10-02 14:47:21,283][anemoi.utils.checkpoints][INFO] - Saving metadata to archive/anemoi-metadata/ai-models.json
[2025-10-02 14:47:21,284][anemoi.utils.checkpoints][INFO] - Saving supporting array `latitudes` to archive/anemoi-metadata/latitudes.numpy (shape=(10944,), dtype=float64)
[2025-10-02 14:47:21,284][anemoi.utils.checkpoints][INFO] - Saving supporting array `longitudes` to archive/anemoi-metadata/longitudes.numpy (shape=(10944,), dtype=float64)
[2025-10-02 14:47:21,412][anemoi.utils.checkpoints][INFO] - Adding extra information to checkpoint /lus/h2resw01/scratch/momc/checkpoint/bee64e12bcf34722a14ec9c3510b4399/inference-last.ckpt
[2025-10-02 14:47:21,412][anemoi.utils.checkpoints][INFO] - Saving metadata to inference-last/anemoi-metadata/ai-models.json
[2025-10-02 14:47:21,414][anemoi.utils.checkpoints][INFO] - Saving supporting array `latitudes` to inference-last/anemoi-metadata/latitudes.numpy (shape=(10944,), dtype=float64)
[2025-10-02 14:47:21,414][anemoi.utils.checkpoints][INFO] - Saving supporting array `longitudes` to inference-last/anemoi-metadata/longitudes.numpy (shape=(10944,), dtype=float64)
[2025-10-02 14:47:22,159][anemoi.utils.checkpoints][INFO] - Adding extra information to checkpoint /lus/h2resw01/scratch/momc/checkpoint/bee64e12bcf34722a14ec9c3510b4399/last.ckpt
[2025-10-02 14:47:22,160][anemoi.utils.checkpoints][INFO] - Saving metadata to archive/anemoi-metadata/ai-models.json
[2025-10-02 14:47:22,161][anemoi.utils.checkpoints][INFO] - Saving supporting array `latitudes` to archive/anemoi-metadata/latitudes.numpy (shape=(10944,), dtype=float64)
[2025-10-02 14:47:22,161][anemoi.utils.checkpoints][INFO] - Saving supporting array `longitudes` to archive/anemoi-metadata/longitudes.numpy (shape=(10944,), dtype=float64)
[2025-10-02 15:09:52,010][anemoi.models.data_indices.collection][INFO] - The order of the variables in the model matches the order in the data.
[2025-10-02 15:09:52,011][anemoi.models.data_indices.collection][INFO] - The order of the variables in the model matches the order in the data.
[2025-10-02 15:09:52,011][anemoi.models.data_indices.collection][INFO] - The order of the variables in the model matches the order in the data.
[2025-10-02 15:09:52,011][anemoi.models.data_indices.collection][INFO] - The order of the variables in the model matches the order in the data.
[2025-10-02 15:10:11,291][anemoi.utils.checkpoints][INFO] - Adding extra information to checkpoint /lus/h2resw01/scratch/momc/checkpoint/bee64e12bcf34722a14ec9c3510b4399/inference-last.ckpt
[2025-10-02 15:10:11,292][anemoi.utils.checkpoints][INFO] - Saving metadata to inference-last/anemoi-metadata/ai-models.json
[2025-10-02 15:10:11,293][anemoi.utils.checkpoints][INFO] - Saving supporting array `latitudes` to inference-last/anemoi-metadata/latitudes.numpy (shape=(10944,), dtype=float64)
[2025-10-02 15:10:11,293][anemoi.utils.checkpoints][INFO] - Saving supporting array `longitudes` to inference-last/anemoi-metadata/longitudes.numpy (shape=(10944,), dtype=float64)
[2025-10-02 15:10:12,025][anemoi.utils.checkpoints][INFO] - Adding extra information to checkpoint /lus/h2resw01/scratch/momc/checkpoint/bee64e12bcf34722a14ec9c3510b4399/last.ckpt
[2025-10-02 15:10:12,025][anemoi.utils.checkpoints][INFO] - Saving metadata to archive/anemoi-metadata/ai-models.json
[2025-10-02 15:10:12,026][anemoi.utils.checkpoints][INFO] - Saving supporting array `latitudes` to archive/anemoi-metadata/latitudes.numpy (shape=(10944,), dtype=float64)
[2025-10-02 15:10:12,026][anemoi.utils.checkpoints][INFO] - Saving supporting array `longitudes` to archive/anemoi-metadata/longitudes.numpy (shape=(10944,), dtype=float64)
[2025-10-02 15:10:12,139][anemoi.utils.checkpoints][INFO] - Adding extra information to checkpoint /lus/h2resw01/scratch/momc/checkpoint/bee64e12bcf34722a14ec9c3510b4399/inference-anemoi-by_epoch-epoch_001-step_007680.ckpt
[2025-10-02 15:10:12,140][anemoi.utils.checkpoints][INFO] - Saving metadata to inference-anemoi-by_epoch-epoch_001-step_007680/anemoi-metadata/ai-models.json
[2025-10-02 15:10:12,141][anemoi.utils.checkpoints][INFO] - Saving supporting array `latitudes` to inference-anemoi-by_epoch-epoch_001-step_007680/anemoi-metadata/latitudes.numpy (shape=(10944,), dtype=float64)
[2025-10-02 15:10:12,142][anemoi.utils.checkpoints][INFO] - Saving supporting array `longitudes` to inference-anemoi-by_epoch-epoch_001-step_007680/anemoi-metadata/longitudes.numpy (shape=(10944,), dtype=float64)
[2025-10-02 15:10:12,824][anemoi.utils.checkpoints][INFO] - Adding extra information to checkpoint /lus/h2resw01/scratch/momc/checkpoint/bee64e12bcf34722a14ec9c3510b4399/anemoi-by_epoch-epoch_001-step_007680.ckpt
[2025-10-02 15:10:12,824][anemoi.utils.checkpoints][INFO] - Saving metadata to archive/anemoi-metadata/ai-models.json
[2025-10-02 15:10:12,825][anemoi.utils.checkpoints][INFO] - Saving supporting array `latitudes` to archive/anemoi-metadata/latitudes.numpy (shape=(10944,), dtype=float64)
[2025-10-02 15:10:12,825][anemoi.utils.checkpoints][INFO] - Saving supporting array `longitudes` to archive/anemoi-metadata/longitudes.numpy (shape=(10944,), dtype=float64)
[2025-10-02 15:10:12,953][anemoi.utils.checkpoints][INFO] - Adding extra information to checkpoint /lus/h2resw01/scratch/momc/checkpoint/bee64e12bcf34722a14ec9c3510b4399/inference-last.ckpt
[2025-10-02 15:10:12,953][anemoi.utils.checkpoints][INFO] - Saving metadata to inference-last/anemoi-metadata/ai-models.json
[2025-10-02 15:10:12,954][anemoi.utils.checkpoints][INFO] - Saving supporting array `latitudes` to inference-last/anemoi-metadata/latitudes.numpy (shape=(10944,), dtype=float64)
[2025-10-02 15:10:12,955][anemoi.utils.checkpoints][INFO] - Saving supporting array `longitudes` to inference-last/anemoi-metadata/longitudes.numpy (shape=(10944,), dtype=float64)
[2025-10-02 15:10:13,705][anemoi.utils.checkpoints][INFO] - Adding extra information to checkpoint /lus/h2resw01/scratch/momc/checkpoint/bee64e12bcf34722a14ec9c3510b4399/last.ckpt
[2025-10-02 15:10:13,706][anemoi.utils.checkpoints][INFO] - Saving metadata to archive/anemoi-metadata/ai-models.json
[2025-10-02 15:10:13,707][anemoi.utils.checkpoints][INFO] - Saving supporting array `latitudes` to archive/anemoi-metadata/latitudes.numpy (shape=(10944,), dtype=float64)
[2025-10-02 15:10:13,707][anemoi.utils.checkpoints][INFO] - Saving supporting array `longitudes` to archive/anemoi-metadata/longitudes.numpy (shape=(10944,), dtype=float64)
[2025-10-02 15:32:42,380][anemoi.models.data_indices.collection][INFO] - The order of the variables in the model matches the order in the data.
[2025-10-02 15:32:42,381][anemoi.models.data_indices.collection][INFO] - The order of the variables in the model matches the order in the data.
[2025-10-02 15:32:42,381][anemoi.models.data_indices.collection][INFO] - The order of the variables in the model matches the order in the data.
[2025-10-02 15:32:42,380][anemoi.models.data_indices.collection][INFO] - The order of the variables in the model matches the order in the data.
[2025-10-02 15:33:04,824][anemoi.utils.checkpoints][INFO] - Adding extra information to checkpoint /lus/h2resw01/scratch/momc/checkpoint/bee64e12bcf34722a14ec9c3510b4399/inference-last.ckpt
[2025-10-02 15:33:04,824][anemoi.utils.checkpoints][INFO] - Saving metadata to inference-last/anemoi-metadata/ai-models.json
[2025-10-02 15:33:04,825][anemoi.utils.checkpoints][INFO] - Saving supporting array `latitudes` to inference-last/anemoi-metadata/latitudes.numpy (shape=(10944,), dtype=float64)
[2025-10-02 15:33:04,825][anemoi.utils.checkpoints][INFO] - Saving supporting array `longitudes` to inference-last/anemoi-metadata/longitudes.numpy (shape=(10944,), dtype=float64)
[2025-10-02 15:33:05,964][anemoi.utils.checkpoints][INFO] - Adding extra information to checkpoint /lus/h2resw01/scratch/momc/checkpoint/bee64e12bcf34722a14ec9c3510b4399/last.ckpt
[2025-10-02 15:33:05,964][anemoi.utils.checkpoints][INFO] - Saving metadata to archive/anemoi-metadata/ai-models.json
[2025-10-02 15:33:05,966][anemoi.utils.checkpoints][INFO] - Saving supporting array `latitudes` to archive/anemoi-metadata/latitudes.numpy (shape=(10944,), dtype=float64)
[2025-10-02 15:33:05,966][anemoi.utils.checkpoints][INFO] - Saving supporting array `longitudes` to archive/anemoi-metadata/longitudes.numpy (shape=(10944,), dtype=float64)
[2025-10-02 15:33:06,076][anemoi.utils.checkpoints][INFO] - Adding extra information to checkpoint /lus/h2resw01/scratch/momc/checkpoint/bee64e12bcf34722a14ec9c3510b4399/inference-anemoi-by_epoch-epoch_002-step_011520.ckpt
[2025-10-02 15:33:06,076][anemoi.utils.checkpoints][INFO] - Saving metadata to inference-anemoi-by_epoch-epoch_002-step_011520/anemoi-metadata/ai-models.json
[2025-10-02 15:33:06,078][anemoi.utils.checkpoints][INFO] - Saving supporting array `latitudes` to inference-anemoi-by_epoch-epoch_002-step_011520/anemoi-metadata/latitudes.numpy (shape=(10944,), dtype=float64)
[2025-10-02 15:33:06,078][anemoi.utils.checkpoints][INFO] - Saving supporting array `longitudes` to inference-anemoi-by_epoch-epoch_002-step_011520/anemoi-metadata/longitudes.numpy (shape=(10944,), dtype=float64)
[2025-10-02 15:33:06,757][anemoi.utils.checkpoints][INFO] - Adding extra information to checkpoint /lus/h2resw01/scratch/momc/checkpoint/bee64e12bcf34722a14ec9c3510b4399/anemoi-by_epoch-epoch_002-step_011520.ckpt
[2025-10-02 15:33:06,757][anemoi.utils.checkpoints][INFO] - Saving metadata to archive/anemoi-metadata/ai-models.json
[2025-10-02 15:33:06,759][anemoi.utils.checkpoints][INFO] - Saving supporting array `latitudes` to archive/anemoi-metadata/latitudes.numpy (shape=(10944,), dtype=float64)
[2025-10-02 15:33:06,759][anemoi.utils.checkpoints][INFO] - Saving supporting array `longitudes` to archive/anemoi-metadata/longitudes.numpy (shape=(10944,), dtype=float64)
[2025-10-02 15:33:06,891][anemoi.utils.checkpoints][INFO] - Adding extra information to checkpoint /lus/h2resw01/scratch/momc/checkpoint/bee64e12bcf34722a14ec9c3510b4399/inference-last.ckpt
[2025-10-02 15:33:06,891][anemoi.utils.checkpoints][INFO] - Saving metadata to inference-last/anemoi-metadata/ai-models.json
[2025-10-02 15:33:06,892][anemoi.utils.checkpoints][INFO] - Saving supporting array `latitudes` to inference-last/anemoi-metadata/latitudes.numpy (shape=(10944,), dtype=float64)
[2025-10-02 15:33:06,893][anemoi.utils.checkpoints][INFO] - Saving supporting array `longitudes` to inference-last/anemoi-metadata/longitudes.numpy (shape=(10944,), dtype=float64)
[2025-10-02 15:33:07,635][anemoi.utils.checkpoints][INFO] - Adding extra information to checkpoint /lus/h2resw01/scratch/momc/checkpoint/bee64e12bcf34722a14ec9c3510b4399/last.ckpt
[2025-10-02 15:33:07,635][anemoi.utils.checkpoints][INFO] - Saving metadata to archive/anemoi-metadata/ai-models.json
[2025-10-02 15:33:07,636][anemoi.utils.checkpoints][INFO] - Saving supporting array `latitudes` to archive/anemoi-metadata/latitudes.numpy (shape=(10944,), dtype=float64)
[2025-10-02 15:33:07,636][anemoi.utils.checkpoints][INFO] - Saving supporting array `longitudes` to archive/anemoi-metadata/longitudes.numpy (shape=(10944,), dtype=float64)
[2025-10-02 15:55:35,842][anemoi.models.data_indices.collection][INFO] - The order of the variables in the model matches the order in the data.
[2025-10-02 15:55:35,843][anemoi.models.data_indices.collection][INFO] - The order of the variables in the model matches the order in the data.
[2025-10-02 15:55:35,843][anemoi.models.data_indices.collection][INFO] - The order of the variables in the model matches the order in the data.
[2025-10-02 15:55:35,843][anemoi.models.data_indices.collection][INFO] - The order of the variables in the model matches the order in the data.
[2025-10-02 15:55:55,642][anemoi.utils.checkpoints][INFO] - Adding extra information to checkpoint /lus/h2resw01/scratch/momc/checkpoint/bee64e12bcf34722a14ec9c3510b4399/inference-last.ckpt
[2025-10-02 15:55:55,642][anemoi.utils.checkpoints][INFO] - Saving metadata to inference-last/anemoi-metadata/ai-models.json
[2025-10-02 15:55:55,644][anemoi.utils.checkpoints][INFO] - Saving supporting array `latitudes` to inference-last/anemoi-metadata/latitudes.numpy (shape=(10944,), dtype=float64)
[2025-10-02 15:55:55,644][anemoi.utils.checkpoints][INFO] - Saving supporting array `longitudes` to inference-last/anemoi-metadata/longitudes.numpy (shape=(10944,), dtype=float64)
[2025-10-02 15:55:56,346][anemoi.utils.checkpoints][INFO] - Adding extra information to checkpoint /lus/h2resw01/scratch/momc/checkpoint/bee64e12bcf34722a14ec9c3510b4399/last.ckpt
[2025-10-02 15:55:56,346][anemoi.utils.checkpoints][INFO] - Saving metadata to archive/anemoi-metadata/ai-models.json
[2025-10-02 15:55:56,347][anemoi.utils.checkpoints][INFO] - Saving supporting array `latitudes` to archive/anemoi-metadata/latitudes.numpy (shape=(10944,), dtype=float64)
[2025-10-02 15:55:56,347][anemoi.utils.checkpoints][INFO] - Saving supporting array `longitudes` to archive/anemoi-metadata/longitudes.numpy (shape=(10944,), dtype=float64)
[2025-10-02 15:55:56,459][anemoi.utils.checkpoints][INFO] - Adding extra information to checkpoint /lus/h2resw01/scratch/momc/checkpoint/bee64e12bcf34722a14ec9c3510b4399/inference-anemoi-by_epoch-epoch_003-step_015360.ckpt
[2025-10-02 15:55:56,459][anemoi.utils.checkpoints][INFO] - Saving metadata to inference-anemoi-by_epoch-epoch_003-step_015360/anemoi-metadata/ai-models.json
[2025-10-02 15:55:56,460][anemoi.utils.checkpoints][INFO] - Saving supporting array `latitudes` to inference-anemoi-by_epoch-epoch_003-step_015360/anemoi-metadata/latitudes.numpy (shape=(10944,), dtype=float64)
[2025-10-02 15:55:56,461][anemoi.utils.checkpoints][INFO] - Saving supporting array `longitudes` to inference-anemoi-by_epoch-epoch_003-step_015360/anemoi-metadata/longitudes.numpy (shape=(10944,), dtype=float64)
[2025-10-02 15:55:57,134][anemoi.utils.checkpoints][INFO] - Adding extra information to checkpoint /lus/h2resw01/scratch/momc/checkpoint/bee64e12bcf34722a14ec9c3510b4399/anemoi-by_epoch-epoch_003-step_015360.ckpt
[2025-10-02 15:55:57,134][anemoi.utils.checkpoints][INFO] - Saving metadata to archive/anemoi-metadata/ai-models.json
[2025-10-02 15:55:57,135][anemoi.utils.checkpoints][INFO] - Saving supporting array `latitudes` to archive/anemoi-metadata/latitudes.numpy (shape=(10944,), dtype=float64)
[2025-10-02 15:55:57,135][anemoi.utils.checkpoints][INFO] - Saving supporting array `longitudes` to archive/anemoi-metadata/longitudes.numpy (shape=(10944,), dtype=float64)
[2025-10-02 15:55:57,257][anemoi.utils.checkpoints][INFO] - Adding extra information to checkpoint /lus/h2resw01/scratch/momc/checkpoint/bee64e12bcf34722a14ec9c3510b4399/inference-last.ckpt
[2025-10-02 15:55:57,257][anemoi.utils.checkpoints][INFO] - Saving metadata to inference-last/anemoi-metadata/ai-models.json
[2025-10-02 15:55:57,258][anemoi.utils.checkpoints][INFO] - Saving supporting array `latitudes` to inference-last/anemoi-metadata/latitudes.numpy (shape=(10944,), dtype=float64)
[2025-10-02 15:55:57,258][anemoi.utils.checkpoints][INFO] - Saving supporting array `longitudes` to inference-last/anemoi-metadata/longitudes.numpy (shape=(10944,), dtype=float64)
[2025-10-02 15:55:57,999][anemoi.utils.checkpoints][INFO] - Adding extra information to checkpoint /lus/h2resw01/scratch/momc/checkpoint/bee64e12bcf34722a14ec9c3510b4399/last.ckpt
[2025-10-02 15:55:58,000][anemoi.utils.checkpoints][INFO] - Saving metadata to archive/anemoi-metadata/ai-models.json
[2025-10-02 15:55:58,001][anemoi.utils.checkpoints][INFO] - Saving supporting array `latitudes` to archive/anemoi-metadata/latitudes.numpy (shape=(10944,), dtype=float64)
[2025-10-02 15:55:58,001][anemoi.utils.checkpoints][INFO] - Saving supporting array `longitudes` to archive/anemoi-metadata/longitudes.numpy (shape=(10944,), dtype=float64)
[2025-10-02 16:18:25,297][anemoi.models.data_indices.collection][INFO] - The order of the variables in the model matches the order in the data.
[2025-10-02 16:18:25,297][anemoi.models.data_indices.collection][INFO] - The order of the variables in the model matches the order in the data.
[2025-10-02 16:18:25,297][anemoi.models.data_indices.collection][INFO] - The order of the variables in the model matches the order in the data.
[2025-10-02 16:18:25,305][anemoi.models.data_indices.collection][INFO] - The order of the variables in the model matches the order in the data.
[2025-10-02 16:18:45,859][anemoi.utils.checkpoints][INFO] - Adding extra information to checkpoint /lus/h2resw01/scratch/momc/checkpoint/bee64e12bcf34722a14ec9c3510b4399/inference-last.ckpt
[2025-10-02 16:18:45,859][anemoi.utils.checkpoints][INFO] - Saving metadata to inference-last/anemoi-metadata/ai-models.json
[2025-10-02 16:18:45,860][anemoi.utils.checkpoints][INFO] - Saving supporting array `latitudes` to inference-last/anemoi-metadata/latitudes.numpy (shape=(10944,), dtype=float64)
[2025-10-02 16:18:45,860][anemoi.utils.checkpoints][INFO] - Saving supporting array `longitudes` to inference-last/anemoi-metadata/longitudes.numpy (shape=(10944,), dtype=float64)
[2025-10-02 16:18:46,589][anemoi.utils.checkpoints][INFO] - Adding extra information to checkpoint /lus/h2resw01/scratch/momc/checkpoint/bee64e12bcf34722a14ec9c3510b4399/last.ckpt
[2025-10-02 16:18:46,590][anemoi.utils.checkpoints][INFO] - Saving metadata to archive/anemoi-metadata/ai-models.json
[2025-10-02 16:18:46,591][anemoi.utils.checkpoints][INFO] - Saving supporting array `latitudes` to archive/anemoi-metadata/latitudes.numpy (shape=(10944,), dtype=float64)
[2025-10-02 16:18:46,591][anemoi.utils.checkpoints][INFO] - Saving supporting array `longitudes` to archive/anemoi-metadata/longitudes.numpy (shape=(10944,), dtype=float64)
[2025-10-02 16:18:46,710][anemoi.utils.checkpoints][INFO] - Adding extra information to checkpoint /lus/h2resw01/scratch/momc/checkpoint/bee64e12bcf34722a14ec9c3510b4399/inference-anemoi-by_epoch-epoch_004-step_019200.ckpt
[2025-10-02 16:18:46,710][anemoi.utils.checkpoints][INFO] - Saving metadata to inference-anemoi-by_epoch-epoch_004-step_019200/anemoi-metadata/ai-models.json
[2025-10-02 16:18:46,712][anemoi.utils.checkpoints][INFO] - Saving supporting array `latitudes` to inference-anemoi-by_epoch-epoch_004-step_019200/anemoi-metadata/latitudes.numpy (shape=(10944,), dtype=float64)
[2025-10-02 16:18:46,712][anemoi.utils.checkpoints][INFO] - Saving supporting array `longitudes` to inference-anemoi-by_epoch-epoch_004-step_019200/anemoi-metadata/longitudes.numpy (shape=(10944,), dtype=float64)
[2025-10-02 16:18:47,403][anemoi.utils.checkpoints][INFO] - Adding extra information to checkpoint /lus/h2resw01/scratch/momc/checkpoint/bee64e12bcf34722a14ec9c3510b4399/anemoi-by_epoch-epoch_004-step_019200.ckpt
[2025-10-02 16:18:47,403][anemoi.utils.checkpoints][INFO] - Saving metadata to archive/anemoi-metadata/ai-models.json
[2025-10-02 16:18:47,404][anemoi.utils.checkpoints][INFO] - Saving supporting array `latitudes` to archive/anemoi-metadata/latitudes.numpy (shape=(10944,), dtype=float64)
[2025-10-02 16:18:47,405][anemoi.utils.checkpoints][INFO] - Saving supporting array `longitudes` to archive/anemoi-metadata/longitudes.numpy (shape=(10944,), dtype=float64)
[2025-10-02 16:18:47,531][anemoi.utils.checkpoints][INFO] - Adding extra information to checkpoint /lus/h2resw01/scratch/momc/checkpoint/bee64e12bcf34722a14ec9c3510b4399/inference-last.ckpt
[2025-10-02 16:18:47,531][anemoi.utils.checkpoints][INFO] - Saving metadata to inference-last/anemoi-metadata/ai-models.json
[2025-10-02 16:18:47,532][anemoi.utils.checkpoints][INFO] - Saving supporting array `latitudes` to inference-last/anemoi-metadata/latitudes.numpy (shape=(10944,), dtype=float64)
[2025-10-02 16:18:47,532][anemoi.utils.checkpoints][INFO] - Saving supporting array `longitudes` to inference-last/anemoi-metadata/longitudes.numpy (shape=(10944,), dtype=float64)
[2025-10-02 16:18:48,253][anemoi.utils.checkpoints][INFO] - Adding extra information to checkpoint /lus/h2resw01/scratch/momc/checkpoint/bee64e12bcf34722a14ec9c3510b4399/last.ckpt
[2025-10-02 16:18:48,254][anemoi.utils.checkpoints][INFO] - Saving metadata to archive/anemoi-metadata/ai-models.json
[2025-10-02 16:18:48,255][anemoi.utils.checkpoints][INFO] - Saving supporting array `latitudes` to archive/anemoi-metadata/latitudes.numpy (shape=(10944,), dtype=float64)
[2025-10-02 16:18:48,255][anemoi.utils.checkpoints][INFO] - Saving supporting array `longitudes` to archive/anemoi-metadata/longitudes.numpy (shape=(10944,), dtype=float64)
[2025-10-02 16:24:02,760][pytorch_lightning.trainer.connectors.signal_connector][INFO] - [rank: 1] Received SIGTERM: 15
[2025-10-02 16:24:02,762][pytorch_lightning.trainer.connectors.signal_connector][INFO] - Bypassing SIGTERM: 15
[2025-10-02 16:24:02,762][pytorch_lightning.trainer.connectors.signal_connector][INFO] - [rank: 2] Received SIGTERM: 15
[2025-10-02 16:24:02,762][pytorch_lightning.trainer.connectors.signal_connector][INFO] - Bypassing SIGTERM: 15
[2025-10-02 16:24:02,763][pytorch_lightning.trainer.connectors.signal_connector][INFO] - [rank: 0] Received SIGTERM: 15
[2025-10-02 16:24:02,764][pytorch_lightning.trainer.connectors.signal_connector][INFO] - Bypassing SIGTERM: 15
[2025-10-02 16:24:02,764][pytorch_lightning.trainer.connectors.signal_connector][INFO] - [rank: 3] Received SIGTERM: 15
[2025-10-02 16:24:02,765][pytorch_lightning.trainer.connectors.signal_connector][INFO] - Bypassing SIGTERM: 15
[2025-10-02 16:24:02,771][anemoi.training.diagnostics.mlflow.logger][INFO] - Stopping terminal log monitoring and saving buffered terminal outputs. Final status: FAILED
