[2025-10-01 19:48:25,108][anemoi.training.train.train][INFO] - Skipping config validation.
[2025-10-01 19:48:25,108][anemoi.training.train.train][INFO] - Skipping config validation.
[2025-10-01 19:48:25,108][anemoi.training.train.train][INFO] - Skipping config validation.
[2025-10-01 19:48:25,108][anemoi.training.train.train][INFO] - Skipping config validation.
[2025-10-01 19:48:25,109][anemoi.training.train.train][INFO] - Starting from checkpoint: False
[2025-10-01 19:48:25,109][anemoi.training.train.train][INFO] - Starting from checkpoint: False
[2025-10-01 19:48:25,109][anemoi.training.train.train][INFO] - Starting from checkpoint: False
[2025-10-01 19:48:25,109][anemoi.training.train.train][INFO] - Starting from checkpoint: False
[2025-10-01 19:48:25,110][anemoi.training.train.train][INFO] - Run id: None
[2025-10-01 19:48:25,110][anemoi.training.train.train][INFO] - Run id: None
[2025-10-01 19:48:25,110][anemoi.training.train.train][INFO] - Run id: None
[2025-10-01 19:48:41,069][anemoi.training.diagnostics.logger][INFO] - Maximum number of params allowed to be logged is: 2000
[2025-10-01 19:48:41,069][anemoi.training.diagnostics.logger][INFO] - Maximum number of params allowed to be logged is: 2000
[2025-10-01 19:48:41,069][anemoi.training.diagnostics.logger][INFO] - Maximum number of params allowed to be logged is: 2000
[2025-10-01 19:48:41,069][anemoi.training.diagnostics.logger][INFO] - Maximum number of params allowed to be logged is: 2000
[2025-10-01 19:48:41,082][anemoi.training.diagnostics.mlflow.logger][INFO] - MLflow is logging offline.
[2025-10-01 19:48:41,168][anemoi.training.train.train][INFO] - Parent run server2server: None
[2025-10-01 19:48:41,168][anemoi.training.train.train][INFO] - Fork run server2server: None
[2025-10-01 19:48:41,168][anemoi.training.train.train][INFO] - Parent run server2server: None
[2025-10-01 19:48:41,168][anemoi.training.train.train][INFO] - Fork run server2server: None
[2025-10-01 19:48:41,168][anemoi.training.train.train][INFO] - Checkpoints path: /scratch/momc/checkpoint
[2025-10-01 19:48:41,168][anemoi.training.train.train][INFO] - Plots path: /scratch/momc/plots
[2025-10-01 19:48:41,168][anemoi.training.train.train][INFO] - Parent run server2server: None
[2025-10-01 19:48:41,168][anemoi.training.train.train][INFO] - Checkpoints path: /scratch/momc/checkpoint
[2025-10-01 19:48:41,169][anemoi.training.train.train][INFO] - Fork run server2server: None
[2025-10-01 19:48:41,169][anemoi.training.train.train][INFO] - Plots path: /scratch/momc/plots
[2025-10-01 19:48:41,169][anemoi.training.train.train][INFO] - Checkpoints path: /scratch/momc/checkpoint
[2025-10-01 19:48:41,169][anemoi.training.train.train][INFO] - Plots path: /scratch/momc/plots
[2025-10-01 19:48:42,502][anemoi.training.diagnostics.mlflow.logger][INFO] - Logging 1 parameters
[2025-10-01 19:48:42,509][anemoi.training.diagnostics.mlflow.logger][INFO] - Terminal Log Path: /scratch/momc/plots/221db30a0fd147b0be616dfc37000cf5/plots/terminal_log.txt
[2025-10-01 19:48:42,509][anemoi.training.diagnostics.mlflow.logger][INFO] - SLURM job id: 35068200
[2025-10-01 19:48:42,509][anemoi.training.train.train][INFO] - Mlflow Run id: 221db30a0fd147b0be616dfc37000cf5
[2025-10-01 19:48:42,510][anemoi.training.train.train][INFO] - Run id: 221db30a0fd147b0be616dfc37000cf5
[2025-10-01 19:48:42,510][anemoi.training.train.train][INFO] - Parent run server2server: None
[2025-10-01 19:48:42,510][anemoi.training.train.train][INFO] - Fork run server2server: None
[2025-10-01 19:48:42,510][anemoi.training.train.train][INFO] - Checkpoints path: /scratch/momc/checkpoint/221db30a0fd147b0be616dfc37000cf5
[2025-10-01 19:48:42,510][anemoi.training.train.train][INFO] - Plots path: /scratch/momc/plots/221db30a0fd147b0be616dfc37000cf5
[2025-10-01 19:48:42,510][anemoi.training.train.train][INFO] - Dry run: False
[2025-10-01 19:48:52,776][anemoi.graphs.nodes.builders.from_file][INFO] - Reading the dataset from /home/mlx/ai-ml/datasets//aifs-ea-an-oper-0001-mars-o48-1979-2022-6h-v6.zarr.
[2025-10-01 19:48:52,776][anemoi.graphs.nodes.builders.from_file][INFO] - Reading the dataset from /home/mlx/ai-ml/datasets//aifs-ea-an-oper-0001-mars-o48-1979-2022-6h-v6.zarr.
[2025-10-01 19:48:52,776][anemoi.graphs.nodes.builders.from_file][INFO] - Reading the dataset from /home/mlx/ai-ml/datasets//aifs-ea-an-oper-0001-mars-o48-1979-2022-6h-v6.zarr.
[2025-10-01 19:48:52,776][anemoi.graphs.nodes.builders.from_file][INFO] - Reading the dataset from /home/mlx/ai-ml/datasets//aifs-ea-an-oper-0001-mars-o48-1979-2022-6h-v6.zarr.
[2025-10-01 19:48:56,758][anemoi.graphs.edges.builders.cutoff][INFO] - Using CutOff-Edges (with radius = 208.3 km) between data and hidden.
[2025-10-01 19:48:56,758][anemoi.graphs.edges.builders.cutoff][INFO] - Using CutOff-Edges (with radius = 208.3 km) between data and hidden.
[2025-10-01 19:48:56,758][anemoi.graphs.edges.builders.cutoff][INFO] - Using CutOff-Edges (with radius = 208.3 km) between data and hidden.
[2025-10-01 19:48:56,758][anemoi.graphs.edges.builders.cutoff][INFO] - Using CutOff-Edges (with radius = 208.3 km) between data and hidden.
[2025-10-01 19:48:57,043][anemoi.graphs.edges.builders.base][WARNING] - The 'torch-cluster' library is not installed. Installing 'torch-cluster' can significantly improve performance for graph creation. You can install it using 'pip install torch-cluster'.
[2025-10-01 19:48:57,043][anemoi.graphs.edges.builders.base][WARNING] - The 'torch-cluster' library is not installed. Installing 'torch-cluster' can significantly improve performance for graph creation. You can install it using 'pip install torch-cluster'.
[2025-10-01 19:48:57,043][anemoi.graphs.edges.builders.base][WARNING] - The 'torch-cluster' library is not installed. Installing 'torch-cluster' can significantly improve performance for graph creation. You can install it using 'pip install torch-cluster'.
[2025-10-01 19:48:57,043][anemoi.graphs.edges.builders.base][WARNING] - The 'torch-cluster' library is not installed. Installing 'torch-cluster' can significantly improve performance for graph creation. You can install it using 'pip install torch-cluster'.
[2025-10-01 19:48:59,359][anemoi.graphs.edges.builders.knn][INFO] - Using KNN-Edges (with 3 nearest neighbours) between hidden and data.
[2025-10-01 19:48:59,359][anemoi.graphs.edges.builders.knn][INFO] - Using KNN-Edges (with 3 nearest neighbours) between hidden and data.
[2025-10-01 19:48:59,359][anemoi.graphs.edges.builders.knn][INFO] - Using KNN-Edges (with 3 nearest neighbours) between hidden and data.
[2025-10-01 19:48:59,359][anemoi.graphs.edges.builders.knn][INFO] - Using KNN-Edges (with 3 nearest neighbours) between hidden and data.
[2025-10-01 19:48:59,359][anemoi.graphs.edges.builders.base][WARNING] - The 'torch-cluster' library is not installed. Installing 'torch-cluster' can significantly improve performance for graph creation. You can install it using 'pip install torch-cluster'.
[2025-10-01 19:48:59,359][anemoi.graphs.edges.builders.base][WARNING] - The 'torch-cluster' library is not installed. Installing 'torch-cluster' can significantly improve performance for graph creation. You can install it using 'pip install torch-cluster'.
[2025-10-01 19:48:59,360][anemoi.graphs.edges.builders.base][WARNING] - The 'torch-cluster' library is not installed. Installing 'torch-cluster' can significantly improve performance for graph creation. You can install it using 'pip install torch-cluster'.
[2025-10-01 19:48:59,360][anemoi.graphs.edges.builders.base][WARNING] - The 'torch-cluster' library is not installed. Installing 'torch-cluster' can significantly improve performance for graph creation. You can install it using 'pip install torch-cluster'.
[2025-10-01 19:48:59,389][anemoi.graphs.create][INFO] - Cleaning graph.
[2025-10-01 19:48:59,389][anemoi.graphs.create][INFO] - _grid_reference_distance deleted from graph.
[2025-10-01 19:48:59,390][anemoi.graphs.create][INFO] - _dataset deleted from graph.
[2025-10-01 19:48:59,390][anemoi.graphs.create][INFO] - _grid_reference_distance deleted from graph.
[2025-10-01 19:48:59,390][anemoi.graphs.create][INFO] - Cleaning graph.
[2025-10-01 19:48:59,390][anemoi.graphs.create][INFO] - _grid_reference_distance deleted from graph.
[2025-10-01 19:48:59,390][anemoi.graphs.create][INFO] - _dataset deleted from graph.
[2025-10-01 19:48:59,390][anemoi.graphs.create][INFO] - Cleaning graph.
[2025-10-01 19:48:59,390][anemoi.graphs.create][INFO] - _grid_reference_distance deleted from graph.
[2025-10-01 19:48:59,390][anemoi.graphs.create][INFO] - Cleaning graph.
[2025-10-01 19:48:59,390][anemoi.graphs.create][INFO] - _grid_reference_distance deleted from graph.
[2025-10-01 19:48:59,390][anemoi.graphs.create][INFO] - _dataset deleted from graph.
[2025-10-01 19:48:59,390][anemoi.graphs.create][INFO] - _grid_reference_distance deleted from graph.
[2025-10-01 19:48:59,390][anemoi.graphs.create][INFO] - _grid_reference_distance deleted from graph.
[2025-10-01 19:48:59,390][anemoi.graphs.create][INFO] - _dataset deleted from graph.
[2025-10-01 19:48:59,390][anemoi.graphs.create][INFO] - _grid_reference_distance deleted from graph.
[2025-10-01 19:48:59,452][anemoi.graphs.create][INFO] - Graph saved at /scratch/momc/graphs/graph_o32.pt.
[2025-10-01 19:48:59,452][anemoi.graphs.create][INFO] - Graph saved at /scratch/momc/graphs/graph_o32.pt.
[2025-10-01 19:48:59,453][anemoi.graphs.create][INFO] - Graph saved at /scratch/momc/graphs/graph_o32.pt.
[2025-10-01 19:48:59,453][anemoi.graphs.create][INFO] - Graph saved at /scratch/momc/graphs/graph_o32.pt.
[2025-10-01 19:49:00,770][anemoi.training.data.datamodule.singledatamodule][WARNING] - Falling back rollout to: 1
[2025-10-01 19:49:00,770][anemoi.training.data.datamodule.singledatamodule][WARNING] - Falling back rollout to: 1
[2025-10-01 19:49:00,770][anemoi.training.data.datamodule.singledatamodule][WARNING] - Falling back rollout to: 1
[2025-10-01 19:49:00,770][anemoi.training.data.datamodule.singledatamodule][INFO] - Timeincrement set to 1 for data with frequency, 21600, and timestep, 21600
[2025-10-01 19:49:00,770][anemoi.training.data.datamodule.singledatamodule][WARNING] - Falling back rollout to: 1
[2025-10-01 19:49:00,771][anemoi.training.data.datamodule.singledatamodule][INFO] - Timeincrement set to 1 for data with frequency, 21600, and timestep, 21600
[2025-10-01 19:49:00,771][anemoi.training.data.datamodule.singledatamodule][INFO] - Timeincrement set to 1 for data with frequency, 21600, and timestep, 21600
[2025-10-01 19:49:00,771][anemoi.training.data.datamodule.singledatamodule][INFO] - Timeincrement set to 1 for data with frequency, 21600, and timestep, 21600
[2025-10-01 19:49:00,773][anemoi.training.train.train][INFO] - Number of data variables: 101
[2025-10-01 19:49:00,773][anemoi.training.train.train][INFO] - Number of data variables: 101
[2025-10-01 19:49:00,773][anemoi.training.train.train][INFO] - Number of data variables: 101
[2025-10-01 19:49:00,773][anemoi.training.train.train][INFO] - Variables: ['q_50', 'q_100', 'q_150', 'q_200', 'q_250', 'q_300', 'q_400', 'q_500', 'q_600', 'q_700', 'q_850', 'q_925', 'q_1000', 't_50', 't_100', 't_150', 't_200', 't_250', 't_300', 't_400', 't_500', 't_600', 't_700', 't_850', 't_925', 't_1000', 'u_50', 'u_100', 'u_150', 'u_200', 'u_250', 'u_300', 'u_400', 'u_500', 'u_600', 'u_700', 'u_850', 'u_925', 'u_1000', 'v_50', 'v_100', 'v_150', 'v_200', 'v_250', 'v_300', 'v_400', 'v_500', 'v_600', 'v_700', 'v_850', 'v_925', 'v_1000', 'w_50', 'w_100', 'w_150', 'w_200', 'w_250', 'w_300', 'w_400', 'w_500', 'w_600', 'w_700', 'w_850', 'w_925', 'w_1000', 'z_50', 'z_100', 'z_150', 'z_200', 'z_250', 'z_300', 'z_400', 'z_500', 'z_600', 'z_700', 'z_850', 'z_925', 'z_1000', '10u', '10v', '2d', '2t', 'lsm', 'msl', 'sdor', 'skt', 'slor', 'sp', 'tcw', 'z', 'cp', 'tp', 'cos_latitude', 'cos_longitude', 'sin_latitude', 'sin_longitude', 'cos_julian_day', 'cos_local_time', 'sin_julian_day', 'sin_local_time', 'insolation']
[2025-10-01 19:49:00,773][anemoi.training.train.train][INFO] - Variables: ['q_50', 'q_100', 'q_150', 'q_200', 'q_250', 'q_300', 'q_400', 'q_500', 'q_600', 'q_700', 'q_850', 'q_925', 'q_1000', 't_50', 't_100', 't_150', 't_200', 't_250', 't_300', 't_400', 't_500', 't_600', 't_700', 't_850', 't_925', 't_1000', 'u_50', 'u_100', 'u_150', 'u_200', 'u_250', 'u_300', 'u_400', 'u_500', 'u_600', 'u_700', 'u_850', 'u_925', 'u_1000', 'v_50', 'v_100', 'v_150', 'v_200', 'v_250', 'v_300', 'v_400', 'v_500', 'v_600', 'v_700', 'v_850', 'v_925', 'v_1000', 'w_50', 'w_100', 'w_150', 'w_200', 'w_250', 'w_300', 'w_400', 'w_500', 'w_600', 'w_700', 'w_850', 'w_925', 'w_1000', 'z_50', 'z_100', 'z_150', 'z_200', 'z_250', 'z_300', 'z_400', 'z_500', 'z_600', 'z_700', 'z_850', 'z_925', 'z_1000', '10u', '10v', '2d', '2t', 'lsm', 'msl', 'sdor', 'skt', 'slor', 'sp', 'tcw', 'z', 'cp', 'tp', 'cos_latitude', 'cos_longitude', 'sin_latitude', 'sin_longitude', 'cos_julian_day', 'cos_local_time', 'sin_julian_day', 'sin_local_time', 'insolation']
[2025-10-01 19:49:00,773][anemoi.training.train.train][INFO] - Variables: ['q_50', 'q_100', 'q_150', 'q_200', 'q_250', 'q_300', 'q_400', 'q_500', 'q_600', 'q_700', 'q_850', 'q_925', 'q_1000', 't_50', 't_100', 't_150', 't_200', 't_250', 't_300', 't_400', 't_500', 't_600', 't_700', 't_850', 't_925', 't_1000', 'u_50', 'u_100', 'u_150', 'u_200', 'u_250', 'u_300', 'u_400', 'u_500', 'u_600', 'u_700', 'u_850', 'u_925', 'u_1000', 'v_50', 'v_100', 'v_150', 'v_200', 'v_250', 'v_300', 'v_400', 'v_500', 'v_600', 'v_700', 'v_850', 'v_925', 'v_1000', 'w_50', 'w_100', 'w_150', 'w_200', 'w_250', 'w_300', 'w_400', 'w_500', 'w_600', 'w_700', 'w_850', 'w_925', 'w_1000', 'z_50', 'z_100', 'z_150', 'z_200', 'z_250', 'z_300', 'z_400', 'z_500', 'z_600', 'z_700', 'z_850', 'z_925', 'z_1000', '10u', '10v', '2d', '2t', 'lsm', 'msl', 'sdor', 'skt', 'slor', 'sp', 'tcw', 'z', 'cp', 'tp', 'cos_latitude', 'cos_longitude', 'sin_latitude', 'sin_longitude', 'cos_julian_day', 'cos_local_time', 'sin_julian_day', 'sin_local_time', 'insolation']
[2025-10-01 19:49:00,773][anemoi.training.train.train][INFO] - Total number of prognostic variables: 88
[2025-10-01 19:49:00,773][anemoi.training.train.train][INFO] - Total number of prognostic variables: 88
[2025-10-01 19:49:00,773][anemoi.training.train.train][INFO] - Total number of prognostic variables: 88
[2025-10-01 19:49:00,773][anemoi.training.train.train][INFO] - Number of data variables: 101
[2025-10-01 19:49:00,773][anemoi.training.train.train][INFO] - Total number of auxiliary variables: 13
[2025-10-01 19:49:00,773][anemoi.training.train.train][INFO] - Total number of auxiliary variables: 13
[2025-10-01 19:49:00,773][anemoi.training.train.train][INFO] - Total number of auxiliary variables: 13
[2025-10-01 19:49:00,773][anemoi.training.train.train][INFO] - Variables: ['q_50', 'q_100', 'q_150', 'q_200', 'q_250', 'q_300', 'q_400', 'q_500', 'q_600', 'q_700', 'q_850', 'q_925', 'q_1000', 't_50', 't_100', 't_150', 't_200', 't_250', 't_300', 't_400', 't_500', 't_600', 't_700', 't_850', 't_925', 't_1000', 'u_50', 'u_100', 'u_150', 'u_200', 'u_250', 'u_300', 'u_400', 'u_500', 'u_600', 'u_700', 'u_850', 'u_925', 'u_1000', 'v_50', 'v_100', 'v_150', 'v_200', 'v_250', 'v_300', 'v_400', 'v_500', 'v_600', 'v_700', 'v_850', 'v_925', 'v_1000', 'w_50', 'w_100', 'w_150', 'w_200', 'w_250', 'w_300', 'w_400', 'w_500', 'w_600', 'w_700', 'w_850', 'w_925', 'w_1000', 'z_50', 'z_100', 'z_150', 'z_200', 'z_250', 'z_300', 'z_400', 'z_500', 'z_600', 'z_700', 'z_850', 'z_925', 'z_1000', '10u', '10v', '2d', '2t', 'lsm', 'msl', 'sdor', 'skt', 'slor', 'sp', 'tcw', 'z', 'cp', 'tp', 'cos_latitude', 'cos_longitude', 'sin_latitude', 'sin_longitude', 'cos_julian_day', 'cos_local_time', 'sin_julian_day', 'sin_local_time', 'insolation']
[2025-10-01 19:49:00,773][anemoi.training.train.train][INFO] - Total number of prognostic variables: 88
[2025-10-01 19:49:00,773][anemoi.training.train.train][INFO] - Total number of auxiliary variables: 13
[2025-10-01 19:49:00,773][anemoi.training.train.train][INFO] - Total GPU count / model group size: 4 - NB: the learning rate will be scaled by this factor!
[2025-10-01 19:49:00,773][anemoi.training.train.train][INFO] - Total GPU count / model group size: 4 - NB: the learning rate will be scaled by this factor!
[2025-10-01 19:49:00,773][anemoi.training.train.train][INFO] - Total GPU count / model group size: 4 - NB: the learning rate will be scaled by this factor!
[2025-10-01 19:49:00,773][anemoi.training.train.train][INFO] - Effective learning rate: 4.000e-05
[2025-10-01 19:49:00,773][anemoi.training.train.train][INFO] - Effective learning rate: 4.000e-05
[2025-10-01 19:49:00,773][anemoi.training.train.train][INFO] - Effective learning rate: 4.000e-05
[2025-10-01 19:49:00,773][anemoi.training.train.train][INFO] - Total GPU count / model group size: 4 - NB: the learning rate will be scaled by this factor!
[2025-10-01 19:49:00,774][anemoi.training.train.train][INFO] - Effective learning rate: 4.000e-05
[2025-10-01 19:49:13,835][anemoi.training.diagnostics.callbacks.plot][INFO] - Setting up asynchronous plotting ...
[2025-10-01 19:49:13,835][anemoi.training.diagnostics.callbacks.plot][INFO] - Setting up asynchronous plotting ...
[2025-10-01 19:49:13,836][anemoi.training.diagnostics.callbacks.plot][INFO] - Setting up asynchronous plotting ...
[2025-10-01 19:49:13,836][anemoi.training.diagnostics.callbacks.plot][INFO] - Setting up asynchronous plotting ...
[2025-10-01 19:49:13,837][anemoi.training.diagnostics.callbacks.plot][INFO] - Setting up asynchronous plotting ...
[2025-10-01 19:49:13,838][anemoi.training.diagnostics.callbacks.plot][INFO] - Setting up asynchronous plotting ...
[2025-10-01 19:49:13,838][anemoi.training.diagnostics.callbacks.plot][INFO] - Setting up asynchronous plotting ...
[2025-10-01 19:49:13,838][anemoi.training.diagnostics.callbacks.plot][INFO] - Setting up asynchronous plotting ...
[2025-10-01 19:49:13,878][anemoi.training.diagnostics.callbacks.plot][INFO] - Setting up asynchronous plotting ...
[2025-10-01 19:49:13,878][anemoi.training.diagnostics.callbacks.plot][INFO] - Setting up asynchronous plotting ...
[2025-10-01 19:49:13,878][anemoi.training.diagnostics.callbacks.plot][INFO] - Setting up asynchronous plotting ...
[2025-10-01 19:49:13,878][anemoi.training.diagnostics.callbacks.plot][INFO] - Setting up asynchronous plotting ...
[2025-10-01 19:49:13,878][anemoi.training.diagnostics.callbacks.plot][INFO] - Using defined accumulation colormap for fields: ['tp', 'cp']
[2025-10-01 19:49:13,878][anemoi.training.diagnostics.callbacks.plot][INFO] - Using defined accumulation colormap for fields: ['tp', 'cp']
[2025-10-01 19:49:13,878][anemoi.training.diagnostics.callbacks.plot][INFO] - Using defined accumulation colormap for fields: ['tp', 'cp']
[2025-10-01 19:49:13,879][anemoi.training.diagnostics.callbacks.plot][INFO] - Using defined accumulation colormap for fields: ['tp', 'cp']
[2025-10-01 19:49:13,880][anemoi.training.diagnostics.callbacks.plot][INFO] - Setting up asynchronous plotting ...
[2025-10-01 19:49:13,880][anemoi.training.diagnostics.callbacks.plot][INFO] - Setting up asynchronous plotting ...
[2025-10-01 19:49:13,880][anemoi.training.diagnostics.callbacks.plot][INFO] - Setting up asynchronous plotting ...
[2025-10-01 19:49:13,880][anemoi.training.diagnostics.callbacks.plot][INFO] - Setting up asynchronous plotting ...
[2025-10-01 19:49:13,881][anemoi.training.diagnostics.callbacks.plot][INFO] - Setting up asynchronous plotting ...
[2025-10-01 19:49:13,881][anemoi.training.diagnostics.callbacks.plot][INFO] - Setting up asynchronous plotting ...
[2025-10-01 19:49:13,881][anemoi.training.diagnostics.callbacks.plot][INFO] - Setting up asynchronous plotting ...
[2025-10-01 19:49:13,882][anemoi.training.diagnostics.callbacks.plot][INFO] - Using precip histogram plotting method for fields: ['tp', 'cp'].
[2025-10-01 19:49:13,882][anemoi.training.diagnostics.callbacks.plot][INFO] - Using precip histogram plotting method for fields: ['tp', 'cp'].
[2025-10-01 19:49:13,882][anemoi.training.diagnostics.callbacks.plot][INFO] - Using precip histogram plotting method for fields: ['tp', 'cp'].
[2025-10-01 19:49:13,882][anemoi.training.diagnostics.callbacks.plot][INFO] - Setting up asynchronous plotting ...
[2025-10-01 19:49:13,882][anemoi.training.diagnostics.callbacks.plot][INFO] - Using precip histogram plotting method for fields: ['tp', 'cp'].
[2025-10-01 19:49:13,933][anemoi.models.migrations.migrator][INFO] - Loading migration 1755530253_initial
[2025-10-01 19:49:13,933][anemoi.models.migrations.migrator][INFO] - Loading migration 1755530253_initial
[2025-10-01 19:49:13,933][anemoi.models.migrations.migrator][INFO] - Loading migration 1755530253_initial
[2025-10-01 19:49:13,933][anemoi.models.migrations.migrator][INFO] - Loading migration 1755530253_initial
[2025-10-01 19:49:14,032][anemoi.training.train.train][INFO] - MLFlow logger enabled
[2025-10-01 19:49:14,032][anemoi.training.train.train][INFO] - MLFlow logger enabled
[2025-10-01 19:49:14,032][anemoi.training.train.train][INFO] - MLFlow logger enabled
[2025-10-01 19:49:14,032][anemoi.training.train.train][INFO] - MLFlow logger enabled
[2025-10-01 19:49:14,034][pytorch_lightning.utilities.rank_zero][INFO] - Using 16bit Automatic Mixed Precision (AMP)
[2025-10-01 19:49:14,050][pytorch_lightning.utilities.rank_zero][INFO] - GPU available: True (cuda), used: True
[2025-10-01 19:49:14,050][pytorch_lightning.utilities.rank_zero][INFO] - TPU available: False, using: 0 TPU cores
[2025-10-01 19:49:14,050][pytorch_lightning.utilities.rank_zero][INFO] - HPU available: False, using: 0 HPUs
[2025-10-01 19:49:14,111][lightning_fabric.utilities.seed][INFO] - [rank: 2] Seed set to 35068200
[2025-10-01 19:49:14,112][lightning_fabric.utilities.seed][INFO] - [rank: 0] Seed set to 35068200
[2025-10-01 19:49:14,112][lightning_fabric.utilities.seed][INFO] - [rank: 3] Seed set to 35068200
[2025-10-01 19:49:14,112][lightning_fabric.utilities.seed][INFO] - [rank: 1] Seed set to 35068200
[2025-10-01 19:49:14,154][anemoi.training.train.train][INFO] - Initial seed: Rank 1, initial seed 35068200, running with random seed: 35068200
[2025-10-01 19:49:14,154][anemoi.training.train.train][INFO] - Initial seed: Rank 0, initial seed 35068200, running with random seed: 35068200
[2025-10-01 19:49:14,154][anemoi.training.train.train][INFO] - Initial seed: Rank 3, initial seed 35068200, running with random seed: 35068200
[2025-10-01 19:49:14,154][anemoi.training.train.train][INFO] - Initial seed: Rank 2, initial seed 35068200, running with random seed: 35068200
[2025-10-01 19:49:26,954][anemoi.models.preprocessing.normalizer][INFO] - Normalizing: lsm is not normalized.
[2025-10-01 19:49:26,954][anemoi.models.preprocessing.normalizer][INFO] - Normalizing: lsm is not normalized.
[2025-10-01 19:49:26,955][anemoi.models.preprocessing.normalizer][INFO] - Normalizing: cos_latitude is not normalized.
[2025-10-01 19:49:26,955][anemoi.models.preprocessing.normalizer][INFO] - Normalizing: lsm is not normalized.
[2025-10-01 19:49:26,955][anemoi.models.preprocessing.normalizer][INFO] - Normalizing: cos_latitude is not normalized.
[2025-10-01 19:49:26,955][anemoi.models.preprocessing.normalizer][INFO] - Normalizing: cos_longitude is not normalized.
[2025-10-01 19:49:26,955][anemoi.models.preprocessing.normalizer][INFO] - Normalizing: cos_longitude is not normalized.
[2025-10-01 19:49:26,955][anemoi.models.preprocessing.normalizer][INFO] - Normalizing: cos_latitude is not normalized.
[2025-10-01 19:49:26,955][anemoi.models.preprocessing.normalizer][INFO] - Normalizing: sin_latitude is not normalized.
[2025-10-01 19:49:26,955][anemoi.models.preprocessing.normalizer][INFO] - Normalizing: lsm is not normalized.
[2025-10-01 19:49:26,955][anemoi.models.preprocessing.normalizer][INFO] - Normalizing: sin_latitude is not normalized.
[2025-10-01 19:49:26,955][anemoi.models.preprocessing.normalizer][INFO] - Normalizing: cos_longitude is not normalized.
[2025-10-01 19:49:26,955][anemoi.models.preprocessing.normalizer][INFO] - Normalizing: sin_longitude is not normalized.
[2025-10-01 19:49:26,955][anemoi.models.preprocessing.normalizer][INFO] - Normalizing: sin_longitude is not normalized.
[2025-10-01 19:49:26,955][anemoi.models.preprocessing.normalizer][INFO] - Normalizing: cos_latitude is not normalized.
[2025-10-01 19:49:26,955][anemoi.models.preprocessing.normalizer][INFO] - Normalizing: sin_latitude is not normalized.
[2025-10-01 19:49:26,955][anemoi.models.preprocessing.normalizer][INFO] - Normalizing: cos_julian_day is not normalized.
[2025-10-01 19:49:26,955][anemoi.models.preprocessing.normalizer][INFO] - Normalizing: cos_julian_day is not normalized.
[2025-10-01 19:49:26,955][anemoi.models.preprocessing.normalizer][INFO] - Normalizing: cos_longitude is not normalized.
[2025-10-01 19:49:26,955][anemoi.models.preprocessing.normalizer][INFO] - Normalizing: sin_longitude is not normalized.
[2025-10-01 19:49:26,955][anemoi.models.preprocessing.normalizer][INFO] - Normalizing: cos_local_time is not normalized.
[2025-10-01 19:49:26,955][anemoi.models.preprocessing.normalizer][INFO] - Normalizing: cos_local_time is not normalized.
[2025-10-01 19:49:26,955][anemoi.models.preprocessing.normalizer][INFO] - Normalizing: sin_latitude is not normalized.
[2025-10-01 19:49:26,955][anemoi.models.preprocessing.normalizer][INFO] - Normalizing: cos_julian_day is not normalized.
[2025-10-01 19:49:26,955][anemoi.models.preprocessing.normalizer][INFO] - Normalizing: sin_julian_day is not normalized.
[2025-10-01 19:49:26,955][anemoi.models.preprocessing.normalizer][INFO] - Normalizing: sin_julian_day is not normalized.
[2025-10-01 19:49:26,955][anemoi.models.preprocessing.normalizer][INFO] - Normalizing: sin_longitude is not normalized.
[2025-10-01 19:49:26,955][anemoi.models.preprocessing.normalizer][INFO] - Normalizing: cos_local_time is not normalized.
[2025-10-01 19:49:26,955][anemoi.models.preprocessing.normalizer][INFO] - Normalizing: sin_local_time is not normalized.
[2025-10-01 19:49:26,955][anemoi.models.preprocessing.normalizer][INFO] - Normalizing: sin_local_time is not normalized.
[2025-10-01 19:49:26,955][anemoi.models.preprocessing.normalizer][INFO] - Normalizing: cos_julian_day is not normalized.
[2025-10-01 19:49:26,955][anemoi.models.preprocessing.normalizer][INFO] - Normalizing: sin_julian_day is not normalized.
[2025-10-01 19:49:26,955][anemoi.models.preprocessing.normalizer][INFO] - Normalizing: insolation is not normalized.
[2025-10-01 19:49:26,955][anemoi.models.preprocessing.normalizer][INFO] - Normalizing: insolation is not normalized.
[2025-10-01 19:49:26,955][anemoi.models.preprocessing.normalizer][INFO] - Normalizing: cos_local_time is not normalized.
[2025-10-01 19:49:26,955][anemoi.models.preprocessing.normalizer][INFO] - Normalizing: sin_local_time is not normalized.
[2025-10-01 19:49:26,955][anemoi.models.preprocessing.normalizer][INFO] - Normalizing: sin_julian_day is not normalized.
[2025-10-01 19:49:26,955][anemoi.models.preprocessing.normalizer][INFO] - Normalizing: insolation is not normalized.
[2025-10-01 19:49:26,955][anemoi.models.preprocessing.normalizer][INFO] - Normalizing: sin_local_time is not normalized.
[2025-10-01 19:49:26,955][anemoi.models.preprocessing.normalizer][INFO] - Normalizing: insolation is not normalized.
[2025-10-01 19:49:27,297][anemoi.models.layers.utils][INFO] - Linear kernel: torch.nn.Linear.
[2025-10-01 19:49:27,297][anemoi.models.layers.utils][INFO] - Linear kernel: torch.nn.Linear.
[2025-10-01 19:49:27,297][anemoi.models.layers.utils][INFO] - Linear kernel: torch.nn.Linear.
[2025-10-01 19:49:27,297][anemoi.models.layers.utils][INFO] - Linear kernel: torch.nn.Linear.
[2025-10-01 19:49:27,297][anemoi.models.layers.utils][INFO] - LayerNorm kernel: torch.nn.LayerNorm.
[2025-10-01 19:49:27,297][anemoi.models.layers.utils][INFO] - LayerNorm kernel: torch.nn.LayerNorm.
[2025-10-01 19:49:27,298][anemoi.models.layers.utils][INFO] - LayerNorm kernel: torch.nn.LayerNorm.
[2025-10-01 19:49:27,298][anemoi.models.layers.utils][INFO] - LayerNorm kernel: torch.nn.LayerNorm.
[2025-10-01 19:49:27,298][anemoi.models.layers.utils][INFO] - Activation kernel: torch.nn.GELU.
[2025-10-01 19:49:27,298][anemoi.models.layers.utils][INFO] - Activation kernel: torch.nn.GELU.
[2025-10-01 19:49:27,298][anemoi.models.layers.utils][INFO] - Activation kernel: torch.nn.GELU.
[2025-10-01 19:49:27,298][anemoi.models.layers.utils][INFO] - Activation kernel: torch.nn.GELU.
[2025-10-01 19:49:27,323][anemoi.models.layers.utils][INFO] - QueryNorm kernel: anemoi.models.layers.normalization.AutocastLayerNorm.
[2025-10-01 19:49:27,323][anemoi.models.layers.utils][INFO] - QueryNorm kernel: anemoi.models.layers.normalization.AutocastLayerNorm.
[2025-10-01 19:49:27,323][anemoi.models.layers.utils][INFO] - QueryNorm kernel: anemoi.models.layers.normalization.AutocastLayerNorm.
[2025-10-01 19:49:27,323][anemoi.models.layers.utils][INFO] - QueryNorm kernel: anemoi.models.layers.normalization.AutocastLayerNorm.
[2025-10-01 19:49:27,324][anemoi.models.layers.utils][INFO] - KeyNorm kernel: anemoi.models.layers.normalization.AutocastLayerNorm.
[2025-10-01 19:49:27,324][anemoi.models.layers.utils][INFO] - KeyNorm kernel: anemoi.models.layers.normalization.AutocastLayerNorm.
[2025-10-01 19:49:27,324][anemoi.models.layers.utils][INFO] - KeyNorm kernel: anemoi.models.layers.normalization.AutocastLayerNorm.
[2025-10-01 19:49:27,324][anemoi.models.layers.utils][INFO] - KeyNorm kernel: anemoi.models.layers.normalization.AutocastLayerNorm.
[2025-10-01 19:49:27,520][anemoi.models.layers.utils][INFO] - Linear kernel: torch.nn.Linear.
[2025-10-01 19:49:27,520][anemoi.models.layers.utils][INFO] - Linear kernel: torch.nn.Linear.
[2025-10-01 19:49:27,520][anemoi.models.layers.utils][INFO] - Linear kernel: torch.nn.Linear.
[2025-10-01 19:49:27,520][anemoi.models.layers.utils][INFO] - Linear kernel: torch.nn.Linear.
[2025-10-01 19:49:27,521][anemoi.models.layers.utils][INFO] - LayerNorm kernel: torch.nn.LayerNorm.
[2025-10-01 19:49:27,521][anemoi.models.layers.utils][INFO] - LayerNorm kernel: torch.nn.LayerNorm.
[2025-10-01 19:49:27,521][anemoi.models.layers.utils][INFO] - LayerNorm kernel: torch.nn.LayerNorm.
[2025-10-01 19:49:27,521][anemoi.models.layers.utils][INFO] - LayerNorm kernel: torch.nn.LayerNorm.
[2025-10-01 19:49:27,521][anemoi.models.layers.utils][INFO] - Activation kernel: torch.nn.GELU.
[2025-10-01 19:49:27,521][anemoi.models.layers.utils][INFO] - Activation kernel: torch.nn.GELU.
[2025-10-01 19:49:27,521][anemoi.models.layers.utils][INFO] - Activation kernel: torch.nn.GELU.
[2025-10-01 19:49:27,521][anemoi.models.layers.utils][INFO] - Activation kernel: torch.nn.GELU.
[2025-10-01 19:49:27,522][anemoi.models.layers.utils][INFO] - QueryNorm kernel: anemoi.models.layers.normalization.AutocastLayerNorm.
[2025-10-01 19:49:27,522][anemoi.models.layers.utils][INFO] - QueryNorm kernel: anemoi.models.layers.normalization.AutocastLayerNorm.
[2025-10-01 19:49:27,522][anemoi.models.layers.utils][INFO] - QueryNorm kernel: anemoi.models.layers.normalization.AutocastLayerNorm.
[2025-10-01 19:49:27,522][anemoi.models.layers.utils][INFO] - QueryNorm kernel: anemoi.models.layers.normalization.AutocastLayerNorm.
[2025-10-01 19:49:27,523][anemoi.models.layers.utils][INFO] - KeyNorm kernel: anemoi.models.layers.normalization.AutocastLayerNorm.
[2025-10-01 19:49:27,523][anemoi.models.layers.utils][INFO] - KeyNorm kernel: anemoi.models.layers.normalization.AutocastLayerNorm.
[2025-10-01 19:49:27,523][anemoi.models.layers.utils][INFO] - KeyNorm kernel: anemoi.models.layers.normalization.AutocastLayerNorm.
[2025-10-01 19:49:27,523][anemoi.models.layers.utils][INFO] - KeyNorm kernel: anemoi.models.layers.normalization.AutocastLayerNorm.
[2025-10-01 19:49:27,756][anemoi.models.layers.attention][INFO] - Using flash attention v2
[2025-10-01 19:49:27,756][anemoi.models.layers.attention][INFO] - Using flash attention v2
[2025-10-01 19:49:27,756][anemoi.models.layers.attention][INFO] - Using flash attention v2
[2025-10-01 19:49:27,756][anemoi.models.layers.attention][INFO] - Using flash attention v2
[2025-10-01 19:49:27,762][anemoi.models.layers.attention][INFO] - Using flash attention v2
[2025-10-01 19:49:27,762][anemoi.models.layers.attention][INFO] - Using flash attention v2
[2025-10-01 19:49:27,762][anemoi.models.layers.attention][INFO] - Using flash attention v2
[2025-10-01 19:49:27,767][anemoi.models.layers.attention][INFO] - Using flash attention v2
[2025-10-01 19:49:27,767][anemoi.models.layers.attention][INFO] - Using flash attention v2
[2025-10-01 19:49:27,767][anemoi.models.layers.attention][INFO] - Using flash attention v2
[2025-10-01 19:49:27,768][anemoi.models.layers.attention][INFO] - Using flash attention v2
[2025-10-01 19:49:27,772][anemoi.models.layers.attention][INFO] - Using flash attention v2
[2025-10-01 19:49:27,773][anemoi.models.layers.attention][INFO] - Using flash attention v2
[2025-10-01 19:49:27,773][anemoi.models.layers.attention][INFO] - Using flash attention v2
[2025-10-01 19:49:27,773][anemoi.models.layers.attention][INFO] - Using flash attention v2
[2025-10-01 19:49:27,778][anemoi.models.layers.attention][INFO] - Using flash attention v2
[2025-10-01 19:49:27,778][anemoi.models.layers.attention][INFO] - Using flash attention v2
[2025-10-01 19:49:27,778][anemoi.models.layers.attention][INFO] - Using flash attention v2
[2025-10-01 19:49:27,778][anemoi.models.layers.attention][INFO] - Using flash attention v2
[2025-10-01 19:49:27,783][anemoi.models.layers.attention][INFO] - Using flash attention v2
[2025-10-01 19:49:27,783][anemoi.models.layers.attention][INFO] - Using flash attention v2
[2025-10-01 19:49:27,784][anemoi.models.layers.attention][INFO] - Using flash attention v2
[2025-10-01 19:49:27,784][anemoi.models.layers.attention][INFO] - Using flash attention v2
[2025-10-01 19:49:27,789][anemoi.models.layers.attention][INFO] - Using flash attention v2
[2025-10-01 19:49:27,789][anemoi.models.layers.attention][INFO] - Using flash attention v2
[2025-10-01 19:49:27,789][anemoi.models.layers.attention][INFO] - Using flash attention v2
[2025-10-01 19:49:27,789][anemoi.models.layers.attention][INFO] - Using flash attention v2
[2025-10-01 19:49:27,794][anemoi.models.layers.attention][INFO] - Using flash attention v2
[2025-10-01 19:49:27,794][anemoi.models.layers.attention][INFO] - Using flash attention v2
[2025-10-01 19:49:27,794][anemoi.models.layers.attention][INFO] - Using flash attention v2
[2025-10-01 19:49:27,795][anemoi.models.layers.attention][INFO] - Using flash attention v2
[2025-10-01 19:49:27,800][anemoi.models.layers.attention][INFO] - Using flash attention v2
[2025-10-01 19:49:27,800][anemoi.models.layers.attention][INFO] - Using flash attention v2
[2025-10-01 19:49:27,800][anemoi.models.layers.attention][INFO] - Using flash attention v2
[2025-10-01 19:49:27,800][anemoi.models.layers.attention][INFO] - Using flash attention v2
[2025-10-01 19:49:27,805][anemoi.models.layers.attention][INFO] - Using flash attention v2
[2025-10-01 19:49:27,805][anemoi.models.layers.attention][INFO] - Using flash attention v2
[2025-10-01 19:49:27,805][anemoi.models.layers.attention][INFO] - Using flash attention v2
[2025-10-01 19:49:27,806][anemoi.models.layers.attention][INFO] - Using flash attention v2
[2025-10-01 19:49:27,810][anemoi.models.layers.attention][INFO] - Using flash attention v2
[2025-10-01 19:49:27,810][anemoi.models.layers.attention][INFO] - Using flash attention v2
[2025-10-01 19:49:27,811][anemoi.models.layers.attention][INFO] - Using flash attention v2
[2025-10-01 19:49:27,811][anemoi.models.layers.attention][INFO] - Using flash attention v2
[2025-10-01 19:49:27,816][anemoi.models.layers.attention][INFO] - Using flash attention v2
[2025-10-01 19:49:27,816][anemoi.models.layers.attention][INFO] - Using flash attention v2
[2025-10-01 19:49:27,816][anemoi.models.layers.attention][INFO] - Using flash attention v2
[2025-10-01 19:49:27,817][anemoi.models.layers.attention][INFO] - Using flash attention v2
[2025-10-01 19:49:27,821][anemoi.models.layers.attention][INFO] - Using flash attention v2
[2025-10-01 19:49:27,821][anemoi.models.layers.attention][INFO] - Using flash attention v2
[2025-10-01 19:49:27,821][anemoi.models.layers.attention][INFO] - Using flash attention v2
[2025-10-01 19:49:27,822][anemoi.models.layers.attention][INFO] - Using flash attention v2
[2025-10-01 19:49:27,826][anemoi.models.layers.attention][INFO] - Using flash attention v2
[2025-10-01 19:49:27,827][anemoi.models.layers.attention][INFO] - Using flash attention v2
[2025-10-01 19:49:27,827][anemoi.models.layers.attention][INFO] - Using flash attention v2
[2025-10-01 19:49:27,828][anemoi.models.layers.attention][INFO] - Using flash attention v2
[2025-10-01 19:49:27,832][anemoi.models.layers.attention][INFO] - Using flash attention v2
[2025-10-01 19:49:27,832][anemoi.models.layers.attention][INFO] - Using flash attention v2
[2025-10-01 19:49:27,832][anemoi.models.layers.attention][INFO] - Using flash attention v2
[2025-10-01 19:49:27,833][anemoi.models.layers.attention][INFO] - Using flash attention v2
[2025-10-01 19:49:27,837][anemoi.models.layers.attention][INFO] - Using flash attention v2
[2025-10-01 19:49:27,837][anemoi.models.layers.attention][INFO] - Using flash attention v2
[2025-10-01 19:49:27,838][anemoi.models.layers.attention][INFO] - Using flash attention v2
[2025-10-01 19:49:27,839][anemoi.models.layers.attention][INFO] - Using flash attention v2
[2025-10-01 19:49:27,844][anemoi.models.layers.attention][INFO] - Using flash attention v2
[2025-10-01 19:49:27,848][anemoi.models.layers.utils][INFO] - Linear kernel: torch.nn.Linear.
[2025-10-01 19:49:27,848][anemoi.models.layers.utils][INFO] - Linear kernel: torch.nn.Linear.
[2025-10-01 19:49:27,849][anemoi.models.layers.utils][INFO] - Linear kernel: torch.nn.Linear.
[2025-10-01 19:49:27,849][anemoi.models.layers.utils][INFO] - LayerNorm kernel: torch.nn.LayerNorm.
[2025-10-01 19:49:27,849][anemoi.models.layers.utils][INFO] - LayerNorm kernel: torch.nn.LayerNorm.
[2025-10-01 19:49:27,849][anemoi.models.layers.utils][INFO] - Activation kernel: torch.nn.GELU.
[2025-10-01 19:49:27,850][anemoi.models.layers.utils][INFO] - LayerNorm kernel: torch.nn.LayerNorm.
[2025-10-01 19:49:27,850][anemoi.models.layers.utils][INFO] - Activation kernel: torch.nn.GELU.
[2025-10-01 19:49:27,850][anemoi.models.layers.utils][INFO] - QueryNorm kernel: anemoi.models.layers.normalization.AutocastLayerNorm.
[2025-10-01 19:49:27,850][anemoi.models.layers.utils][INFO] - Activation kernel: torch.nn.GELU.
[2025-10-01 19:49:27,850][anemoi.models.layers.utils][INFO] - QueryNorm kernel: anemoi.models.layers.normalization.AutocastLayerNorm.
[2025-10-01 19:49:27,851][anemoi.models.layers.utils][INFO] - KeyNorm kernel: anemoi.models.layers.normalization.AutocastLayerNorm.
[2025-10-01 19:49:27,851][anemoi.models.layers.utils][INFO] - QueryNorm kernel: anemoi.models.layers.normalization.AutocastLayerNorm.
[2025-10-01 19:49:27,851][anemoi.models.layers.utils][INFO] - KeyNorm kernel: anemoi.models.layers.normalization.AutocastLayerNorm.
[2025-10-01 19:49:27,852][anemoi.models.layers.utils][INFO] - KeyNorm kernel: anemoi.models.layers.normalization.AutocastLayerNorm.
[2025-10-01 19:49:27,855][anemoi.models.layers.utils][INFO] - Linear kernel: torch.nn.Linear.
[2025-10-01 19:49:27,856][anemoi.models.layers.utils][INFO] - LayerNorm kernel: torch.nn.LayerNorm.
[2025-10-01 19:49:27,857][anemoi.models.layers.utils][INFO] - Activation kernel: torch.nn.GELU.
[2025-10-01 19:49:27,857][anemoi.models.layers.utils][INFO] - QueryNorm kernel: anemoi.models.layers.normalization.AutocastLayerNorm.
[2025-10-01 19:49:27,858][anemoi.models.layers.utils][INFO] - KeyNorm kernel: anemoi.models.layers.normalization.AutocastLayerNorm.
[2025-10-01 19:49:28,026][anemoi.training.losses.scalers.variable_level][INFO] - Variable Level Scaling: Applying ReluVariableLevelScaler scaling to pl variables ({'param': ['q', 't', 'u', 'v', 'w', 'z']})
[2025-10-01 19:49:28,026][anemoi.training.losses.scalers.variable_level][INFO] - with slope = 0.001 and y-intercept/minimum = 0.2.
[2025-10-01 19:49:28,026][anemoi.training.losses.scalers.variable_level][INFO] - Variable Level Scaling: Applying ReluVariableLevelScaler scaling to pl variables ({'param': ['q', 't', 'u', 'v', 'w', 'z']})
[2025-10-01 19:49:28,026][anemoi.training.losses.scalers.variable_level][INFO] - with slope = 0.001 and y-intercept/minimum = 0.2.
[2025-10-01 19:49:28,252][anemoi.training.losses.scalers.variable_level][INFO] - Variable Level Scaling: Applying ReluVariableLevelScaler scaling to pl variables ({'param': ['q', 't', 'u', 'v', 'w', 'z']})
[2025-10-01 19:49:28,252][anemoi.training.losses.scalers.variable_level][INFO] - with slope = 0.001 and y-intercept/minimum = 0.2.
[2025-10-01 19:49:28,253][anemoi.training.losses.scalers.variable_level][INFO] - Variable Level Scaling: Applying ReluVariableLevelScaler scaling to pl variables ({'param': ['q', 't', 'u', 'v', 'w', 'z']})
[2025-10-01 19:49:28,253][anemoi.training.losses.scalers.variable_level][INFO] - with slope = 0.001 and y-intercept/minimum = 0.2.
[2025-10-01 19:49:28,321][anemoi.training.train.train][INFO] - The following submodules will NOT be trained: []
[2025-10-01 19:49:28,323][anemoi.training.train.train][INFO] - The following submodules will NOT be trained: []
[2025-10-01 19:49:28,475][anemoi.training.train.train][INFO] - The following submodules will NOT be trained: []
[2025-10-01 19:49:28,476][anemoi.training.train.train][INFO] - The following submodules will NOT be trained: []
[2025-10-01 19:49:58,398][anemoi.training.utils.compile][INFO] - The following modules will be compiled: ['anemoi.models.layers.conv.GraphTransformerConv']
[2025-10-01 19:49:58,398][anemoi.training.utils.compile][INFO] - The following modules will be compiled: ['anemoi.models.layers.conv.GraphTransformerConv']
[2025-10-01 19:49:58,398][anemoi.training.utils.compile][INFO] - The following modules will be compiled: ['anemoi.models.layers.conv.GraphTransformerConv']
[2025-10-01 19:49:58,398][anemoi.training.utils.compile][INFO] - The following modules will be compiled: ['anemoi.models.layers.conv.GraphTransformerConv']
[2025-10-01 19:49:58,545][lightning_fabric.utilities.distributed][INFO] - Initializing distributed: GLOBAL_RANK: 3, MEMBER: 4/4
[2025-10-01 19:49:58,545][lightning_fabric.utilities.distributed][INFO] - Initializing distributed: GLOBAL_RANK: 2, MEMBER: 3/4
[2025-10-01 19:49:58,545][lightning_fabric.utilities.distributed][INFO] - Initializing distributed: GLOBAL_RANK: 1, MEMBER: 2/4
[2025-10-01 19:49:58,545][lightning_fabric.utilities.distributed][INFO] - Initializing distributed: GLOBAL_RANK: 0, MEMBER: 1/4
[2025-10-01 19:49:59,512][pytorch_lightning.utilities.rank_zero][INFO] - ----------------------------------------------------------------------------------------------------
distributed_backend=nccl
All distributed processes registered. Starting with 4 processes
----------------------------------------------------------------------------------------------------

[2025-10-01 19:49:59,812][pytorch_lightning.accelerators.cuda][INFO] - LOCAL_RANK: 1 - CUDA_VISIBLE_DEVICES: [0,1,2,3]
[2025-10-01 19:49:59,812][pytorch_lightning.accelerators.cuda][INFO] - LOCAL_RANK: 3 - CUDA_VISIBLE_DEVICES: [0,1,2,3]
[2025-10-01 19:49:59,812][pytorch_lightning.accelerators.cuda][INFO] - LOCAL_RANK: 0 - CUDA_VISIBLE_DEVICES: [0,1,2,3]
[2025-10-01 19:49:59,812][pytorch_lightning.accelerators.cuda][INFO] - LOCAL_RANK: 2 - CUDA_VISIBLE_DEVICES: [0,1,2,3]
[2025-10-01 19:50:00,438][lightning_fabric.utilities.seed][INFO] - [rank: 1] Seed set to 70136400
[2025-10-01 19:50:00,438][lightning_fabric.utilities.seed][INFO] - [rank: 3] Seed set to 140272800
[2025-10-01 19:50:00,438][lightning_fabric.utilities.seed][INFO] - [rank: 2] Seed set to 105204600
[2025-10-01 19:50:00,438][lightning_fabric.utilities.seed][INFO] - [rank: 0] Seed set to 35068200
[2025-10-01 19:50:00,472][pytorch_lightning.callbacks.model_summary][INFO] - 
  | Name    | Type                 | Params | Mode 
---------------------------------------------------------
0 | model   | AnemoiModelInterface | 15.0 M | train
1 | loss    | MSELoss              | 0      | train
2 | metrics | ModuleDict           | 0      | train
---------------------------------------------------------
15.0 M    Trainable params
0         Non-trainable params
15.0 M    Total params
59.997    Total estimated model params size (MB)
286       Modules in train mode
0         Modules in eval mode
[2025-10-01 19:50:00,530][anemoi.training.diagnostics.mlflow.logger][INFO] - Logging 496 parameters
[2025-10-01 19:50:02,626][pytorch_lightning.trainer.connectors.signal_connector][INFO] - SLURM auto-requeueing enabled. Setting signal handlers.
[2025-10-01 19:50:02,626][pytorch_lightning.trainer.connectors.signal_connector][INFO] - SLURM auto-requeueing enabled. Setting signal handlers.
[2025-10-01 19:50:02,626][pytorch_lightning.trainer.connectors.signal_connector][INFO] - SLURM auto-requeueing enabled. Setting signal handlers.
[2025-10-01 19:50:02,626][pytorch_lightning.trainer.connectors.signal_connector][INFO] - SLURM auto-requeueing enabled. Setting signal handlers.
[2025-10-01 19:50:03,208][anemoi.training.data.datamodule.singledatamodule][WARNING] - Falling back rollout to: 1
[2025-10-01 19:50:03,209][anemoi.training.data.datamodule.singledatamodule][WARNING] - Falling back rollout to: 1
[2025-10-01 19:50:03,214][anemoi.training.data.datamodule.singledatamodule][WARNING] - Falling back rollout to: 1
[2025-10-01 19:50:03,229][anemoi.training.data.datamodule.singledatamodule][WARNING] - Falling back rollout to: 1
[2025-10-01 19:50:03,393][anemoi.training.data.dataset.singledataset][INFO] - Worker 2 (pid 1100136, global_rank 0, model comm group 0)  has low/high range 90 / 135
[2025-10-01 19:50:03,393][anemoi.training.data.dataset.singledataset][INFO] - Worker 4 (pid 1100140, global_rank 0, model comm group 0)  has low/high range 180 / 225
[2025-10-01 19:50:03,393][anemoi.training.data.dataset.singledataset][INFO] - Worker 1 (pid 1100134, global_rank 0, model comm group 0)  has low/high range 45 / 90
[2025-10-01 19:50:03,393][anemoi.training.data.dataset.singledataset][INFO] - Worker 0 (pid 1100132, global_rank 0, model comm group 0)  has low/high range 0 / 45
[2025-10-01 19:50:03,393][anemoi.training.data.dataset.singledataset][INFO] - Worker 3 (pid 1100138, global_rank 0, model comm group 0)  has low/high range 135 / 180
[2025-10-01 19:50:03,398][anemoi.training.data.dataset.singledataset][INFO] - Worker 5 (pid 1100142, global_rank 0, model comm group 0)  has low/high range 225 / 270
[2025-10-01 19:50:03,425][anemoi.training.data.dataset.singledataset][INFO] - Worker 0 (pid 1100144, global_rank 1, model comm group 1)  has low/high range 364 / 409
[2025-10-01 19:50:03,426][anemoi.training.data.dataset.singledataset][INFO] - Worker 0 (pid 1100145, global_rank 2, model comm group 2)  has low/high range 728 / 773
[2025-10-01 19:50:03,427][anemoi.training.data.dataset.singledataset][INFO] - Worker 6 (pid 1100147, global_rank 0, model comm group 0)  has low/high range 270 / 315
[2025-10-01 19:50:03,432][anemoi.training.data.dataset.singledataset][INFO] - Worker 0 (pid 1100150, global_rank 3, model comm group 3)  has low/high range 1092 / 1137
[2025-10-01 19:50:03,447][anemoi.training.data.dataset.singledataset][INFO] - Worker 1 (pid 1100152, global_rank 1, model comm group 1)  has low/high range 409 / 454
[2025-10-01 19:50:03,451][anemoi.training.data.dataset.singledataset][INFO] - Worker 1 (pid 1100154, global_rank 2, model comm group 2)  has low/high range 773 / 818
[2025-10-01 19:50:03,457][anemoi.training.data.dataset.singledataset][INFO] - Worker 7 (pid 1100156, global_rank 0, model comm group 0)  has low/high range 315 / 360
[2025-10-01 19:50:03,458][anemoi.models.data_indices.collection][INFO] - The order of the variables in the model matches the order in the data.
[2025-10-01 19:50:03,464][anemoi.training.data.dataset.singledataset][INFO] - Worker 1 (pid 1100167, global_rank 3, model comm group 3)  has low/high range 1137 / 1182
[2025-10-01 19:50:03,470][anemoi.training.data.dataset.singledataset][INFO] - Worker 2 (pid 1100169, global_rank 1, model comm group 1)  has low/high range 454 / 499
[2025-10-01 19:50:03,476][anemoi.training.data.dataset.singledataset][INFO] - Worker 2 (pid 1100171, global_rank 2, model comm group 2)  has low/high range 818 / 863
[2025-10-01 19:50:03,494][anemoi.training.data.dataset.singledataset][INFO] - Worker 3 (pid 1100173, global_rank 1, model comm group 1)  has low/high range 499 / 544
[2025-10-01 19:50:03,496][anemoi.training.data.dataset.singledataset][INFO] - Worker 2 (pid 1100175, global_rank 3, model comm group 3)  has low/high range 1182 / 1227
[2025-10-01 19:50:03,497][anemoi.training.data.dataset.singledataset][INFO] - Worker 1 (validation, pid 1100152, glob. rank 1, model comm group 1, group_rank 0, seed group id 1, base_seed 35068200, sanity rnd 0.728164)
[2025-10-01 19:50:03,497][anemoi.training.data.dataset.singledataset][INFO] - Worker 3 (validation, pid 1100173, glob. rank 1, model comm group 1, group_rank 0, seed group id 1, base_seed 35068200, sanity rnd 0.728164)
[2025-10-01 19:50:03,497][anemoi.training.data.dataset.singledataset][INFO] - Worker 2 (validation, pid 1100171, glob. rank 2, model comm group 2, group_rank 0, seed group id 2, base_seed 35068200, sanity rnd 0.728164)
[2025-10-01 19:50:03,497][anemoi.training.data.dataset.singledataset][INFO] - Worker 2 (validation, pid 1100169, glob. rank 1, model comm group 1, group_rank 0, seed group id 1, base_seed 35068200, sanity rnd 0.728164)
[2025-10-01 19:50:03,497][anemoi.training.data.dataset.singledataset][INFO] - Worker 7 (validation, pid 1100156, glob. rank 0, model comm group 0, group_rank 0, seed group id 0, base_seed 35068200, sanity rnd 0.728164)
[2025-10-01 19:50:03,497][anemoi.training.data.dataset.singledataset][INFO] - Worker 1 (validation, pid 1100154, glob. rank 2, model comm group 2, group_rank 0, seed group id 2, base_seed 35068200, sanity rnd 0.728164)
[2025-10-01 19:50:03,497][anemoi.training.data.dataset.singledataset][INFO] - Worker 0 (validation, pid 1100144, glob. rank 1, model comm group 1, group_rank 0, seed group id 1, base_seed 35068200, sanity rnd 0.728164)
[2025-10-01 19:50:03,497][anemoi.training.data.dataset.singledataset][INFO] - Worker 0 (validation, pid 1100150, glob. rank 3, model comm group 3, group_rank 0, seed group id 3, base_seed 35068200, sanity rnd 0.728164)
[2025-10-01 19:50:03,497][anemoi.training.data.dataset.singledataset][INFO] - Worker 0 (validation, pid 1100145, glob. rank 2, model comm group 2, group_rank 0, seed group id 2, base_seed 35068200, sanity rnd 0.728164)
[2025-10-01 19:50:03,497][anemoi.training.data.dataset.singledataset][INFO] - Worker 4 (validation, pid 1100140, glob. rank 0, model comm group 0, group_rank 0, seed group id 0, base_seed 35068200, sanity rnd 0.728164)
[2025-10-01 19:50:03,497][anemoi.training.data.dataset.singledataset][INFO] - Worker 1 (validation, pid 1100134, glob. rank 0, model comm group 0, group_rank 0, seed group id 0, base_seed 35068200, sanity rnd 0.728164)
[2025-10-01 19:50:03,497][anemoi.training.data.dataset.singledataset][INFO] - Worker 1 (validation, pid 1100167, glob. rank 3, model comm group 3, group_rank 0, seed group id 3, base_seed 35068200, sanity rnd 0.728164)
[2025-10-01 19:50:03,497][anemoi.training.data.dataset.singledataset][INFO] - Worker 0 (validation, pid 1100132, glob. rank 0, model comm group 0, group_rank 0, seed group id 0, base_seed 35068200, sanity rnd 0.728164)
[2025-10-01 19:50:03,497][anemoi.training.data.dataset.singledataset][INFO] - Worker 2 (validation, pid 1100136, glob. rank 0, model comm group 0, group_rank 0, seed group id 0, base_seed 35068200, sanity rnd 0.728164)
[2025-10-01 19:50:03,497][anemoi.training.data.dataset.singledataset][INFO] - Worker 3 (validation, pid 1100138, glob. rank 0, model comm group 0, group_rank 0, seed group id 0, base_seed 35068200, sanity rnd 0.728164)
[2025-10-01 19:50:03,497][anemoi.training.data.dataset.singledataset][INFO] - Worker 6 (validation, pid 1100147, glob. rank 0, model comm group 0, group_rank 0, seed group id 0, base_seed 35068200, sanity rnd 0.728164)
[2025-10-01 19:50:03,497][anemoi.training.data.dataset.singledataset][INFO] - Worker 5 (validation, pid 1100142, glob. rank 0, model comm group 0, group_rank 0, seed group id 0, base_seed 35068200, sanity rnd 0.728164)
[2025-10-01 19:50:03,498][anemoi.training.data.dataset.singledataset][INFO] - Worker 2 (validation, pid 1100175, glob. rank 3, model comm group 3, group_rank 0, seed group id 3, base_seed 35068200, sanity rnd 0.728164)
[2025-10-01 19:50:03,503][anemoi.training.data.dataset.singledataset][INFO] - Worker 3 (pid 1100177, global_rank 2, model comm group 2)  has low/high range 863 / 908
[2025-10-01 19:50:03,505][anemoi.training.data.dataset.singledataset][INFO] - Worker 3 (validation, pid 1100177, glob. rank 2, model comm group 2, group_rank 0, seed group id 2, base_seed 35068200, sanity rnd 0.728164)
[2025-10-01 19:50:03,516][anemoi.training.data.dataset.singledataset][INFO] - Worker 4 (pid 1100179, global_rank 1, model comm group 1)  has low/high range 544 / 589
[2025-10-01 19:50:03,519][anemoi.training.data.dataset.singledataset][INFO] - Worker 4 (validation, pid 1100179, glob. rank 1, model comm group 1, group_rank 0, seed group id 1, base_seed 35068200, sanity rnd 0.728164)
[2025-10-01 19:50:03,527][anemoi.training.data.dataset.singledataset][INFO] - Worker 3 (pid 1100181, global_rank 3, model comm group 3)  has low/high range 1227 / 1272
[2025-10-01 19:50:03,529][anemoi.training.data.dataset.singledataset][INFO] - Worker 4 (pid 1100183, global_rank 2, model comm group 2)  has low/high range 908 / 953
[2025-10-01 19:50:03,529][anemoi.training.data.dataset.singledataset][INFO] - Worker 3 (validation, pid 1100181, glob. rank 3, model comm group 3, group_rank 0, seed group id 3, base_seed 35068200, sanity rnd 0.728164)
[2025-10-01 19:50:03,531][anemoi.training.data.dataset.singledataset][INFO] - Worker 4 (validation, pid 1100183, glob. rank 2, model comm group 2, group_rank 0, seed group id 2, base_seed 35068200, sanity rnd 0.728164)
[2025-10-01 19:50:03,540][anemoi.training.data.dataset.singledataset][INFO] - Worker 5 (pid 1100185, global_rank 1, model comm group 1)  has low/high range 589 / 634
[2025-10-01 19:50:03,543][anemoi.training.data.dataset.singledataset][INFO] - Worker 5 (validation, pid 1100185, glob. rank 1, model comm group 1, group_rank 0, seed group id 1, base_seed 35068200, sanity rnd 0.728164)
[2025-10-01 19:50:03,554][anemoi.training.data.dataset.singledataset][INFO] - Worker 5 (pid 1100187, global_rank 2, model comm group 2)  has low/high range 953 / 998
[2025-10-01 19:50:03,556][anemoi.training.data.dataset.singledataset][INFO] - Worker 5 (validation, pid 1100187, glob. rank 2, model comm group 2, group_rank 0, seed group id 2, base_seed 35068200, sanity rnd 0.728164)
[2025-10-01 19:50:03,557][anemoi.training.data.dataset.singledataset][INFO] - Worker 4 (pid 1100189, global_rank 3, model comm group 3)  has low/high range 1272 / 1317
[2025-10-01 19:50:03,560][anemoi.training.data.dataset.singledataset][INFO] - Worker 4 (validation, pid 1100189, glob. rank 3, model comm group 3, group_rank 0, seed group id 3, base_seed 35068200, sanity rnd 0.728164)
[2025-10-01 19:50:03,564][anemoi.training.data.dataset.singledataset][INFO] - Worker 6 (pid 1100191, global_rank 1, model comm group 1)  has low/high range 634 / 679
[2025-10-01 19:50:03,567][anemoi.training.data.dataset.singledataset][INFO] - Worker 6 (validation, pid 1100191, glob. rank 1, model comm group 1, group_rank 0, seed group id 1, base_seed 35068200, sanity rnd 0.728164)
[2025-10-01 19:50:03,580][anemoi.training.data.dataset.singledataset][INFO] - Worker 6 (pid 1100193, global_rank 2, model comm group 2)  has low/high range 998 / 1043
[2025-10-01 19:50:03,582][anemoi.training.data.dataset.singledataset][INFO] - Worker 6 (validation, pid 1100193, glob. rank 2, model comm group 2, group_rank 0, seed group id 2, base_seed 35068200, sanity rnd 0.728164)
[2025-10-01 19:50:03,588][anemoi.training.data.dataset.singledataset][INFO] - Worker 7 (pid 1100195, global_rank 1, model comm group 1)  has low/high range 679 / 724
[2025-10-01 19:50:03,588][anemoi.training.data.dataset.singledataset][INFO] - Worker 5 (pid 1100197, global_rank 3, model comm group 3)  has low/high range 1317 / 1362
[2025-10-01 19:50:03,590][anemoi.models.data_indices.collection][INFO] - The order of the variables in the model matches the order in the data.
[2025-10-01 19:50:03,591][anemoi.training.data.dataset.singledataset][INFO] - Worker 7 (validation, pid 1100195, glob. rank 1, model comm group 1, group_rank 0, seed group id 1, base_seed 35068200, sanity rnd 0.728164)
[2025-10-01 19:50:03,591][anemoi.training.data.dataset.singledataset][INFO] - Worker 5 (validation, pid 1100197, glob. rank 3, model comm group 3, group_rank 0, seed group id 3, base_seed 35068200, sanity rnd 0.728164)
[2025-10-01 19:50:03,605][anemoi.training.data.dataset.singledataset][INFO] - Worker 7 (pid 1100208, global_rank 2, model comm group 2)  has low/high range 1043 / 1088
[2025-10-01 19:50:03,606][anemoi.models.data_indices.collection][INFO] - The order of the variables in the model matches the order in the data.
[2025-10-01 19:50:03,608][anemoi.training.data.dataset.singledataset][INFO] - Worker 7 (validation, pid 1100208, glob. rank 2, model comm group 2, group_rank 0, seed group id 2, base_seed 35068200, sanity rnd 0.728164)
[2025-10-01 19:50:03,619][anemoi.training.data.dataset.singledataset][INFO] - Worker 6 (pid 1100219, global_rank 3, model comm group 3)  has low/high range 1362 / 1407
[2025-10-01 19:50:03,621][anemoi.training.data.dataset.singledataset][INFO] - Worker 6 (validation, pid 1100219, glob. rank 3, model comm group 3, group_rank 0, seed group id 3, base_seed 35068200, sanity rnd 0.728164)
[2025-10-01 19:50:03,650][anemoi.training.data.dataset.singledataset][INFO] - Worker 7 (pid 1100221, global_rank 3, model comm group 3)  has low/high range 1407 / 1452
[2025-10-01 19:50:03,651][anemoi.models.data_indices.collection][INFO] - The order of the variables in the model matches the order in the data.
[2025-10-01 19:50:03,652][anemoi.training.data.dataset.singledataset][INFO] - Worker 7 (validation, pid 1100221, glob. rank 3, model comm group 3, group_rank 0, seed group id 3, base_seed 35068200, sanity rnd 0.728164)
[2025-10-01 19:50:18,879][anemoi.training.data.dataset.singledataset][INFO] - Worker 0 (pid 1101096, global_rank 1, model comm group 1)  has low/high range 15340 / 17257
[2025-10-01 19:50:18,879][anemoi.training.data.dataset.singledataset][INFO] - Worker 0 (pid 1101095, global_rank 2, model comm group 2)  has low/high range 30680 / 32597
[2025-10-01 19:50:18,881][anemoi.training.data.dataset.singledataset][INFO] - Worker 0 (train, pid 1101096, glob. rank 1, model comm group 1, group_rank 0, seed group id 1, base_seed 35068200, sanity rnd 0.728164)
[2025-10-01 19:50:18,882][anemoi.training.data.dataset.singledataset][INFO] - Worker 0 (train, pid 1101095, glob. rank 2, model comm group 2, group_rank 0, seed group id 2, base_seed 35068200, sanity rnd 0.728164)
[2025-10-01 19:50:18,882][anemoi.training.data.dataset.singledataset][INFO] - Worker 0 (pid 1101099, global_rank 0, model comm group 0)  has low/high range 0 / 1917
[2025-10-01 19:50:18,885][anemoi.training.data.dataset.singledataset][INFO] - Worker 0 (pid 1101100, global_rank 3, model comm group 3)  has low/high range 46020 / 47937
[2025-10-01 19:50:18,885][anemoi.training.data.dataset.singledataset][INFO] - Worker 0 (train, pid 1101099, glob. rank 0, model comm group 0, group_rank 0, seed group id 0, base_seed 35068200, sanity rnd 0.728164)
[2025-10-01 19:50:18,888][anemoi.training.data.dataset.singledataset][INFO] - Worker 0 (train, pid 1101100, glob. rank 3, model comm group 3, group_rank 0, seed group id 3, base_seed 35068200, sanity rnd 0.728164)
[2025-10-01 19:50:18,905][anemoi.training.data.dataset.singledataset][INFO] - Worker 1 (pid 1101103, global_rank 1, model comm group 1)  has low/high range 17257 / 19174
[2025-10-01 19:50:18,907][anemoi.training.data.dataset.singledataset][INFO] - Worker 1 (pid 1101104, global_rank 2, model comm group 2)  has low/high range 32597 / 34514
[2025-10-01 19:50:18,908][anemoi.training.data.dataset.singledataset][INFO] - Worker 1 (train, pid 1101103, glob. rank 1, model comm group 1, group_rank 0, seed group id 1, base_seed 35068200, sanity rnd 0.728164)
[2025-10-01 19:50:18,910][anemoi.training.data.dataset.singledataset][INFO] - Worker 1 (train, pid 1101104, glob. rank 2, model comm group 2, group_rank 0, seed group id 2, base_seed 35068200, sanity rnd 0.728164)
[2025-10-01 19:50:18,921][anemoi.training.data.dataset.singledataset][INFO] - Worker 1 (pid 1101107, global_rank 0, model comm group 0)  has low/high range 1917 / 3834
[2025-10-01 19:50:18,924][anemoi.training.data.dataset.singledataset][INFO] - Worker 1 (train, pid 1101107, glob. rank 0, model comm group 0, group_rank 0, seed group id 0, base_seed 35068200, sanity rnd 0.728164)
[2025-10-01 19:50:18,925][anemoi.training.data.dataset.singledataset][INFO] - Worker 1 (pid 1101109, global_rank 3, model comm group 3)  has low/high range 47937 / 49854
[2025-10-01 19:50:18,928][anemoi.training.data.dataset.singledataset][INFO] - Worker 1 (train, pid 1101109, glob. rank 3, model comm group 3, group_rank 0, seed group id 3, base_seed 35068200, sanity rnd 0.728164)
[2025-10-01 19:50:18,935][anemoi.training.data.dataset.singledataset][INFO] - Worker 2 (pid 1101111, global_rank 1, model comm group 1)  has low/high range 19174 / 21091
[2025-10-01 19:50:18,938][anemoi.training.data.dataset.singledataset][INFO] - Worker 2 (pid 1101113, global_rank 2, model comm group 2)  has low/high range 34514 / 36431
[2025-10-01 19:50:18,938][anemoi.training.data.dataset.singledataset][INFO] - Worker 2 (train, pid 1101111, glob. rank 1, model comm group 1, group_rank 0, seed group id 1, base_seed 35068200, sanity rnd 0.728164)
[2025-10-01 19:50:18,941][anemoi.training.data.dataset.singledataset][INFO] - Worker 2 (train, pid 1101113, glob. rank 2, model comm group 2, group_rank 0, seed group id 2, base_seed 35068200, sanity rnd 0.728164)
[2025-10-01 19:50:18,960][anemoi.training.data.dataset.singledataset][INFO] - Worker 2 (pid 1101115, global_rank 0, model comm group 0)  has low/high range 3834 / 5751
[2025-10-01 19:50:18,962][anemoi.training.data.dataset.singledataset][INFO] - Worker 2 (train, pid 1101115, glob. rank 0, model comm group 0, group_rank 0, seed group id 0, base_seed 35068200, sanity rnd 0.728164)
[2025-10-01 19:50:18,964][anemoi.training.data.dataset.singledataset][INFO] - Worker 3 (pid 1101117, global_rank 1, model comm group 1)  has low/high range 21091 / 23008
[2025-10-01 19:50:18,968][anemoi.training.data.dataset.singledataset][INFO] - Worker 2 (pid 1101118, global_rank 3, model comm group 3)  has low/high range 49854 / 51771
[2025-10-01 19:50:18,968][anemoi.training.data.dataset.singledataset][INFO] - Worker 3 (train, pid 1101117, glob. rank 1, model comm group 1, group_rank 0, seed group id 1, base_seed 35068200, sanity rnd 0.728164)
[2025-10-01 19:50:18,969][anemoi.training.data.dataset.singledataset][INFO] - Worker 3 (pid 1101120, global_rank 2, model comm group 2)  has low/high range 36431 / 38348
[2025-10-01 19:50:18,970][anemoi.training.data.dataset.singledataset][INFO] - Worker 2 (train, pid 1101118, glob. rank 3, model comm group 3, group_rank 0, seed group id 3, base_seed 35068200, sanity rnd 0.728164)
[2025-10-01 19:50:18,972][anemoi.training.data.dataset.singledataset][INFO] - Worker 3 (train, pid 1101120, glob. rank 2, model comm group 2, group_rank 0, seed group id 2, base_seed 35068200, sanity rnd 0.728164)
[2025-10-01 19:50:18,994][anemoi.training.data.dataset.singledataset][INFO] - Worker 4 (pid 1101123, global_rank 1, model comm group 1)  has low/high range 23008 / 24925
[2025-10-01 19:50:18,997][anemoi.training.data.dataset.singledataset][INFO] - Worker 4 (train, pid 1101123, glob. rank 1, model comm group 1, group_rank 0, seed group id 1, base_seed 35068200, sanity rnd 0.728164)
[2025-10-01 19:50:19,000][anemoi.training.data.dataset.singledataset][INFO] - Worker 4 (pid 1101126, global_rank 2, model comm group 2)  has low/high range 38348 / 40265
[2025-10-01 19:50:19,000][anemoi.training.data.dataset.singledataset][INFO] - Worker 3 (pid 1101125, global_rank 0, model comm group 0)  has low/high range 5751 / 7668
[2025-10-01 19:50:19,002][anemoi.training.data.dataset.singledataset][INFO] - Worker 4 (train, pid 1101126, glob. rank 2, model comm group 2, group_rank 0, seed group id 2, base_seed 35068200, sanity rnd 0.728164)
[2025-10-01 19:50:19,003][anemoi.training.data.dataset.singledataset][INFO] - Worker 3 (train, pid 1101125, glob. rank 0, model comm group 0, group_rank 0, seed group id 0, base_seed 35068200, sanity rnd 0.728164)
[2025-10-01 19:50:19,011][anemoi.training.data.dataset.singledataset][INFO] - Worker 3 (pid 1101129, global_rank 3, model comm group 3)  has low/high range 51771 / 53688
[2025-10-01 19:50:19,013][anemoi.training.data.dataset.singledataset][INFO] - Worker 3 (train, pid 1101129, glob. rank 3, model comm group 3, group_rank 0, seed group id 3, base_seed 35068200, sanity rnd 0.728164)
[2025-10-01 19:50:19,024][anemoi.training.data.dataset.singledataset][INFO] - Worker 5 (pid 1101131, global_rank 1, model comm group 1)  has low/high range 24925 / 26842
[2025-10-01 19:50:19,027][anemoi.training.data.dataset.singledataset][INFO] - Worker 5 (train, pid 1101131, glob. rank 1, model comm group 1, group_rank 0, seed group id 1, base_seed 35068200, sanity rnd 0.728164)
[2025-10-01 19:50:19,033][anemoi.training.data.dataset.singledataset][INFO] - Worker 5 (pid 1101133, global_rank 2, model comm group 2)  has low/high range 40265 / 42182
[2025-10-01 19:50:19,036][anemoi.training.data.dataset.singledataset][INFO] - Worker 4 (pid 1101135, global_rank 0, model comm group 0)  has low/high range 7668 / 9585
[2025-10-01 19:50:19,037][anemoi.training.data.dataset.singledataset][INFO] - Worker 5 (train, pid 1101133, glob. rank 2, model comm group 2, group_rank 0, seed group id 2, base_seed 35068200, sanity rnd 0.728164)
[2025-10-01 19:50:19,039][anemoi.training.data.dataset.singledataset][INFO] - Worker 4 (train, pid 1101135, glob. rank 0, model comm group 0, group_rank 0, seed group id 0, base_seed 35068200, sanity rnd 0.728164)
[2025-10-01 19:50:19,053][anemoi.training.data.dataset.singledataset][INFO] - Worker 6 (pid 1101138, global_rank 1, model comm group 1)  has low/high range 26842 / 28759
[2025-10-01 19:50:19,054][anemoi.training.data.dataset.singledataset][INFO] - Worker 4 (pid 1101137, global_rank 3, model comm group 3)  has low/high range 53688 / 55605
[2025-10-01 19:50:19,056][anemoi.training.data.dataset.singledataset][INFO] - Worker 6 (train, pid 1101138, glob. rank 1, model comm group 1, group_rank 0, seed group id 1, base_seed 35068200, sanity rnd 0.728164)
[2025-10-01 19:50:19,057][anemoi.training.data.dataset.singledataset][INFO] - Worker 4 (train, pid 1101137, glob. rank 3, model comm group 3, group_rank 0, seed group id 3, base_seed 35068200, sanity rnd 0.728164)
[2025-10-01 19:50:19,065][anemoi.training.data.dataset.singledataset][INFO] - Worker 6 (pid 1101141, global_rank 2, model comm group 2)  has low/high range 42182 / 44099
[2025-10-01 19:50:19,068][anemoi.training.data.dataset.singledataset][INFO] - Worker 6 (train, pid 1101141, glob. rank 2, model comm group 2, group_rank 0, seed group id 2, base_seed 35068200, sanity rnd 0.728164)
[2025-10-01 19:50:19,080][anemoi.training.data.dataset.singledataset][INFO] - Worker 5 (pid 1101143, global_rank 0, model comm group 0)  has low/high range 9585 / 11502
[2025-10-01 19:50:19,083][anemoi.training.data.dataset.singledataset][INFO] - Worker 5 (train, pid 1101143, glob. rank 0, model comm group 0, group_rank 0, seed group id 0, base_seed 35068200, sanity rnd 0.728164)
[2025-10-01 19:50:19,084][anemoi.training.data.dataset.singledataset][INFO] - Worker 7 (pid 1101145, global_rank 1, model comm group 1)  has low/high range 28759 / 30676
[2025-10-01 19:50:19,086][anemoi.training.data.dataset.singledataset][INFO] - Worker 7 (train, pid 1101145, glob. rank 1, model comm group 1, group_rank 0, seed group id 1, base_seed 35068200, sanity rnd 0.728164)
[2025-10-01 19:50:19,096][anemoi.training.data.dataset.singledataset][INFO] - Worker 5 (pid 1101156, global_rank 3, model comm group 3)  has low/high range 55605 / 57522
[2025-10-01 19:50:19,098][anemoi.training.data.dataset.singledataset][INFO] - Worker 7 (pid 1101157, global_rank 2, model comm group 2)  has low/high range 44099 / 46016
[2025-10-01 19:50:19,099][anemoi.training.data.dataset.singledataset][INFO] - Worker 5 (train, pid 1101156, glob. rank 3, model comm group 3, group_rank 0, seed group id 3, base_seed 35068200, sanity rnd 0.728164)
[2025-10-01 19:50:19,101][anemoi.training.data.dataset.singledataset][INFO] - Worker 7 (train, pid 1101157, glob. rank 2, model comm group 2, group_rank 0, seed group id 2, base_seed 35068200, sanity rnd 0.728164)
[2025-10-01 19:50:19,119][anemoi.training.data.dataset.singledataset][INFO] - Worker 6 (pid 1101169, global_rank 0, model comm group 0)  has low/high range 11502 / 13419
[2025-10-01 19:50:19,122][anemoi.training.data.dataset.singledataset][INFO] - Worker 6 (train, pid 1101169, glob. rank 0, model comm group 0, group_rank 0, seed group id 0, base_seed 35068200, sanity rnd 0.728164)
[2025-10-01 19:50:19,137][anemoi.training.data.dataset.singledataset][INFO] - Worker 6 (pid 1101171, global_rank 3, model comm group 3)  has low/high range 57522 / 59439
[2025-10-01 19:50:19,140][anemoi.training.data.dataset.singledataset][INFO] - Worker 6 (train, pid 1101171, glob. rank 3, model comm group 3, group_rank 0, seed group id 3, base_seed 35068200, sanity rnd 0.728164)
[2025-10-01 19:50:19,161][anemoi.training.data.dataset.singledataset][INFO] - Worker 7 (pid 1101173, global_rank 0, model comm group 0)  has low/high range 13419 / 15336
[2025-10-01 19:50:19,164][anemoi.training.data.dataset.singledataset][INFO] - Worker 7 (train, pid 1101173, glob. rank 0, model comm group 0, group_rank 0, seed group id 0, base_seed 35068200, sanity rnd 0.728164)
[2025-10-01 19:50:19,179][anemoi.training.data.dataset.singledataset][INFO] - Worker 7 (pid 1101184, global_rank 3, model comm group 3)  has low/high range 59439 / 61356
[2025-10-01 19:50:19,183][anemoi.training.data.dataset.singledataset][INFO] - Worker 7 (train, pid 1101184, glob. rank 3, model comm group 3, group_rank 0, seed group id 3, base_seed 35068200, sanity rnd 0.728164)
[2025-10-01 19:50:19,673][anemoi.models.data_indices.collection][INFO] - The order of the variables in the model matches the order in the data.
[2025-10-01 19:50:19,736][anemoi.models.data_indices.collection][INFO] - The order of the variables in the model matches the order in the data.
[2025-10-01 19:50:19,864][anemoi.models.data_indices.collection][INFO] - The order of the variables in the model matches the order in the data.
[2025-10-01 19:50:20,297][anemoi.models.data_indices.collection][INFO] - The order of the variables in the model matches the order in the data.
[2025-10-01 20:13:25,099][anemoi.models.data_indices.collection][INFO] - The order of the variables in the model matches the order in the data.
[2025-10-01 20:13:25,100][anemoi.models.data_indices.collection][INFO] - The order of the variables in the model matches the order in the data.
[2025-10-01 20:13:25,100][anemoi.models.data_indices.collection][INFO] - The order of the variables in the model matches the order in the data.
[2025-10-01 20:13:25,100][anemoi.models.data_indices.collection][INFO] - The order of the variables in the model matches the order in the data.
[2025-10-01 20:14:00,888][anemoi.utils.checkpoints][INFO] - Adding extra information to checkpoint /lus/h2resw01/scratch/momc/checkpoint/221db30a0fd147b0be616dfc37000cf5/inference-last.ckpt
[2025-10-01 20:14:00,888][anemoi.utils.checkpoints][INFO] - Saving metadata to inference-last/anemoi-metadata/ai-models.json
[2025-10-01 20:14:00,890][anemoi.utils.checkpoints][INFO] - Saving supporting array `latitudes` to inference-last/anemoi-metadata/latitudes.numpy (shape=(10944,), dtype=float64)
[2025-10-01 20:14:00,890][anemoi.utils.checkpoints][INFO] - Saving supporting array `longitudes` to inference-last/anemoi-metadata/longitudes.numpy (shape=(10944,), dtype=float64)
[2025-10-01 20:14:01,930][anemoi.utils.checkpoints][INFO] - Adding extra information to checkpoint /lus/h2resw01/scratch/momc/checkpoint/221db30a0fd147b0be616dfc37000cf5/last.ckpt
[2025-10-01 20:14:01,930][anemoi.utils.checkpoints][INFO] - Saving metadata to archive/anemoi-metadata/ai-models.json
[2025-10-01 20:14:01,931][anemoi.utils.checkpoints][INFO] - Saving supporting array `latitudes` to archive/anemoi-metadata/latitudes.numpy (shape=(10944,), dtype=float64)
[2025-10-01 20:14:01,932][anemoi.utils.checkpoints][INFO] - Saving supporting array `longitudes` to archive/anemoi-metadata/longitudes.numpy (shape=(10944,), dtype=float64)
[2025-10-01 20:14:02,377][anemoi.utils.checkpoints][INFO] - Adding extra information to checkpoint /lus/h2resw01/scratch/momc/checkpoint/221db30a0fd147b0be616dfc37000cf5/inference-anemoi-by_epoch-epoch_000-step_003840.ckpt
[2025-10-01 20:14:02,377][anemoi.utils.checkpoints][INFO] - Saving metadata to inference-anemoi-by_epoch-epoch_000-step_003840/anemoi-metadata/ai-models.json
[2025-10-01 20:14:02,378][anemoi.utils.checkpoints][INFO] - Saving supporting array `latitudes` to inference-anemoi-by_epoch-epoch_000-step_003840/anemoi-metadata/latitudes.numpy (shape=(10944,), dtype=float64)
[2025-10-01 20:14:02,378][anemoi.utils.checkpoints][INFO] - Saving supporting array `longitudes` to inference-anemoi-by_epoch-epoch_000-step_003840/anemoi-metadata/longitudes.numpy (shape=(10944,), dtype=float64)
[2025-10-01 20:14:03,046][anemoi.utils.checkpoints][INFO] - Adding extra information to checkpoint /lus/h2resw01/scratch/momc/checkpoint/221db30a0fd147b0be616dfc37000cf5/anemoi-by_epoch-epoch_000-step_003840.ckpt
[2025-10-01 20:14:03,046][anemoi.utils.checkpoints][INFO] - Saving metadata to archive/anemoi-metadata/ai-models.json
[2025-10-01 20:14:03,047][anemoi.utils.checkpoints][INFO] - Saving supporting array `latitudes` to archive/anemoi-metadata/latitudes.numpy (shape=(10944,), dtype=float64)
[2025-10-01 20:14:03,048][anemoi.utils.checkpoints][INFO] - Saving supporting array `longitudes` to archive/anemoi-metadata/longitudes.numpy (shape=(10944,), dtype=float64)
[2025-10-01 20:14:03,170][anemoi.utils.checkpoints][INFO] - Adding extra information to checkpoint /lus/h2resw01/scratch/momc/checkpoint/221db30a0fd147b0be616dfc37000cf5/inference-last.ckpt
[2025-10-01 20:14:03,170][anemoi.utils.checkpoints][INFO] - Saving metadata to inference-last/anemoi-metadata/ai-models.json
[2025-10-01 20:14:03,172][anemoi.utils.checkpoints][INFO] - Saving supporting array `latitudes` to inference-last/anemoi-metadata/latitudes.numpy (shape=(10944,), dtype=float64)
[2025-10-01 20:14:03,172][anemoi.utils.checkpoints][INFO] - Saving supporting array `longitudes` to inference-last/anemoi-metadata/longitudes.numpy (shape=(10944,), dtype=float64)
[2025-10-01 20:14:03,938][anemoi.utils.checkpoints][INFO] - Adding extra information to checkpoint /lus/h2resw01/scratch/momc/checkpoint/221db30a0fd147b0be616dfc37000cf5/last.ckpt
[2025-10-01 20:14:03,938][anemoi.utils.checkpoints][INFO] - Saving metadata to archive/anemoi-metadata/ai-models.json
[2025-10-01 20:14:03,939][anemoi.utils.checkpoints][INFO] - Saving supporting array `latitudes` to archive/anemoi-metadata/latitudes.numpy (shape=(10944,), dtype=float64)
[2025-10-01 20:14:03,940][anemoi.utils.checkpoints][INFO] - Saving supporting array `longitudes` to archive/anemoi-metadata/longitudes.numpy (shape=(10944,), dtype=float64)
[2025-10-01 20:36:59,567][anemoi.models.data_indices.collection][INFO] - The order of the variables in the model matches the order in the data.
[2025-10-01 20:36:59,567][anemoi.models.data_indices.collection][INFO] - The order of the variables in the model matches the order in the data.
[2025-10-01 20:36:59,567][anemoi.models.data_indices.collection][INFO] - The order of the variables in the model matches the order in the data.
[2025-10-01 20:36:59,568][anemoi.models.data_indices.collection][INFO] - The order of the variables in the model matches the order in the data.
[2025-10-01 20:37:22,687][anemoi.utils.checkpoints][INFO] - Adding extra information to checkpoint /lus/h2resw01/scratch/momc/checkpoint/221db30a0fd147b0be616dfc37000cf5/inference-last.ckpt
[2025-10-01 20:37:22,687][anemoi.utils.checkpoints][INFO] - Saving metadata to inference-last/anemoi-metadata/ai-models.json
[2025-10-01 20:37:22,688][anemoi.utils.checkpoints][INFO] - Saving supporting array `latitudes` to inference-last/anemoi-metadata/latitudes.numpy (shape=(10944,), dtype=float64)
[2025-10-01 20:37:22,688][anemoi.utils.checkpoints][INFO] - Saving supporting array `longitudes` to inference-last/anemoi-metadata/longitudes.numpy (shape=(10944,), dtype=float64)
[2025-10-01 20:37:23,495][anemoi.utils.checkpoints][INFO] - Adding extra information to checkpoint /lus/h2resw01/scratch/momc/checkpoint/221db30a0fd147b0be616dfc37000cf5/last.ckpt
[2025-10-01 20:37:23,495][anemoi.utils.checkpoints][INFO] - Saving metadata to archive/anemoi-metadata/ai-models.json
[2025-10-01 20:37:23,496][anemoi.utils.checkpoints][INFO] - Saving supporting array `latitudes` to archive/anemoi-metadata/latitudes.numpy (shape=(10944,), dtype=float64)
[2025-10-01 20:37:23,497][anemoi.utils.checkpoints][INFO] - Saving supporting array `longitudes` to archive/anemoi-metadata/longitudes.numpy (shape=(10944,), dtype=float64)
[2025-10-01 20:37:23,640][anemoi.utils.checkpoints][INFO] - Adding extra information to checkpoint /lus/h2resw01/scratch/momc/checkpoint/221db30a0fd147b0be616dfc37000cf5/inference-anemoi-by_epoch-epoch_001-step_007680.ckpt
[2025-10-01 20:37:23,640][anemoi.utils.checkpoints][INFO] - Saving metadata to inference-anemoi-by_epoch-epoch_001-step_007680/anemoi-metadata/ai-models.json
[2025-10-01 20:37:23,642][anemoi.utils.checkpoints][INFO] - Saving supporting array `latitudes` to inference-anemoi-by_epoch-epoch_001-step_007680/anemoi-metadata/latitudes.numpy (shape=(10944,), dtype=float64)
[2025-10-01 20:37:23,642][anemoi.utils.checkpoints][INFO] - Saving supporting array `longitudes` to inference-anemoi-by_epoch-epoch_001-step_007680/anemoi-metadata/longitudes.numpy (shape=(10944,), dtype=float64)
[2025-10-01 20:37:24,376][anemoi.utils.checkpoints][INFO] - Adding extra information to checkpoint /lus/h2resw01/scratch/momc/checkpoint/221db30a0fd147b0be616dfc37000cf5/anemoi-by_epoch-epoch_001-step_007680.ckpt
[2025-10-01 20:37:24,376][anemoi.utils.checkpoints][INFO] - Saving metadata to archive/anemoi-metadata/ai-models.json
[2025-10-01 20:37:24,378][anemoi.utils.checkpoints][INFO] - Saving supporting array `latitudes` to archive/anemoi-metadata/latitudes.numpy (shape=(10944,), dtype=float64)
[2025-10-01 20:37:24,378][anemoi.utils.checkpoints][INFO] - Saving supporting array `longitudes` to archive/anemoi-metadata/longitudes.numpy (shape=(10944,), dtype=float64)
[2025-10-01 20:37:24,527][anemoi.utils.checkpoints][INFO] - Adding extra information to checkpoint /lus/h2resw01/scratch/momc/checkpoint/221db30a0fd147b0be616dfc37000cf5/inference-last.ckpt
[2025-10-01 20:37:24,527][anemoi.utils.checkpoints][INFO] - Saving metadata to inference-last/anemoi-metadata/ai-models.json
[2025-10-01 20:37:24,528][anemoi.utils.checkpoints][INFO] - Saving supporting array `latitudes` to inference-last/anemoi-metadata/latitudes.numpy (shape=(10944,), dtype=float64)
[2025-10-01 20:37:24,529][anemoi.utils.checkpoints][INFO] - Saving supporting array `longitudes` to inference-last/anemoi-metadata/longitudes.numpy (shape=(10944,), dtype=float64)
[2025-10-01 20:37:25,380][anemoi.utils.checkpoints][INFO] - Adding extra information to checkpoint /lus/h2resw01/scratch/momc/checkpoint/221db30a0fd147b0be616dfc37000cf5/last.ckpt
[2025-10-01 20:37:25,381][anemoi.utils.checkpoints][INFO] - Saving metadata to archive/anemoi-metadata/ai-models.json
[2025-10-01 20:37:25,382][anemoi.utils.checkpoints][INFO] - Saving supporting array `latitudes` to archive/anemoi-metadata/latitudes.numpy (shape=(10944,), dtype=float64)
[2025-10-01 20:37:25,382][anemoi.utils.checkpoints][INFO] - Saving supporting array `longitudes` to archive/anemoi-metadata/longitudes.numpy (shape=(10944,), dtype=float64)
[2025-10-01 21:00:22,447][anemoi.models.data_indices.collection][INFO] - The order of the variables in the model matches the order in the data.
[2025-10-01 21:00:22,448][anemoi.models.data_indices.collection][INFO] - The order of the variables in the model matches the order in the data.
[2025-10-01 21:00:22,448][anemoi.models.data_indices.collection][INFO] - The order of the variables in the model matches the order in the data.
[2025-10-01 21:00:22,448][anemoi.models.data_indices.collection][INFO] - The order of the variables in the model matches the order in the data.
[2025-10-01 21:00:54,157][anemoi.utils.checkpoints][INFO] - Adding extra information to checkpoint /lus/h2resw01/scratch/momc/checkpoint/221db30a0fd147b0be616dfc37000cf5/inference-last.ckpt
[2025-10-01 21:00:54,157][anemoi.utils.checkpoints][INFO] - Saving metadata to inference-last/anemoi-metadata/ai-models.json
[2025-10-01 21:00:54,159][anemoi.utils.checkpoints][INFO] - Saving supporting array `latitudes` to inference-last/anemoi-metadata/latitudes.numpy (shape=(10944,), dtype=float64)
[2025-10-01 21:00:54,159][anemoi.utils.checkpoints][INFO] - Saving supporting array `longitudes` to inference-last/anemoi-metadata/longitudes.numpy (shape=(10944,), dtype=float64)
[2025-10-01 21:00:55,079][anemoi.utils.checkpoints][INFO] - Adding extra information to checkpoint /lus/h2resw01/scratch/momc/checkpoint/221db30a0fd147b0be616dfc37000cf5/last.ckpt
[2025-10-01 21:00:55,079][anemoi.utils.checkpoints][INFO] - Saving metadata to archive/anemoi-metadata/ai-models.json
[2025-10-01 21:00:55,080][anemoi.utils.checkpoints][INFO] - Saving supporting array `latitudes` to archive/anemoi-metadata/latitudes.numpy (shape=(10944,), dtype=float64)
[2025-10-01 21:00:55,080][anemoi.utils.checkpoints][INFO] - Saving supporting array `longitudes` to archive/anemoi-metadata/longitudes.numpy (shape=(10944,), dtype=float64)
[2025-10-01 21:00:55,193][anemoi.utils.checkpoints][INFO] - Adding extra information to checkpoint /lus/h2resw01/scratch/momc/checkpoint/221db30a0fd147b0be616dfc37000cf5/inference-anemoi-by_epoch-epoch_002-step_011520.ckpt
[2025-10-01 21:00:55,193][anemoi.utils.checkpoints][INFO] - Saving metadata to inference-anemoi-by_epoch-epoch_002-step_011520/anemoi-metadata/ai-models.json
[2025-10-01 21:00:55,194][anemoi.utils.checkpoints][INFO] - Saving supporting array `latitudes` to inference-anemoi-by_epoch-epoch_002-step_011520/anemoi-metadata/latitudes.numpy (shape=(10944,), dtype=float64)
[2025-10-01 21:00:55,194][anemoi.utils.checkpoints][INFO] - Saving supporting array `longitudes` to inference-anemoi-by_epoch-epoch_002-step_011520/anemoi-metadata/longitudes.numpy (shape=(10944,), dtype=float64)
[2025-10-01 21:00:55,890][anemoi.utils.checkpoints][INFO] - Adding extra information to checkpoint /lus/h2resw01/scratch/momc/checkpoint/221db30a0fd147b0be616dfc37000cf5/anemoi-by_epoch-epoch_002-step_011520.ckpt
[2025-10-01 21:00:55,890][anemoi.utils.checkpoints][INFO] - Saving metadata to archive/anemoi-metadata/ai-models.json
[2025-10-01 21:00:55,892][anemoi.utils.checkpoints][INFO] - Saving supporting array `latitudes` to archive/anemoi-metadata/latitudes.numpy (shape=(10944,), dtype=float64)
[2025-10-01 21:00:55,892][anemoi.utils.checkpoints][INFO] - Saving supporting array `longitudes` to archive/anemoi-metadata/longitudes.numpy (shape=(10944,), dtype=float64)
[2025-10-01 21:00:56,017][anemoi.utils.checkpoints][INFO] - Adding extra information to checkpoint /lus/h2resw01/scratch/momc/checkpoint/221db30a0fd147b0be616dfc37000cf5/inference-last.ckpt
[2025-10-01 21:00:56,017][anemoi.utils.checkpoints][INFO] - Saving metadata to inference-last/anemoi-metadata/ai-models.json
[2025-10-01 21:00:56,018][anemoi.utils.checkpoints][INFO] - Saving supporting array `latitudes` to inference-last/anemoi-metadata/latitudes.numpy (shape=(10944,), dtype=float64)
[2025-10-01 21:00:56,018][anemoi.utils.checkpoints][INFO] - Saving supporting array `longitudes` to inference-last/anemoi-metadata/longitudes.numpy (shape=(10944,), dtype=float64)
[2025-10-01 21:00:56,792][anemoi.utils.checkpoints][INFO] - Adding extra information to checkpoint /lus/h2resw01/scratch/momc/checkpoint/221db30a0fd147b0be616dfc37000cf5/last.ckpt
[2025-10-01 21:00:56,792][anemoi.utils.checkpoints][INFO] - Saving metadata to archive/anemoi-metadata/ai-models.json
[2025-10-01 21:00:56,793][anemoi.utils.checkpoints][INFO] - Saving supporting array `latitudes` to archive/anemoi-metadata/latitudes.numpy (shape=(10944,), dtype=float64)
[2025-10-01 21:00:56,794][anemoi.utils.checkpoints][INFO] - Saving supporting array `longitudes` to archive/anemoi-metadata/longitudes.numpy (shape=(10944,), dtype=float64)
[2025-10-01 21:23:43,647][anemoi.models.data_indices.collection][INFO] - The order of the variables in the model matches the order in the data.
[2025-10-01 21:23:43,647][anemoi.models.data_indices.collection][INFO] - The order of the variables in the model matches the order in the data.
[2025-10-01 21:23:43,648][anemoi.models.data_indices.collection][INFO] - The order of the variables in the model matches the order in the data.
[2025-10-01 21:23:43,647][anemoi.models.data_indices.collection][INFO] - The order of the variables in the model matches the order in the data.
[2025-10-01 21:24:07,881][anemoi.utils.checkpoints][INFO] - Adding extra information to checkpoint /lus/h2resw01/scratch/momc/checkpoint/221db30a0fd147b0be616dfc37000cf5/inference-last.ckpt
[2025-10-01 21:24:07,881][anemoi.utils.checkpoints][INFO] - Saving metadata to inference-last/anemoi-metadata/ai-models.json
[2025-10-01 21:24:07,882][anemoi.utils.checkpoints][INFO] - Saving supporting array `latitudes` to inference-last/anemoi-metadata/latitudes.numpy (shape=(10944,), dtype=float64)
[2025-10-01 21:24:07,882][anemoi.utils.checkpoints][INFO] - Saving supporting array `longitudes` to inference-last/anemoi-metadata/longitudes.numpy (shape=(10944,), dtype=float64)
[2025-10-01 21:24:08,592][anemoi.utils.checkpoints][INFO] - Adding extra information to checkpoint /lus/h2resw01/scratch/momc/checkpoint/221db30a0fd147b0be616dfc37000cf5/last.ckpt
[2025-10-01 21:24:08,592][anemoi.utils.checkpoints][INFO] - Saving metadata to archive/anemoi-metadata/ai-models.json
[2025-10-01 21:24:08,593][anemoi.utils.checkpoints][INFO] - Saving supporting array `latitudes` to archive/anemoi-metadata/latitudes.numpy (shape=(10944,), dtype=float64)
[2025-10-01 21:24:08,593][anemoi.utils.checkpoints][INFO] - Saving supporting array `longitudes` to archive/anemoi-metadata/longitudes.numpy (shape=(10944,), dtype=float64)
[2025-10-01 21:24:08,714][anemoi.utils.checkpoints][INFO] - Adding extra information to checkpoint /lus/h2resw01/scratch/momc/checkpoint/221db30a0fd147b0be616dfc37000cf5/inference-anemoi-by_epoch-epoch_003-step_015360.ckpt
[2025-10-01 21:24:08,714][anemoi.utils.checkpoints][INFO] - Saving metadata to inference-anemoi-by_epoch-epoch_003-step_015360/anemoi-metadata/ai-models.json
[2025-10-01 21:24:08,721][anemoi.utils.checkpoints][INFO] - Saving supporting array `latitudes` to inference-anemoi-by_epoch-epoch_003-step_015360/anemoi-metadata/latitudes.numpy (shape=(10944,), dtype=float64)
[2025-10-01 21:24:08,721][anemoi.utils.checkpoints][INFO] - Saving supporting array `longitudes` to inference-anemoi-by_epoch-epoch_003-step_015360/anemoi-metadata/longitudes.numpy (shape=(10944,), dtype=float64)
[2025-10-01 21:24:09,431][anemoi.utils.checkpoints][INFO] - Adding extra information to checkpoint /lus/h2resw01/scratch/momc/checkpoint/221db30a0fd147b0be616dfc37000cf5/anemoi-by_epoch-epoch_003-step_015360.ckpt
[2025-10-01 21:24:09,431][anemoi.utils.checkpoints][INFO] - Saving metadata to archive/anemoi-metadata/ai-models.json
[2025-10-01 21:24:09,433][anemoi.utils.checkpoints][INFO] - Saving supporting array `latitudes` to archive/anemoi-metadata/latitudes.numpy (shape=(10944,), dtype=float64)
[2025-10-01 21:24:09,433][anemoi.utils.checkpoints][INFO] - Saving supporting array `longitudes` to archive/anemoi-metadata/longitudes.numpy (shape=(10944,), dtype=float64)
[2025-10-01 21:24:09,565][anemoi.utils.checkpoints][INFO] - Adding extra information to checkpoint /lus/h2resw01/scratch/momc/checkpoint/221db30a0fd147b0be616dfc37000cf5/inference-last.ckpt
[2025-10-01 21:24:09,565][anemoi.utils.checkpoints][INFO] - Saving metadata to inference-last/anemoi-metadata/ai-models.json
[2025-10-01 21:24:09,566][anemoi.utils.checkpoints][INFO] - Saving supporting array `latitudes` to inference-last/anemoi-metadata/latitudes.numpy (shape=(10944,), dtype=float64)
[2025-10-01 21:24:09,567][anemoi.utils.checkpoints][INFO] - Saving supporting array `longitudes` to inference-last/anemoi-metadata/longitudes.numpy (shape=(10944,), dtype=float64)
[2025-10-01 21:24:10,327][anemoi.utils.checkpoints][INFO] - Adding extra information to checkpoint /lus/h2resw01/scratch/momc/checkpoint/221db30a0fd147b0be616dfc37000cf5/last.ckpt
[2025-10-01 21:24:10,327][anemoi.utils.checkpoints][INFO] - Saving metadata to archive/anemoi-metadata/ai-models.json
[2025-10-01 21:24:10,328][anemoi.utils.checkpoints][INFO] - Saving supporting array `latitudes` to archive/anemoi-metadata/latitudes.numpy (shape=(10944,), dtype=float64)
[2025-10-01 21:24:10,328][anemoi.utils.checkpoints][INFO] - Saving supporting array `longitudes` to archive/anemoi-metadata/longitudes.numpy (shape=(10944,), dtype=float64)
[2025-10-01 21:47:19,085][anemoi.models.data_indices.collection][INFO] - The order of the variables in the model matches the order in the data.
[2025-10-01 21:47:19,084][anemoi.models.data_indices.collection][INFO] - The order of the variables in the model matches the order in the data.
[2025-10-01 21:47:19,084][anemoi.models.data_indices.collection][INFO] - The order of the variables in the model matches the order in the data.
[2025-10-01 21:47:19,092][anemoi.models.data_indices.collection][INFO] - The order of the variables in the model matches the order in the data.
[2025-10-01 21:47:41,755][anemoi.utils.checkpoints][INFO] - Adding extra information to checkpoint /lus/h2resw01/scratch/momc/checkpoint/221db30a0fd147b0be616dfc37000cf5/inference-last.ckpt
[2025-10-01 21:47:41,755][anemoi.utils.checkpoints][INFO] - Saving metadata to inference-last/anemoi-metadata/ai-models.json
[2025-10-01 21:47:41,757][anemoi.utils.checkpoints][INFO] - Saving supporting array `latitudes` to inference-last/anemoi-metadata/latitudes.numpy (shape=(10944,), dtype=float64)
[2025-10-01 21:47:41,757][anemoi.utils.checkpoints][INFO] - Saving supporting array `longitudes` to inference-last/anemoi-metadata/longitudes.numpy (shape=(10944,), dtype=float64)
[2025-10-01 21:47:42,504][anemoi.utils.checkpoints][INFO] - Adding extra information to checkpoint /lus/h2resw01/scratch/momc/checkpoint/221db30a0fd147b0be616dfc37000cf5/last.ckpt
[2025-10-01 21:47:42,505][anemoi.utils.checkpoints][INFO] - Saving metadata to archive/anemoi-metadata/ai-models.json
[2025-10-01 21:47:42,506][anemoi.utils.checkpoints][INFO] - Saving supporting array `latitudes` to archive/anemoi-metadata/latitudes.numpy (shape=(10944,), dtype=float64)
[2025-10-01 21:47:42,506][anemoi.utils.checkpoints][INFO] - Saving supporting array `longitudes` to archive/anemoi-metadata/longitudes.numpy (shape=(10944,), dtype=float64)
[2025-10-01 21:47:42,618][anemoi.utils.checkpoints][INFO] - Adding extra information to checkpoint /lus/h2resw01/scratch/momc/checkpoint/221db30a0fd147b0be616dfc37000cf5/inference-anemoi-by_epoch-epoch_004-step_019200.ckpt
[2025-10-01 21:47:42,618][anemoi.utils.checkpoints][INFO] - Saving metadata to inference-anemoi-by_epoch-epoch_004-step_019200/anemoi-metadata/ai-models.json
[2025-10-01 21:47:42,620][anemoi.utils.checkpoints][INFO] - Saving supporting array `latitudes` to inference-anemoi-by_epoch-epoch_004-step_019200/anemoi-metadata/latitudes.numpy (shape=(10944,), dtype=float64)
[2025-10-01 21:47:42,620][anemoi.utils.checkpoints][INFO] - Saving supporting array `longitudes` to inference-anemoi-by_epoch-epoch_004-step_019200/anemoi-metadata/longitudes.numpy (shape=(10944,), dtype=float64)
[2025-10-01 21:47:43,318][anemoi.utils.checkpoints][INFO] - Adding extra information to checkpoint /lus/h2resw01/scratch/momc/checkpoint/221db30a0fd147b0be616dfc37000cf5/anemoi-by_epoch-epoch_004-step_019200.ckpt
[2025-10-01 21:47:43,318][anemoi.utils.checkpoints][INFO] - Saving metadata to archive/anemoi-metadata/ai-models.json
[2025-10-01 21:47:43,319][anemoi.utils.checkpoints][INFO] - Saving supporting array `latitudes` to archive/anemoi-metadata/latitudes.numpy (shape=(10944,), dtype=float64)
[2025-10-01 21:47:43,319][anemoi.utils.checkpoints][INFO] - Saving supporting array `longitudes` to archive/anemoi-metadata/longitudes.numpy (shape=(10944,), dtype=float64)
[2025-10-01 21:47:43,447][anemoi.utils.checkpoints][INFO] - Adding extra information to checkpoint /lus/h2resw01/scratch/momc/checkpoint/221db30a0fd147b0be616dfc37000cf5/inference-last.ckpt
[2025-10-01 21:47:43,447][anemoi.utils.checkpoints][INFO] - Saving metadata to inference-last/anemoi-metadata/ai-models.json
[2025-10-01 21:47:43,448][anemoi.utils.checkpoints][INFO] - Saving supporting array `latitudes` to inference-last/anemoi-metadata/latitudes.numpy (shape=(10944,), dtype=float64)
[2025-10-01 21:47:43,449][anemoi.utils.checkpoints][INFO] - Saving supporting array `longitudes` to inference-last/anemoi-metadata/longitudes.numpy (shape=(10944,), dtype=float64)
[2025-10-01 21:47:44,188][anemoi.utils.checkpoints][INFO] - Adding extra information to checkpoint /lus/h2resw01/scratch/momc/checkpoint/221db30a0fd147b0be616dfc37000cf5/last.ckpt
[2025-10-01 21:47:44,188][anemoi.utils.checkpoints][INFO] - Saving metadata to archive/anemoi-metadata/ai-models.json
[2025-10-01 21:47:44,189][anemoi.utils.checkpoints][INFO] - Saving supporting array `latitudes` to archive/anemoi-metadata/latitudes.numpy (shape=(10944,), dtype=float64)
[2025-10-01 21:47:44,189][anemoi.utils.checkpoints][INFO] - Saving supporting array `longitudes` to archive/anemoi-metadata/longitudes.numpy (shape=(10944,), dtype=float64)
[2025-10-01 21:49:02,089][pytorch_lightning.trainer.connectors.signal_connector][INFO] - [rank: 0] Received SIGTERM: 15
[2025-10-01 21:49:02,089][pytorch_lightning.trainer.connectors.signal_connector][INFO] - [rank: 3] Received SIGTERM: 15
[2025-10-01 21:49:02,089][pytorch_lightning.trainer.connectors.signal_connector][INFO] - [rank: 2] Received SIGTERM: 15
[2025-10-01 21:49:02,089][pytorch_lightning.trainer.connectors.signal_connector][INFO] - [rank: 1] Received SIGTERM: 15
[2025-10-01 21:49:02,090][pytorch_lightning.trainer.connectors.signal_connector][INFO] - Bypassing SIGTERM: 15
[2025-10-01 21:49:02,090][pytorch_lightning.trainer.connectors.signal_connector][INFO] - Bypassing SIGTERM: 15
[2025-10-01 21:49:02,090][pytorch_lightning.trainer.connectors.signal_connector][INFO] - Bypassing SIGTERM: 15
[2025-10-01 21:49:02,090][pytorch_lightning.trainer.connectors.signal_connector][INFO] - Bypassing SIGTERM: 15
[2025-10-01 21:49:02,385][anemoi.training.diagnostics.mlflow.logger][INFO] - Stopping terminal log monitoring and saving buffered terminal outputs. Final status: FAILED
