[2025-10-01 12:59:10,904][anemoi.training.train.train][INFO] - Skipping config validation.
[2025-10-01 12:59:10,905][anemoi.training.train.train][INFO] - Starting from checkpoint: False
[2025-10-01 12:59:11,985][anemoi.training.diagnostics.logger][INFO] - Maximum number of params allowed to be logged is: 2000
[2025-10-01 12:59:11,987][anemoi.training.diagnostics.mlflow.logger][INFO] - MLflow is logging offline.
[2025-10-01 12:59:12,183][anemoi.training.diagnostics.mlflow.logger][INFO] - Logging 1 parameters
[2025-10-01 12:59:12,191][anemoi.training.diagnostics.mlflow.logger][INFO] - Terminal Log Path: /scratch/momc/plots/8663b8d36fc945dd8f2daae99afb42e7/plots/terminal_log.txt
[2025-10-01 12:59:12,191][anemoi.training.diagnostics.mlflow.logger][INFO] - SLURM job id: 34985135
[2025-10-01 12:59:12,191][anemoi.training.train.train][INFO] - Mlflow Run id: 8663b8d36fc945dd8f2daae99afb42e7
[2025-10-01 12:59:12,191][anemoi.training.train.train][INFO] - Run id: 8663b8d36fc945dd8f2daae99afb42e7
[2025-10-01 12:59:12,192][anemoi.training.train.train][INFO] - Parent run server2server: None
[2025-10-01 12:59:12,192][anemoi.training.train.train][INFO] - Fork run server2server: None
[2025-10-01 12:59:12,192][anemoi.training.train.train][INFO] - Checkpoints path: /scratch/momc/checkpoint/8663b8d36fc945dd8f2daae99afb42e7
[2025-10-01 12:59:12,192][anemoi.training.train.train][INFO] - Plots path: /scratch/momc/plots/8663b8d36fc945dd8f2daae99afb42e7
[2025-10-01 12:59:12,192][anemoi.training.train.train][INFO] - Dry run: False
[2025-10-01 12:59:12,763][anemoi.graphs.nodes.builders.from_file][INFO] - Reading the dataset from /home/mlx/ai-ml/datasets//aifs-ea-an-oper-0001-mars-o48-1979-2022-6h-v6.zarr.
[2025-10-01 12:59:14,052][anemoi.graphs.edges.builders.cutoff][INFO] - Using CutOff-Edges (with radius = 208.3 km) between data and hidden.
[2025-10-01 12:59:14,062][anemoi.graphs.edges.builders.base][WARNING] - The 'torch-cluster' library is not installed. Installing 'torch-cluster' can significantly improve performance for graph creation. You can install it using 'pip install torch-cluster'.
[2025-10-01 12:59:14,606][anemoi.graphs.edges.builders.knn][INFO] - Using KNN-Edges (with 3 nearest neighbours) between hidden and data.
[2025-10-01 12:59:14,607][anemoi.graphs.edges.builders.base][WARNING] - The 'torch-cluster' library is not installed. Installing 'torch-cluster' can significantly improve performance for graph creation. You can install it using 'pip install torch-cluster'.
[2025-10-01 12:59:14,637][anemoi.graphs.create][INFO] - Cleaning graph.
[2025-10-01 12:59:14,637][anemoi.graphs.create][INFO] - _grid_reference_distance deleted from graph.
[2025-10-01 12:59:14,637][anemoi.graphs.create][INFO] - _dataset deleted from graph.
[2025-10-01 12:59:14,637][anemoi.graphs.create][INFO] - _grid_reference_distance deleted from graph.
[2025-10-01 12:59:14,645][anemoi.graphs.create][INFO] - Graph saved at /scratch/momc/graphs/graph_o32.pt.
[2025-10-01 12:59:15,138][anemoi.training.data.datamodule.singledatamodule][WARNING] - Falling back rollout to: 1
[2025-10-01 12:59:15,139][anemoi.training.data.datamodule.singledatamodule][INFO] - Timeincrement set to 1 for data with frequency, 21600, and timestep, 21600
[2025-10-01 12:59:15,141][anemoi.training.train.train][INFO] - Number of data variables: 101
[2025-10-01 12:59:15,141][anemoi.training.train.train][INFO] - Variables: ['q_50', 'q_100', 'q_150', 'q_200', 'q_250', 'q_300', 'q_400', 'q_500', 'q_600', 'q_700', 'q_850', 'q_925', 'q_1000', 't_50', 't_100', 't_150', 't_200', 't_250', 't_300', 't_400', 't_500', 't_600', 't_700', 't_850', 't_925', 't_1000', 'u_50', 'u_100', 'u_150', 'u_200', 'u_250', 'u_300', 'u_400', 'u_500', 'u_600', 'u_700', 'u_850', 'u_925', 'u_1000', 'v_50', 'v_100', 'v_150', 'v_200', 'v_250', 'v_300', 'v_400', 'v_500', 'v_600', 'v_700', 'v_850', 'v_925', 'v_1000', 'w_50', 'w_100', 'w_150', 'w_200', 'w_250', 'w_300', 'w_400', 'w_500', 'w_600', 'w_700', 'w_850', 'w_925', 'w_1000', 'z_50', 'z_100', 'z_150', 'z_200', 'z_250', 'z_300', 'z_400', 'z_500', 'z_600', 'z_700', 'z_850', 'z_925', 'z_1000', '10u', '10v', '2d', '2t', 'lsm', 'msl', 'sdor', 'skt', 'slor', 'sp', 'tcw', 'z', 'cp', 'tp', 'cos_latitude', 'cos_longitude', 'sin_latitude', 'sin_longitude', 'cos_julian_day', 'cos_local_time', 'sin_julian_day', 'sin_local_time', 'insolation']
[2025-10-01 12:59:15,141][anemoi.training.train.train][INFO] - Total number of prognostic variables: 88
[2025-10-01 12:59:15,141][anemoi.training.train.train][INFO] - Total number of auxiliary variables: 13
[2025-10-01 12:59:15,141][anemoi.training.train.train][INFO] - Total GPU count / model group size: 1 - NB: the learning rate will be scaled by this factor!
[2025-10-01 12:59:15,142][anemoi.training.train.train][INFO] - Effective learning rate: 6.250e-05
[2025-10-01 12:59:15,142][anemoi.training.train.train][INFO] - Training limits: max_epochs=100, max_steps=150000. Training will stop when either limit is reached first. Learning rate scheduler will run for 150000 steps.
[2025-10-01 12:59:27,754][anemoi.training.diagnostics.callbacks.plot][INFO] - Setting up asynchronous plotting ...
[2025-10-01 12:59:27,756][anemoi.training.diagnostics.callbacks.plot][INFO] - Setting up asynchronous plotting ...
[2025-10-01 12:59:27,779][anemoi.training.diagnostics.callbacks.plot][INFO] - Setting up asynchronous plotting ...
[2025-10-01 12:59:27,780][anemoi.training.diagnostics.callbacks.plot][INFO] - Using defined accumulation colormap for fields: ['tp', 'cp']
[2025-10-01 12:59:27,781][anemoi.training.diagnostics.callbacks.plot][INFO] - Setting up asynchronous plotting ...
[2025-10-01 12:59:27,783][anemoi.training.diagnostics.callbacks.plot][INFO] - Setting up asynchronous plotting ...
[2025-10-01 12:59:27,783][anemoi.training.diagnostics.callbacks.plot][INFO] - Using precip histogram plotting method for fields: ['tp', 'cp'].
[2025-10-01 12:59:27,809][anemoi.models.migrations.migrator][INFO] - Loading migration 1755530253_initial
[2025-10-01 12:59:27,921][anemoi.training.train.train][INFO] - MLFlow logger enabled
[2025-10-01 12:59:27,924][pytorch_lightning.utilities.rank_zero][INFO] - Using 16bit Automatic Mixed Precision (AMP)
[2025-10-01 12:59:27,939][pytorch_lightning.utilities.rank_zero][INFO] - GPU available: True (cuda), used: True
[2025-10-01 12:59:27,939][pytorch_lightning.utilities.rank_zero][INFO] - TPU available: False, using: 0 TPU cores
[2025-10-01 12:59:27,939][pytorch_lightning.utilities.rank_zero][INFO] - HPU available: False, using: 0 HPUs
[2025-10-01 12:59:28,011][lightning_fabric.utilities.seed][INFO] - [rank: 0] Seed set to 34985135
[2025-10-01 12:59:28,022][anemoi.training.train.train][INFO] - Initial seed: Rank 0, initial seed 34985135, running with random seed: 34985135
[2025-10-01 12:59:28,191][anemoi.utils.provenance][ERROR] - Error checking git repo /lus/h2resw01/hpcperm/naco/aifs/correctness/anemoi-core/training/src/hydra_plugins/anemoi_searchpath/__init__.py: SHA is empty, possible dubious ownership in the repository at /lus/h2resw01/hpcperm/naco/aifs/correctness/anemoi-core.
            If this is unintended run:

                      "git config --global --add safe.directory /lus/h2resw01/hpcperm/naco/aifs/correctness/anemoi-core" 
[2025-10-01 12:59:28,209][anemoi.utils.provenance][ERROR] - Error checking git repo /lus/h2resw01/hpcperm/naco/aifs/correctness/anemoi-core/models/src/anemoi/models/__init__.py: SHA is empty, possible dubious ownership in the repository at /lus/h2resw01/hpcperm/naco/aifs/correctness/anemoi-core.
            If this is unintended run:

                      "git config --global --add safe.directory /lus/h2resw01/hpcperm/naco/aifs/correctness/anemoi-core" 
[2025-10-01 12:59:28,247][anemoi.utils.provenance][ERROR] - Error checking git repo /lus/h2resw01/hpcperm/naco/aifs/correctness/anemoi-core/training/src/anemoi/training/__init__.py: SHA is empty, possible dubious ownership in the repository at /lus/h2resw01/hpcperm/naco/aifs/correctness/anemoi-core.
            If this is unintended run:

                      "git config --global --add safe.directory /lus/h2resw01/hpcperm/naco/aifs/correctness/anemoi-core" 
[2025-10-01 12:59:34,849][anemoi.models.preprocessing.normalizer][INFO] - Normalizing: lsm is not normalized.
[2025-10-01 12:59:34,850][anemoi.models.preprocessing.normalizer][INFO] - Normalizing: cos_latitude is not normalized.
[2025-10-01 12:59:34,850][anemoi.models.preprocessing.normalizer][INFO] - Normalizing: cos_longitude is not normalized.
[2025-10-01 12:59:34,850][anemoi.models.preprocessing.normalizer][INFO] - Normalizing: sin_latitude is not normalized.
[2025-10-01 12:59:34,850][anemoi.models.preprocessing.normalizer][INFO] - Normalizing: sin_longitude is not normalized.
[2025-10-01 12:59:34,850][anemoi.models.preprocessing.normalizer][INFO] - Normalizing: cos_julian_day is not normalized.
[2025-10-01 12:59:34,850][anemoi.models.preprocessing.normalizer][INFO] - Normalizing: cos_local_time is not normalized.
[2025-10-01 12:59:34,850][anemoi.models.preprocessing.normalizer][INFO] - Normalizing: sin_julian_day is not normalized.
[2025-10-01 12:59:34,850][anemoi.models.preprocessing.normalizer][INFO] - Normalizing: sin_local_time is not normalized.
[2025-10-01 12:59:34,850][anemoi.models.preprocessing.normalizer][INFO] - Normalizing: insolation is not normalized.
[2025-10-01 12:59:35,150][anemoi.models.layers.utils][INFO] - Linear kernel: torch.nn.Linear.
[2025-10-01 12:59:35,150][anemoi.models.layers.utils][INFO] - LayerNorm kernel: torch.nn.LayerNorm.
[2025-10-01 12:59:35,151][anemoi.models.layers.utils][INFO] - Activation kernel: torch.nn.GELU.
[2025-10-01 12:59:35,166][anemoi.models.layers.utils][INFO] - QueryNorm kernel: anemoi.models.layers.normalization.AutocastLayerNorm.
[2025-10-01 12:59:35,167][anemoi.models.layers.utils][INFO] - KeyNorm kernel: anemoi.models.layers.normalization.AutocastLayerNorm.
[2025-10-01 12:59:35,266][anemoi.models.layers.utils][INFO] - Linear kernel: torch.nn.Linear.
[2025-10-01 12:59:35,267][anemoi.models.layers.utils][INFO] - LayerNorm kernel: torch.nn.LayerNorm.
[2025-10-01 12:59:35,268][anemoi.models.layers.utils][INFO] - Activation kernel: torch.nn.GELU.
[2025-10-01 12:59:35,268][anemoi.models.layers.utils][INFO] - QueryNorm kernel: anemoi.models.layers.normalization.AutocastLayerNorm.
[2025-10-01 12:59:35,269][anemoi.models.layers.utils][INFO] - KeyNorm kernel: anemoi.models.layers.normalization.AutocastLayerNorm.
