[2025-10-02 10:14:38,742][anemoi.training.train.train][INFO] - Skipping config validation.
[2025-10-02 10:14:38,743][anemoi.training.train.train][INFO] - Starting from checkpoint: False
[2025-10-02 10:14:40,081][anemoi.training.diagnostics.logger][INFO] - Maximum number of params allowed to be logged is: 2000
[2025-10-02 10:14:40,083][anemoi.training.diagnostics.mlflow.logger][INFO] - MLflow is logging offline.
[2025-10-02 10:14:40,279][anemoi.training.diagnostics.mlflow.logger][INFO] - Logging 1 parameters
[2025-10-02 10:14:40,286][anemoi.training.diagnostics.mlflow.logger][INFO] - Terminal Log Path: /scratch/momc/plots/fa5334617a0f4eb9a920c703f8508849/plots/terminal_log.txt
[2025-10-02 10:14:40,286][anemoi.training.diagnostics.mlflow.logger][INFO] - SLURM job id: 35217259
[2025-10-02 10:14:40,287][anemoi.training.train.train][INFO] - Mlflow Run id: fa5334617a0f4eb9a920c703f8508849
[2025-10-02 10:14:40,287][anemoi.training.train.train][INFO] - Run id: fa5334617a0f4eb9a920c703f8508849
[2025-10-02 10:14:40,287][anemoi.training.train.train][INFO] - Parent run server2server: None
[2025-10-02 10:14:40,287][anemoi.training.train.train][INFO] - Fork run server2server: None
[2025-10-02 10:14:40,287][anemoi.training.train.train][INFO] - Checkpoints path: /scratch/momc/checkpoint/fa5334617a0f4eb9a920c703f8508849
[2025-10-02 10:14:40,287][anemoi.training.train.train][INFO] - Plots path: /scratch/momc/plots/fa5334617a0f4eb9a920c703f8508849
[2025-10-02 10:14:40,287][anemoi.training.train.train][INFO] - Dry run: False
[2025-10-02 10:14:40,854][anemoi.graphs.nodes.builders.from_file][INFO] - Reading the dataset from /home/mlx/ai-ml/datasets//aifs-ea-an-oper-0001-mars-o48-1979-2022-6h-v6.zarr.
[2025-10-02 10:14:41,451][anemoi.graphs.edges.builders.cutoff][INFO] - Using CutOff-Edges (with radius = 208.3 km) between data and hidden.
[2025-10-02 10:14:41,461][anemoi.graphs.edges.builders.base][WARNING] - The 'torch-cluster' library is not installed. Installing 'torch-cluster' can significantly improve performance for graph creation. You can install it using 'pip install torch-cluster'.
[2025-10-02 10:14:41,897][anemoi.graphs.edges.builders.knn][INFO] - Using KNN-Edges (with 3 nearest neighbours) between hidden and data.
[2025-10-02 10:14:41,898][anemoi.graphs.edges.builders.base][WARNING] - The 'torch-cluster' library is not installed. Installing 'torch-cluster' can significantly improve performance for graph creation. You can install it using 'pip install torch-cluster'.
[2025-10-02 10:14:41,928][anemoi.graphs.create][INFO] - Cleaning graph.
[2025-10-02 10:14:41,928][anemoi.graphs.create][INFO] - _grid_reference_distance deleted from graph.
[2025-10-02 10:14:41,928][anemoi.graphs.create][INFO] - _dataset deleted from graph.
[2025-10-02 10:14:41,928][anemoi.graphs.create][INFO] - _grid_reference_distance deleted from graph.
[2025-10-02 10:14:41,936][anemoi.graphs.create][INFO] - Graph saved at /scratch/momc/graphs/graph_o32.pt.
[2025-10-02 10:14:42,408][anemoi.training.data.datamodule.singledatamodule][WARNING] - Falling back rollout to: 1
[2025-10-02 10:14:42,408][anemoi.training.data.datamodule.singledatamodule][INFO] - Timeincrement set to 1 for data with frequency, 21600, and timestep, 21600
[2025-10-02 10:14:42,410][anemoi.training.train.train][INFO] - Number of data variables: 25
[2025-10-02 10:14:42,410][anemoi.training.train.train][INFO] - Variables: ['z_1000', 'z_500', 'z_700', 'z_300', '2t', 't_850', 'tcw', 'z_250', 'lsm', 'z', 'cp', 'tp', 'cos_latitude', 'cos_longitude', 'sin_latitude', 'sin_longitude', 'cos_julian_day', 'cos_local_time', 'sin_julian_day', 'sin_local_time', 'insolation', 'lsm', 'sdor', 'slor', 'z']
[2025-10-02 10:14:42,410][anemoi.training.train.train][INFO] - Total number of prognostic variables: 12
[2025-10-02 10:14:42,410][anemoi.training.train.train][INFO] - Total number of auxiliary variables: 13
[2025-10-02 10:14:42,410][anemoi.training.train.train][INFO] - Total GPU count / model group size: 1 - NB: the learning rate will be scaled by this factor!
[2025-10-02 10:14:42,410][anemoi.training.train.train][INFO] - Effective learning rate: 1.000e-04
[2025-10-02 10:14:43,476][anemoi.training.diagnostics.callbacks.plot][INFO] - Setting up asynchronous plotting ...
[2025-10-02 10:14:43,482][anemoi.training.diagnostics.callbacks.plot][INFO] - Setting up asynchronous plotting ...
[2025-10-02 10:14:43,482][anemoi.training.diagnostics.callbacks.plot][INFO] - Using defined accumulation colormap for fields: ['tp', 'cp']
[2025-10-02 10:14:43,486][anemoi.models.migrations.migrator][INFO] - Loading migration 1755530253_initial
[2025-10-02 10:14:43,523][anemoi.training.train.train][INFO] - MLFlow logger enabled
[2025-10-02 10:14:43,527][pytorch_lightning.utilities.rank_zero][INFO] - Using 16bit Automatic Mixed Precision (AMP)
[2025-10-02 10:14:43,543][pytorch_lightning.utilities.rank_zero][INFO] - GPU available: True (cuda), used: True
[2025-10-02 10:14:43,543][pytorch_lightning.utilities.rank_zero][INFO] - TPU available: False, using: 0 TPU cores
[2025-10-02 10:14:43,543][pytorch_lightning.utilities.rank_zero][INFO] - HPU available: False, using: 0 HPUs
[2025-10-02 10:14:43,580][lightning_fabric.utilities.seed][INFO] - [rank: 0] Seed set to 35217259
[2025-10-02 10:14:43,584][anemoi.training.train.train][INFO] - Initial seed: Rank 0, initial seed 35217259, running with random seed: 35217259
[2025-10-02 10:14:50,059][anemoi.models.preprocessing.normalizer][INFO] - Normalizing: cos_latitude is not normalized.
[2025-10-02 10:14:50,059][anemoi.models.preprocessing.normalizer][INFO] - Normalizing: cos_longitude is not normalized.
[2025-10-02 10:14:50,059][anemoi.models.preprocessing.normalizer][INFO] - Normalizing: sin_latitude is not normalized.
[2025-10-02 10:14:50,059][anemoi.models.preprocessing.normalizer][INFO] - Normalizing: sin_longitude is not normalized.
[2025-10-02 10:14:50,059][anemoi.models.preprocessing.normalizer][INFO] - Normalizing: cos_julian_day is not normalized.
[2025-10-02 10:14:50,059][anemoi.models.preprocessing.normalizer][INFO] - Normalizing: cos_local_time is not normalized.
[2025-10-02 10:14:50,059][anemoi.models.preprocessing.normalizer][INFO] - Normalizing: sin_julian_day is not normalized.
[2025-10-02 10:14:50,059][anemoi.models.preprocessing.normalizer][INFO] - Normalizing: sin_local_time is not normalized.
[2025-10-02 10:14:50,059][anemoi.models.preprocessing.normalizer][INFO] - Normalizing: insolation is not normalized.
[2025-10-02 10:14:50,060][anemoi.models.preprocessing.normalizer][INFO] - Normalizing: lsm is not normalized.
[2025-10-02 10:14:50,114][anemoi.models.layers.utils][INFO] - Linear kernel: torch.nn.Linear.
[2025-10-02 10:14:50,115][anemoi.models.layers.utils][INFO] - LayerNorm kernel: torch.nn.LayerNorm.
[2025-10-02 10:14:50,115][anemoi.models.layers.utils][INFO] - Activation kernel: torch.nn.GELU.
[2025-10-02 10:14:50,117][anemoi.models.layers.utils][INFO] - QueryNorm kernel: anemoi.models.layers.normalization.AutocastLayerNorm.
[2025-10-02 10:14:50,118][anemoi.models.layers.utils][INFO] - KeyNorm kernel: anemoi.models.layers.normalization.AutocastLayerNorm.
[2025-10-02 10:14:50,158][anemoi.models.layers.utils][INFO] - Linear kernel: torch.nn.Linear.
[2025-10-02 10:14:50,158][anemoi.models.layers.utils][INFO] - LayerNorm kernel: torch.nn.LayerNorm.
[2025-10-02 10:14:50,159][anemoi.models.layers.utils][INFO] - Activation kernel: torch.nn.GELU.
[2025-10-02 10:14:50,160][anemoi.models.layers.utils][INFO] - QueryNorm kernel: anemoi.models.layers.normalization.AutocastLayerNorm.
[2025-10-02 10:14:50,160][anemoi.models.layers.utils][INFO] - KeyNorm kernel: anemoi.models.layers.normalization.AutocastLayerNorm.
[2025-10-02 10:14:50,190][anemoi.models.layers.attention][INFO] - Using flash attention v2
[2025-10-02 10:14:50,195][anemoi.models.layers.attention][INFO] - Using flash attention v2
[2025-10-02 10:14:50,199][anemoi.models.layers.attention][INFO] - Using flash attention v2
[2025-10-02 10:14:50,203][anemoi.models.layers.attention][INFO] - Using flash attention v2
[2025-10-02 10:14:50,208][anemoi.models.layers.attention][INFO] - Using flash attention v2
[2025-10-02 10:14:50,212][anemoi.models.layers.attention][INFO] - Using flash attention v2
[2025-10-02 10:14:50,217][anemoi.models.layers.attention][INFO] - Using flash attention v2
[2025-10-02 10:14:50,221][anemoi.models.layers.attention][INFO] - Using flash attention v2
[2025-10-02 10:14:50,225][anemoi.models.layers.attention][INFO] - Using flash attention v2
[2025-10-02 10:14:50,230][anemoi.models.layers.attention][INFO] - Using flash attention v2
[2025-10-02 10:14:50,234][anemoi.models.layers.attention][INFO] - Using flash attention v2
[2025-10-02 10:14:50,238][anemoi.models.layers.attention][INFO] - Using flash attention v2
[2025-10-02 10:14:50,243][anemoi.models.layers.attention][INFO] - Using flash attention v2
[2025-10-02 10:14:50,247][anemoi.models.layers.attention][INFO] - Using flash attention v2
[2025-10-02 10:14:50,251][anemoi.models.layers.attention][INFO] - Using flash attention v2
[2025-10-02 10:14:50,256][anemoi.models.layers.attention][INFO] - Using flash attention v2
[2025-10-02 10:14:50,265][anemoi.models.layers.utils][INFO] - Linear kernel: torch.nn.Linear.
[2025-10-02 10:14:50,266][anemoi.models.layers.utils][INFO] - LayerNorm kernel: torch.nn.LayerNorm.
[2025-10-02 10:14:50,267][anemoi.models.layers.utils][INFO] - Activation kernel: torch.nn.GELU.
[2025-10-02 10:14:50,267][anemoi.models.layers.utils][INFO] - QueryNorm kernel: anemoi.models.layers.normalization.AutocastLayerNorm.
[2025-10-02 10:14:50,268][anemoi.models.layers.utils][INFO] - KeyNorm kernel: anemoi.models.layers.normalization.AutocastLayerNorm.
[2025-10-02 10:14:50,344][anemoi.training.losses.scalers.variable_level][INFO] - Variable Level Scaling: Applying ReluVariableLevelScaler scaling to pl variables ({'param': ['t', 'z']})
[2025-10-02 10:14:50,344][anemoi.training.losses.scalers.variable_level][INFO] - with slope = 0.001 and y-intercept/minimum = 0.2.
[2025-10-02 10:14:50,407][anemoi.training.train.train][INFO] - The following submodules will NOT be trained: []
[2025-10-02 10:14:52,309][anemoi.training.utils.compile][INFO] - The following modules will be compiled: ['anemoi.models.layers.conv.GraphTransformerConv']
[2025-10-02 10:14:52,320][lightning_fabric.utilities.distributed][INFO] - Initializing distributed: GLOBAL_RANK: 0, MEMBER: 1/1
[2025-10-02 10:14:52,510][pytorch_lightning.utilities.rank_zero][INFO] - ----------------------------------------------------------------------------------------------------
distributed_backend=nccl
All distributed processes registered. Starting with 1 processes
----------------------------------------------------------------------------------------------------

[2025-10-02 10:14:52,518][pytorch_lightning.accelerators.cuda][INFO] - LOCAL_RANK: 0 - CUDA_VISIBLE_DEVICES: [0]
[2025-10-02 10:14:52,651][lightning_fabric.utilities.seed][INFO] - [rank: 0] Seed set to 35217259
[2025-10-02 10:14:52,658][pytorch_lightning.callbacks.model_summary][INFO] - 
  | Name    | Type                 | Params | Mode 
---------------------------------------------------------
0 | model   | AnemoiModelInterface | 14.9 M | train
1 | loss    | MSELoss              | 0      | train
2 | metrics | ModuleDict           | 0      | train
---------------------------------------------------------
14.9 M    Trainable params
0         Non-trainable params
14.9 M    Total params
59.597    Total estimated model params size (MB)
286       Modules in train mode
0         Modules in eval mode
[2025-10-02 10:14:53,281][anemoi.training.diagnostics.mlflow.logger][INFO] - Logging 493 parameters
[2025-10-02 10:14:55,935][anemoi.training.data.datamodule.singledatamodule][WARNING] - Falling back rollout to: 1
[2025-10-02 10:14:55,968][anemoi.training.data.dataset.singledataset][INFO] - Worker 0 (pid 2796313, global_rank 0, model comm group 0)  has low/high range 0 / 182
[2025-10-02 10:14:55,971][anemoi.training.data.dataset.singledataset][INFO] - Worker 0 (validation, pid 2796313, glob. rank 0, model comm group 0, group_rank 0, seed group id 0, base_seed 35217259, sanity rnd 0.168912)
[2025-10-02 10:14:55,994][anemoi.training.data.dataset.singledataset][INFO] - Worker 1 (pid 2796314, global_rank 0, model comm group 0)  has low/high range 182 / 364
[2025-10-02 10:14:55,996][anemoi.training.data.dataset.singledataset][INFO] - Worker 1 (validation, pid 2796314, glob. rank 0, model comm group 0, group_rank 0, seed group id 0, base_seed 35217259, sanity rnd 0.168912)
[2025-10-02 10:14:56,022][anemoi.training.data.dataset.singledataset][INFO] - Worker 2 (pid 2796315, global_rank 0, model comm group 0)  has low/high range 364 / 546
[2025-10-02 10:14:56,024][anemoi.training.data.dataset.singledataset][INFO] - Worker 2 (validation, pid 2796315, glob. rank 0, model comm group 0, group_rank 0, seed group id 0, base_seed 35217259, sanity rnd 0.168912)
[2025-10-02 10:14:56,047][anemoi.training.data.dataset.singledataset][INFO] - Worker 3 (pid 2796316, global_rank 0, model comm group 0)  has low/high range 546 / 728
[2025-10-02 10:14:56,049][anemoi.training.data.dataset.singledataset][INFO] - Worker 3 (validation, pid 2796316, glob. rank 0, model comm group 0, group_rank 0, seed group id 0, base_seed 35217259, sanity rnd 0.168912)
[2025-10-02 10:14:56,072][anemoi.training.data.dataset.singledataset][INFO] - Worker 4 (pid 2796317, global_rank 0, model comm group 0)  has low/high range 728 / 910
[2025-10-02 10:14:56,089][anemoi.training.data.dataset.singledataset][INFO] - Worker 4 (validation, pid 2796317, glob. rank 0, model comm group 0, group_rank 0, seed group id 0, base_seed 35217259, sanity rnd 0.168912)
[2025-10-02 10:14:56,098][anemoi.training.data.dataset.singledataset][INFO] - Worker 5 (pid 2796318, global_rank 0, model comm group 0)  has low/high range 910 / 1092
[2025-10-02 10:14:56,101][anemoi.training.data.dataset.singledataset][INFO] - Worker 5 (validation, pid 2796318, glob. rank 0, model comm group 0, group_rank 0, seed group id 0, base_seed 35217259, sanity rnd 0.168912)
[2025-10-02 10:14:56,124][anemoi.training.data.dataset.singledataset][INFO] - Worker 6 (pid 2796320, global_rank 0, model comm group 0)  has low/high range 1092 / 1274
[2025-10-02 10:14:56,127][anemoi.training.data.dataset.singledataset][INFO] - Worker 6 (validation, pid 2796320, glob. rank 0, model comm group 0, group_rank 0, seed group id 0, base_seed 35217259, sanity rnd 0.168912)
[2025-10-02 10:14:56,153][anemoi.models.data_indices.collection][INFO] - The order of the variables in the model matches the order in the data.
[2025-10-02 10:14:56,154][anemoi.training.data.dataset.singledataset][INFO] - Worker 7 (pid 2796321, global_rank 0, model comm group 0)  has low/high range 1274 / 1456
[2025-10-02 10:14:56,159][anemoi.training.data.dataset.singledataset][INFO] - Worker 7 (validation, pid 2796321, glob. rank 0, model comm group 0, group_rank 0, seed group id 0, base_seed 35217259, sanity rnd 0.168912)
[2025-10-02 10:14:58,573][anemoi.training.data.dataset.singledataset][INFO] - Worker 0 (pid 2796356, global_rank 0, model comm group 0)  has low/high range 0 / 7670
[2025-10-02 10:14:58,577][anemoi.training.data.dataset.singledataset][INFO] - Worker 0 (train, pid 2796356, glob. rank 0, model comm group 0, group_rank 0, seed group id 0, base_seed 35217259, sanity rnd 0.168912)
[2025-10-02 10:14:58,593][anemoi.training.data.dataset.singledataset][INFO] - Worker 1 (pid 2796357, global_rank 0, model comm group 0)  has low/high range 7670 / 15340
[2025-10-02 10:14:58,596][anemoi.training.data.dataset.singledataset][INFO] - Worker 1 (train, pid 2796357, glob. rank 0, model comm group 0, group_rank 0, seed group id 0, base_seed 35217259, sanity rnd 0.168912)
[2025-10-02 10:14:58,628][anemoi.training.data.dataset.singledataset][INFO] - Worker 2 (pid 2796358, global_rank 0, model comm group 0)  has low/high range 15340 / 23010
[2025-10-02 10:14:58,647][anemoi.training.data.dataset.singledataset][INFO] - Worker 2 (train, pid 2796358, glob. rank 0, model comm group 0, group_rank 0, seed group id 0, base_seed 35217259, sanity rnd 0.168912)
[2025-10-02 10:14:58,668][anemoi.training.data.dataset.singledataset][INFO] - Worker 3 (pid 2796359, global_rank 0, model comm group 0)  has low/high range 23010 / 30680
[2025-10-02 10:14:58,691][anemoi.training.data.dataset.singledataset][INFO] - Worker 3 (train, pid 2796359, glob. rank 0, model comm group 0, group_rank 0, seed group id 0, base_seed 35217259, sanity rnd 0.168912)
[2025-10-02 10:14:58,700][anemoi.training.data.dataset.singledataset][INFO] - Worker 4 (pid 2796360, global_rank 0, model comm group 0)  has low/high range 30680 / 38350
[2025-10-02 10:14:58,703][anemoi.training.data.dataset.singledataset][INFO] - Worker 4 (train, pid 2796360, glob. rank 0, model comm group 0, group_rank 0, seed group id 0, base_seed 35217259, sanity rnd 0.168912)
[2025-10-02 10:14:58,741][anemoi.training.data.dataset.singledataset][INFO] - Worker 5 (pid 2796361, global_rank 0, model comm group 0)  has low/high range 38350 / 46020
[2025-10-02 10:14:58,744][anemoi.training.data.dataset.singledataset][INFO] - Worker 5 (train, pid 2796361, glob. rank 0, model comm group 0, group_rank 0, seed group id 0, base_seed 35217259, sanity rnd 0.168912)
[2025-10-02 10:14:58,774][anemoi.training.data.dataset.singledataset][INFO] - Worker 6 (pid 2796362, global_rank 0, model comm group 0)  has low/high range 46020 / 53690
[2025-10-02 10:14:58,777][anemoi.training.data.dataset.singledataset][INFO] - Worker 6 (train, pid 2796362, glob. rank 0, model comm group 0, group_rank 0, seed group id 0, base_seed 35217259, sanity rnd 0.168912)
[2025-10-02 10:14:58,809][anemoi.training.data.dataset.singledataset][INFO] - Worker 7 (pid 2796363, global_rank 0, model comm group 0)  has low/high range 53690 / 61360
[2025-10-02 10:14:58,811][anemoi.training.data.dataset.singledataset][INFO] - Worker 7 (train, pid 2796363, glob. rank 0, model comm group 0, group_rank 0, seed group id 0, base_seed 35217259, sanity rnd 0.168912)
[2025-10-02 10:14:59,390][anemoi.models.data_indices.collection][INFO] - The order of the variables in the model matches the order in the data.
