[2025-10-01 13:12:32,760][anemoi.training.train.train][INFO] - Skipping config validation.
[2025-10-01 13:12:32,762][anemoi.training.train.train][INFO] - Starting from checkpoint: False
[2025-10-01 13:12:32,762][anemoi.training.train.train][INFO] - Run id: None
[2025-10-01 13:12:33,980][anemoi.training.diagnostics.logger][INFO] - Maximum number of params allowed to be logged is: 2000
[2025-10-01 13:12:34,239][anemoi.training.train.train][INFO] - Parent run server2server: None
[2025-10-01 13:12:34,239][anemoi.training.train.train][INFO] - Fork run server2server: None
[2025-10-01 13:12:34,239][anemoi.training.train.train][INFO] - Checkpoints path: /scratch/naco/checkpoint
[2025-10-01 13:12:34,240][anemoi.training.train.train][INFO] - Plots path: /scratch/naco/plots
[2025-10-01 13:12:34,827][anemoi.graphs.nodes.builders.from_file][INFO] - Reading the dataset from /home/mlx/ai-ml/datasets//aifs-ea-an-oper-0001-mars-o48-1979-2022-6h-v6.zarr.
[2025-10-01 13:12:35,298][anemoi.graphs.edges.builders.cutoff][INFO] - Using CutOff-Edges (with radius = 208.3 km) between data and hidden.
[2025-10-01 13:12:35,309][anemoi.graphs.edges.builders.base][WARNING] - The 'torch-cluster' library is not installed. Installing 'torch-cluster' can significantly improve performance for graph creation. You can install it using 'pip install torch-cluster'.
[2025-10-01 13:12:35,546][anemoi.graphs.edges.builders.knn][INFO] - Using KNN-Edges (with 3 nearest neighbours) between hidden and data.
[2025-10-01 13:12:35,547][anemoi.graphs.edges.builders.base][WARNING] - The 'torch-cluster' library is not installed. Installing 'torch-cluster' can significantly improve performance for graph creation. You can install it using 'pip install torch-cluster'.
[2025-10-01 13:12:35,567][anemoi.graphs.create][INFO] - Cleaning graph.
[2025-10-01 13:12:35,567][anemoi.graphs.create][INFO] - _grid_reference_distance deleted from graph.
[2025-10-01 13:12:35,568][anemoi.graphs.create][INFO] - _dataset deleted from graph.
[2025-10-01 13:12:35,568][anemoi.graphs.create][INFO] - _grid_reference_distance deleted from graph.
[2025-10-01 13:12:35,574][anemoi.graphs.create][INFO] - Graph saved at /scratch/naco/graphs/graph_o32.pt.
[2025-10-01 13:12:36,052][anemoi.training.data.datamodule.singledatamodule][WARNING] - Falling back rollout to: 1
[2025-10-01 13:12:36,053][anemoi.training.data.datamodule.singledatamodule][INFO] - Timeincrement set to 1 for data with frequency, 21600, and timestep, 21600
[2025-10-01 13:12:36,056][anemoi.training.train.train][INFO] - Number of data variables: 101
[2025-10-01 13:12:36,056][anemoi.training.train.train][INFO] - Variables: ['q_50', 'q_100', 'q_150', 'q_200', 'q_250', 'q_300', 'q_400', 'q_500', 'q_600', 'q_700', 'q_850', 'q_925', 'q_1000', 't_50', 't_100', 't_150', 't_200', 't_250', 't_300', 't_400', 't_500', 't_600', 't_700', 't_850', 't_925', 't_1000', 'u_50', 'u_100', 'u_150', 'u_200', 'u_250', 'u_300', 'u_400', 'u_500', 'u_600', 'u_700', 'u_850', 'u_925', 'u_1000', 'v_50', 'v_100', 'v_150', 'v_200', 'v_250', 'v_300', 'v_400', 'v_500', 'v_600', 'v_700', 'v_850', 'v_925', 'v_1000', 'w_50', 'w_100', 'w_150', 'w_200', 'w_250', 'w_300', 'w_400', 'w_500', 'w_600', 'w_700', 'w_850', 'w_925', 'w_1000', 'z_50', 'z_100', 'z_150', 'z_200', 'z_250', 'z_300', 'z_400', 'z_500', 'z_600', 'z_700', 'z_850', 'z_925', 'z_1000', '10u', '10v', '2d', '2t', 'lsm', 'msl', 'sdor', 'skt', 'slor', 'sp', 'tcw', 'z', 'cp', 'tp', 'cos_latitude', 'cos_longitude', 'sin_latitude', 'sin_longitude', 'cos_julian_day', 'cos_local_time', 'sin_julian_day', 'sin_local_time', 'insolation']
[2025-10-01 13:12:36,056][anemoi.training.train.train][INFO] - Total number of prognostic variables: 88
[2025-10-01 13:12:36,056][anemoi.training.train.train][INFO] - Total number of auxiliary variables: 13
[2025-10-01 13:12:36,056][anemoi.training.train.train][INFO] - Total GPU count / model group size: 4 - NB: the learning rate will be scaled by this factor!
[2025-10-01 13:12:36,056][anemoi.training.train.train][INFO] - Effective learning rate: 2.500e-04
[2025-10-01 13:12:36,056][anemoi.training.train.train][INFO] - Training limits: max_epochs=100, max_steps=150000. Training will stop when either limit is reached first. Learning rate scheduler will run for 150000 steps.
[2025-10-01 13:12:37,330][anemoi.training.diagnostics.callbacks.plot][INFO] - Setting up asynchronous plotting ...
[2025-10-01 13:12:37,332][anemoi.training.diagnostics.callbacks.plot][INFO] - Setting up asynchronous plotting ...
[2025-10-01 13:12:37,339][anemoi.training.diagnostics.callbacks.plot][INFO] - Setting up asynchronous plotting ...
[2025-10-01 13:12:37,339][anemoi.training.diagnostics.callbacks.plot][INFO] - Using defined accumulation colormap for fields: ['tp', 'cp']
[2025-10-01 13:12:37,341][anemoi.training.diagnostics.callbacks.plot][INFO] - Setting up asynchronous plotting ...
[2025-10-01 13:12:37,343][anemoi.training.diagnostics.callbacks.plot][INFO] - Setting up asynchronous plotting ...
[2025-10-01 13:12:37,343][anemoi.training.diagnostics.callbacks.plot][INFO] - Using precip histogram plotting method for fields: ['tp', 'cp'].
[2025-10-01 13:12:37,346][anemoi.models.migrations.migrator][INFO] - Loading migration 1755530253_initial
[2025-10-01 13:12:37,383][anemoi.training.train.train][INFO] - MLFlow logger enabled
[2025-10-01 13:12:37,907][anemoi.training.train.train][INFO] - Initial seed: Rank 1, initial seed 34988413, running with random seed: 34988413
[2025-10-01 13:12:44,906][anemoi.models.preprocessing.normalizer][INFO] - Normalizing: lsm is not normalized.
[2025-10-01 13:12:44,906][anemoi.models.preprocessing.normalizer][INFO] - Normalizing: cos_latitude is not normalized.
[2025-10-01 13:12:44,906][anemoi.models.preprocessing.normalizer][INFO] - Normalizing: cos_longitude is not normalized.
[2025-10-01 13:12:44,906][anemoi.models.preprocessing.normalizer][INFO] - Normalizing: sin_latitude is not normalized.
[2025-10-01 13:12:44,906][anemoi.models.preprocessing.normalizer][INFO] - Normalizing: sin_longitude is not normalized.
[2025-10-01 13:12:44,906][anemoi.models.preprocessing.normalizer][INFO] - Normalizing: cos_julian_day is not normalized.
[2025-10-01 13:12:44,907][anemoi.models.preprocessing.normalizer][INFO] - Normalizing: cos_local_time is not normalized.
[2025-10-01 13:12:44,907][anemoi.models.preprocessing.normalizer][INFO] - Normalizing: sin_julian_day is not normalized.
[2025-10-01 13:12:44,907][anemoi.models.preprocessing.normalizer][INFO] - Normalizing: sin_local_time is not normalized.
[2025-10-01 13:12:44,907][anemoi.models.preprocessing.normalizer][INFO] - Normalizing: insolation is not normalized.
[2025-10-01 13:12:44,963][anemoi.models.layers.utils][INFO] - Linear kernel: torch.nn.Linear.
[2025-10-01 13:12:44,964][anemoi.models.layers.utils][INFO] - LayerNorm kernel: torch.nn.LayerNorm.
[2025-10-01 13:12:44,964][anemoi.models.layers.utils][INFO] - Activation kernel: torch.nn.GELU.
[2025-10-01 13:12:44,966][anemoi.models.layers.utils][INFO] - QueryNorm kernel: anemoi.models.layers.normalization.AutocastLayerNorm.
[2025-10-01 13:12:44,967][anemoi.models.layers.utils][INFO] - KeyNorm kernel: anemoi.models.layers.normalization.AutocastLayerNorm.
[2025-10-01 13:12:45,007][anemoi.models.layers.utils][INFO] - Linear kernel: torch.nn.Linear.
[2025-10-01 13:12:45,008][anemoi.models.layers.utils][INFO] - LayerNorm kernel: torch.nn.LayerNorm.
[2025-10-01 13:12:45,008][anemoi.models.layers.utils][INFO] - Activation kernel: torch.nn.GELU.
[2025-10-01 13:12:45,009][anemoi.models.layers.utils][INFO] - QueryNorm kernel: anemoi.models.layers.normalization.AutocastLayerNorm.
[2025-10-01 13:12:45,010][anemoi.models.layers.utils][INFO] - KeyNorm kernel: anemoi.models.layers.normalization.AutocastLayerNorm.
[2025-10-01 13:12:45,047][anemoi.models.layers.attention][INFO] - Using flash attention v2
[2025-10-01 13:12:45,053][anemoi.models.layers.attention][INFO] - Using flash attention v2
[2025-10-01 13:12:45,057][anemoi.models.layers.attention][INFO] - Using flash attention v2
[2025-10-01 13:12:45,062][anemoi.models.layers.attention][INFO] - Using flash attention v2
[2025-10-01 13:12:45,066][anemoi.models.layers.attention][INFO] - Using flash attention v2
[2025-10-01 13:12:45,071][anemoi.models.layers.attention][INFO] - Using flash attention v2
[2025-10-01 13:12:45,075][anemoi.models.layers.attention][INFO] - Using flash attention v2
[2025-10-01 13:12:45,080][anemoi.models.layers.attention][INFO] - Using flash attention v2
[2025-10-01 13:12:45,084][anemoi.models.layers.attention][INFO] - Using flash attention v2
[2025-10-01 13:12:45,089][anemoi.models.layers.attention][INFO] - Using flash attention v2
[2025-10-01 13:12:45,093][anemoi.models.layers.attention][INFO] - Using flash attention v2
[2025-10-01 13:12:45,097][anemoi.models.layers.attention][INFO] - Using flash attention v2
[2025-10-01 13:12:45,102][anemoi.models.layers.attention][INFO] - Using flash attention v2
[2025-10-01 13:12:45,106][anemoi.models.layers.attention][INFO] - Using flash attention v2
[2025-10-01 13:12:45,111][anemoi.models.layers.attention][INFO] - Using flash attention v2
[2025-10-01 13:12:45,115][anemoi.models.layers.attention][INFO] - Using flash attention v2
[2025-10-01 13:12:45,126][anemoi.models.layers.utils][INFO] - Linear kernel: torch.nn.Linear.
[2025-10-01 13:12:45,126][anemoi.models.layers.utils][INFO] - LayerNorm kernel: torch.nn.LayerNorm.
[2025-10-01 13:12:45,127][anemoi.models.layers.utils][INFO] - Activation kernel: torch.nn.GELU.
[2025-10-01 13:12:45,127][anemoi.models.layers.utils][INFO] - QueryNorm kernel: anemoi.models.layers.normalization.AutocastLayerNorm.
[2025-10-01 13:12:45,128][anemoi.models.layers.utils][INFO] - KeyNorm kernel: anemoi.models.layers.normalization.AutocastLayerNorm.
[2025-10-01 13:12:45,229][anemoi.training.losses.scalers.variable_level][INFO] - Variable Level Scaling: Applying ReluVariableLevelScaler scaling to pl variables ({'param': ['q', 't', 'u', 'v', 'w', 'z']})
[2025-10-01 13:12:45,229][anemoi.training.losses.scalers.variable_level][INFO] - with slope = 0.001 and y-intercept/minimum = 0.2.
[2025-10-01 13:12:45,298][anemoi.training.train.train][INFO] - The following submodules will NOT be trained: []
[2025-10-01 13:12:47,345][anemoi.training.utils.compile][INFO] - The following modules will be compiled: ['anemoi.models.layers.conv.GraphTransformerConv']
[2025-10-01 13:12:51,805][anemoi.training.data.datamodule.singledatamodule][WARNING] - Falling back rollout to: 1
[2025-10-01 13:12:51,937][anemoi.training.data.dataset.singledataset][INFO] - Worker 2 (pid 270394, global_rank 1, model comm group 1)  has low/high range 454 / 499
[2025-10-01 13:12:51,937][anemoi.training.data.dataset.singledataset][INFO] - Worker 0 (pid 270386, global_rank 1, model comm group 1)  has low/high range 364 / 409
[2025-10-01 13:12:51,937][anemoi.training.data.dataset.singledataset][INFO] - Worker 1 (pid 270390, global_rank 1, model comm group 1)  has low/high range 409 / 454
[2025-10-01 13:12:51,937][anemoi.training.data.dataset.singledataset][INFO] - Worker 3 (pid 270398, global_rank 1, model comm group 1)  has low/high range 499 / 544
[2025-10-01 13:12:51,961][anemoi.training.data.dataset.singledataset][INFO] - Worker 4 (pid 270402, global_rank 1, model comm group 1)  has low/high range 544 / 589
[2025-10-01 13:12:51,985][anemoi.training.data.dataset.singledataset][INFO] - Worker 2 (validation, pid 270394, glob. rank 1, model comm group 1, group_rank 0, seed group id 1, base_seed 34988413, sanity rnd 0.607794)
[2025-10-01 13:12:51,985][anemoi.training.data.dataset.singledataset][INFO] - Worker 1 (validation, pid 270390, glob. rank 1, model comm group 1, group_rank 0, seed group id 1, base_seed 34988413, sanity rnd 0.607794)
[2025-10-01 13:12:51,985][anemoi.training.data.dataset.singledataset][INFO] - Worker 4 (validation, pid 270402, glob. rank 1, model comm group 1, group_rank 0, seed group id 1, base_seed 34988413, sanity rnd 0.607794)
[2025-10-01 13:12:51,985][anemoi.training.data.dataset.singledataset][INFO] - Worker 0 (validation, pid 270386, glob. rank 1, model comm group 1, group_rank 0, seed group id 1, base_seed 34988413, sanity rnd 0.607794)
[2025-10-01 13:12:51,986][anemoi.training.data.dataset.singledataset][INFO] - Worker 3 (validation, pid 270398, glob. rank 1, model comm group 1, group_rank 0, seed group id 1, base_seed 34988413, sanity rnd 0.607794)
[2025-10-01 13:12:51,990][anemoi.training.data.dataset.singledataset][INFO] - Worker 5 (pid 270406, global_rank 1, model comm group 1)  has low/high range 589 / 634
[2025-10-01 13:12:51,993][anemoi.training.data.dataset.singledataset][INFO] - Worker 5 (validation, pid 270406, glob. rank 1, model comm group 1, group_rank 0, seed group id 1, base_seed 34988413, sanity rnd 0.607794)
[2025-10-01 13:12:52,019][anemoi.training.data.dataset.singledataset][INFO] - Worker 6 (pid 270410, global_rank 1, model comm group 1)  has low/high range 634 / 679
[2025-10-01 13:12:52,021][anemoi.training.data.dataset.singledataset][INFO] - Worker 6 (validation, pid 270410, glob. rank 1, model comm group 1, group_rank 0, seed group id 1, base_seed 34988413, sanity rnd 0.607794)
[2025-10-01 13:12:52,048][anemoi.training.data.dataset.singledataset][INFO] - Worker 7 (pid 270432, global_rank 1, model comm group 1)  has low/high range 679 / 724
[2025-10-01 13:12:52,050][anemoi.training.data.dataset.singledataset][INFO] - Worker 7 (validation, pid 270432, glob. rank 1, model comm group 1, group_rank 0, seed group id 1, base_seed 34988413, sanity rnd 0.607794)
[2025-10-01 13:12:52,050][anemoi.models.data_indices.collection][INFO] - The order of the variables in the model matches the order in the data.
[2025-10-01 13:13:07,236][anemoi.training.data.dataset.singledataset][INFO] - Worker 0 (pid 271266, global_rank 1, model comm group 1)  has low/high range 15340 / 17257
[2025-10-01 13:13:07,239][anemoi.training.data.dataset.singledataset][INFO] - Worker 0 (train, pid 271266, glob. rank 1, model comm group 1, group_rank 0, seed group id 1, base_seed 34988413, sanity rnd 0.607794)
[2025-10-01 13:13:07,258][anemoi.training.data.dataset.singledataset][INFO] - Worker 1 (pid 271270, global_rank 1, model comm group 1)  has low/high range 17257 / 19174
[2025-10-01 13:13:07,261][anemoi.training.data.dataset.singledataset][INFO] - Worker 1 (train, pid 271270, glob. rank 1, model comm group 1, group_rank 0, seed group id 1, base_seed 34988413, sanity rnd 0.607794)
[2025-10-01 13:13:07,292][anemoi.training.data.dataset.singledataset][INFO] - Worker 2 (pid 271274, global_rank 1, model comm group 1)  has low/high range 19174 / 21091
[2025-10-01 13:13:07,295][anemoi.training.data.dataset.singledataset][INFO] - Worker 2 (train, pid 271274, glob. rank 1, model comm group 1, group_rank 0, seed group id 1, base_seed 34988413, sanity rnd 0.607794)
[2025-10-01 13:13:07,327][anemoi.training.data.dataset.singledataset][INFO] - Worker 3 (pid 271278, global_rank 1, model comm group 1)  has low/high range 21091 / 23008
[2025-10-01 13:13:07,329][anemoi.training.data.dataset.singledataset][INFO] - Worker 3 (train, pid 271278, glob. rank 1, model comm group 1, group_rank 0, seed group id 1, base_seed 34988413, sanity rnd 0.607794)
[2025-10-01 13:13:07,361][anemoi.training.data.dataset.singledataset][INFO] - Worker 4 (pid 271281, global_rank 1, model comm group 1)  has low/high range 23008 / 24925
[2025-10-01 13:13:07,363][anemoi.training.data.dataset.singledataset][INFO] - Worker 4 (train, pid 271281, glob. rank 1, model comm group 1, group_rank 0, seed group id 1, base_seed 34988413, sanity rnd 0.607794)
[2025-10-01 13:13:07,394][anemoi.training.data.dataset.singledataset][INFO] - Worker 5 (pid 271285, global_rank 1, model comm group 1)  has low/high range 24925 / 26842
[2025-10-01 13:13:07,397][anemoi.training.data.dataset.singledataset][INFO] - Worker 5 (train, pid 271285, glob. rank 1, model comm group 1, group_rank 0, seed group id 1, base_seed 34988413, sanity rnd 0.607794)
[2025-10-01 13:13:07,428][anemoi.training.data.dataset.singledataset][INFO] - Worker 6 (pid 271289, global_rank 1, model comm group 1)  has low/high range 26842 / 28759
[2025-10-01 13:13:07,431][anemoi.training.data.dataset.singledataset][INFO] - Worker 6 (train, pid 271289, glob. rank 1, model comm group 1, group_rank 0, seed group id 1, base_seed 34988413, sanity rnd 0.607794)
[2025-10-01 13:13:07,462][anemoi.training.data.dataset.singledataset][INFO] - Worker 7 (pid 271302, global_rank 1, model comm group 1)  has low/high range 28759 / 30676
[2025-10-01 13:13:07,465][anemoi.training.data.dataset.singledataset][INFO] - Worker 7 (train, pid 271302, glob. rank 1, model comm group 1, group_rank 0, seed group id 1, base_seed 34988413, sanity rnd 0.607794)
[2025-10-01 13:13:07,945][anemoi.models.data_indices.collection][INFO] - The order of the variables in the model matches the order in the data.
